Archive member included to satisfy reference by file (symbol)

c:/st/stm32cubeide_1.12.0/stm32cubeide/plugins/com.st.stm32cube.ide.mcu.externaltools.gnu-tools-for-stm32.10.3-2021.10.win32_1.0.200.202301161003/tools/bin/../lib/gcc/arm-none-eabi/10.3.1/../../../../arm-none-eabi/lib/thumb/v7e-m+dp/hard\libc_nano.a(lib_a-calloc.o)
                              ./Core/Src/main.o (calloc)
c:/st/stm32cubeide_1.12.0/stm32cubeide/plugins/com.st.stm32cube.ide.mcu.externaltools.gnu-tools-for-stm32.10.3-2021.10.win32_1.0.200.202301161003/tools/bin/../lib/gcc/arm-none-eabi/10.3.1/../../../../arm-none-eabi/lib/thumb/v7e-m+dp/hard\libc_nano.a(lib_a-errno.o)
                              ./Core/Src/syscalls.o (__errno)
c:/st/stm32cubeide_1.12.0/stm32cubeide/plugins/com.st.stm32cube.ide.mcu.externaltools.gnu-tools-for-stm32.10.3-2021.10.win32_1.0.200.202301161003/tools/bin/../lib/gcc/arm-none-eabi/10.3.1/../../../../arm-none-eabi/lib/thumb/v7e-m+dp/hard\libc_nano.a(lib_a-exit.o)
                              c:/st/stm32cubeide_1.12.0/stm32cubeide/plugins/com.st.stm32cube.ide.mcu.externaltools.gnu-tools-for-stm32.10.3-2021.10.win32_1.0.200.202301161003/tools/bin/../lib/gcc/arm-none-eabi/10.3.1/../../../../arm-none-eabi/lib/thumb/v7e-m+dp/hard/crt0.o (exit)
c:/st/stm32cubeide_1.12.0/stm32cubeide/plugins/com.st.stm32cube.ide.mcu.externaltools.gnu-tools-for-stm32.10.3-2021.10.win32_1.0.200.202301161003/tools/bin/../lib/gcc/arm-none-eabi/10.3.1/../../../../arm-none-eabi/lib/thumb/v7e-m+dp/hard\libc_nano.a(lib_a-impure.o)
                              c:/st/stm32cubeide_1.12.0/stm32cubeide/plugins/com.st.stm32cube.ide.mcu.externaltools.gnu-tools-for-stm32.10.3-2021.10.win32_1.0.200.202301161003/tools/bin/../lib/gcc/arm-none-eabi/10.3.1/../../../../arm-none-eabi/lib/thumb/v7e-m+dp/hard\libc_nano.a(lib_a-exit.o) (_global_impure_ptr)
c:/st/stm32cubeide_1.12.0/stm32cubeide/plugins/com.st.stm32cube.ide.mcu.externaltools.gnu-tools-for-stm32.10.3-2021.10.win32_1.0.200.202301161003/tools/bin/../lib/gcc/arm-none-eabi/10.3.1/../../../../arm-none-eabi/lib/thumb/v7e-m+dp/hard\libc_nano.a(lib_a-init.o)
                              c:/st/stm32cubeide_1.12.0/stm32cubeide/plugins/com.st.stm32cube.ide.mcu.externaltools.gnu-tools-for-stm32.10.3-2021.10.win32_1.0.200.202301161003/tools/bin/../lib/gcc/arm-none-eabi/10.3.1/../../../../arm-none-eabi/lib/thumb/v7e-m+dp/hard/crt0.o (__libc_init_array)
c:/st/stm32cubeide_1.12.0/stm32cubeide/plugins/com.st.stm32cube.ide.mcu.externaltools.gnu-tools-for-stm32.10.3-2021.10.win32_1.0.200.202301161003/tools/bin/../lib/gcc/arm-none-eabi/10.3.1/../../../../arm-none-eabi/lib/thumb/v7e-m+dp/hard\libc_nano.a(lib_a-malloc.o)
                              ./Core/Src/main.o (free)
c:/st/stm32cubeide_1.12.0/stm32cubeide/plugins/com.st.stm32cube.ide.mcu.externaltools.gnu-tools-for-stm32.10.3-2021.10.win32_1.0.200.202301161003/tools/bin/../lib/gcc/arm-none-eabi/10.3.1/../../../../arm-none-eabi/lib/thumb/v7e-m+dp/hard\libc_nano.a(lib_a-memcpy-stub.o)
                              ./Core/Src/main.o (memcpy)
c:/st/stm32cubeide_1.12.0/stm32cubeide/plugins/com.st.stm32cube.ide.mcu.externaltools.gnu-tools-for-stm32.10.3-2021.10.win32_1.0.200.202301161003/tools/bin/../lib/gcc/arm-none-eabi/10.3.1/../../../../arm-none-eabi/lib/thumb/v7e-m+dp/hard\libc_nano.a(lib_a-memset.o)
                              c:/st/stm32cubeide_1.12.0/stm32cubeide/plugins/com.st.stm32cube.ide.mcu.externaltools.gnu-tools-for-stm32.10.3-2021.10.win32_1.0.200.202301161003/tools/bin/../lib/gcc/arm-none-eabi/10.3.1/../../../../arm-none-eabi/lib/thumb/v7e-m+dp/hard/crt0.o (memset)
c:/st/stm32cubeide_1.12.0/stm32cubeide/plugins/com.st.stm32cube.ide.mcu.externaltools.gnu-tools-for-stm32.10.3-2021.10.win32_1.0.200.202301161003/tools/bin/../lib/gcc/arm-none-eabi/10.3.1/../../../../arm-none-eabi/lib/thumb/v7e-m+dp/hard\libc_nano.a(lib_a-nano-callocr.o)
                              c:/st/stm32cubeide_1.12.0/stm32cubeide/plugins/com.st.stm32cube.ide.mcu.externaltools.gnu-tools-for-stm32.10.3-2021.10.win32_1.0.200.202301161003/tools/bin/../lib/gcc/arm-none-eabi/10.3.1/../../../../arm-none-eabi/lib/thumb/v7e-m+dp/hard\libc_nano.a(lib_a-calloc.o) (_calloc_r)
c:/st/stm32cubeide_1.12.0/stm32cubeide/plugins/com.st.stm32cube.ide.mcu.externaltools.gnu-tools-for-stm32.10.3-2021.10.win32_1.0.200.202301161003/tools/bin/../lib/gcc/arm-none-eabi/10.3.1/../../../../arm-none-eabi/lib/thumb/v7e-m+dp/hard\libc_nano.a(lib_a-nano-freer.o)
                              c:/st/stm32cubeide_1.12.0/stm32cubeide/plugins/com.st.stm32cube.ide.mcu.externaltools.gnu-tools-for-stm32.10.3-2021.10.win32_1.0.200.202301161003/tools/bin/../lib/gcc/arm-none-eabi/10.3.1/../../../../arm-none-eabi/lib/thumb/v7e-m+dp/hard\libc_nano.a(lib_a-malloc.o) (_free_r)
[...]
Memory Configuration

Name             Origin             Length             Attributes
ITCMRAM          0x0000000000000000 0x0000000000010000 xrw
DTCMRAM          0x0000000020000000 0x0000000000020000 xrw
FLASH            0x0000000008000000 0x0000000000100000 xr
RAM_D1           0x0000000024000000 0x0000000000050000 xrw
RAM_D2           0x0000000030000000 0x0000000000008000 xrw
RAM_D3           0x0000000038000000 0x0000000000004000 xrw
*default*        0x0000000000000000 0xffffffffffffffff

Linker script and memory map

LOAD c:/st/stm32cubeide_1.12.0/stm32cubeide/plugins/com.st.stm32cube.ide.mcu.externaltools.gnu-tools-for-stm32.10.3-2021.10.win32_1.0.200.202301161003/tools/bin/../lib/gcc/arm-none-eabi/10.3.1/thumb/v7e-m+dp/hard/crti.o
LOAD c:/st/stm32cubeide_1.12.0/stm32cubeide/plugins/com.st.stm32cube.ide.mcu.externaltools.gnu-tools-for-stm32.10.3-2021.10.win32_1.0.200.202301161003/tools/bin/../lib/gcc/arm-none-eabi/10.3.1/thumb/v7e-m+dp/hard/crtbegin.o
LOAD c:/st/stm32cubeide_1.12.0/stm32cubeide/plugins/com.st.stm32cube.ide.mcu.externaltools.gnu-tools-for-stm32.10.3-2021.10.win32_1.0.200.202301161003/tools/bin/../lib/gcc/arm-none-eabi/10.3.1/../../../../arm-none-eabi/lib/thumb/v7e-m+dp/hard/crt0.o
LOAD ./Core/Src/fonts.o
LOAD ./Core/Src/main.o
LOAD ./Core/Src/ssd1306.o
LOAD ./Core/Src/stm32h7xx_hal_msp.o
LOAD ./Core/Src/stm32h7xx_it.o
LOAD ./Core/Src/syscalls.o
LOAD ./Core/Src/sysmem.o
LOAD ./Core/Src/system_stm32h7xx.o
LOAD ./Core/Src/test.o
LOAD ./Core/Startup/startup_stm32h723zgtx.o
LOAD ./Drivers/STM32H7xx_HAL_Driver/Src/stm32h7xx_hal.o
LOAD ./Drivers/STM32H7xx_HAL_Driver/Src/stm32h7xx_hal_cortex.o
LOAD ./Drivers/STM32H7xx_HAL_Driver/Src/stm32h7xx_hal_dma.o
LOAD ./Drivers/STM32H7xx_HAL_Driver/Src/stm32h7xx_hal_dma_ex.o
LOAD ./Drivers/STM32H7xx_HAL_Driver/Src/stm32h7xx_hal_exti.o
LOAD ./Drivers/STM32H7xx_HAL_Driver/Src/stm32h7xx_hal_flash.o
LOAD ./Drivers/STM32H7xx_HAL_Driver/Src/stm32h7xx_hal_flash_ex.o
LOAD ./Drivers/STM32H7xx_HAL_Driver/Src/stm32h7xx_hal_gpio.o
LOAD ./Drivers/STM32H7xx_HAL_Driver/Src/stm32h7xx_hal_hsem.o
LOAD ./Drivers/STM32H7xx_HAL_Driver/Src/stm32h7xx_hal_i2c.o
LOAD ./Drivers/STM32H7xx_HAL_Driver/Src/stm32h7xx_hal_i2c_ex.o
LOAD ./Drivers/STM32H7xx_HAL_Driver/Src/stm32h7xx_hal_i2s.o
LOAD ./Drivers/STM32H7xx_HAL_Driver/Src/stm32h7xx_hal_i2s_ex.o
LOAD ./Drivers/STM32H7xx_HAL_Driver/Src/stm32h7xx_hal_mdma.o
LOAD ./Drivers/STM32H7xx_HAL_Driver/Src/stm32h7xx_hal_pcd.o
LOAD ./Drivers/STM32H7xx_HAL_Driver/Src/stm32h7xx_hal_pcd_ex.o
LOAD ./Drivers/STM32H7xx_HAL_Driver/Src/stm32h7xx_hal_pwr.o
LOAD ./Drivers/STM32H7xx_HAL_Driver/Src/stm32h7xx_hal_pwr_ex.o
LOAD ./Drivers/STM32H7xx_HAL_Driver/Src/stm32h7xx_hal_rcc.o
LOAD ./Drivers/STM32H7xx_HAL_Driver/Src/stm32h7xx_hal_rcc_ex.o
LOAD ./Drivers/STM32H7xx_HAL_Driver/Src/stm32h7xx_hal_tim.o
LOAD ./Drivers/STM32H7xx_HAL_Driver/Src/stm32h7xx_hal_tim_ex.o
LOAD ./Drivers/STM32H7xx_HAL_Driver/Src/stm32h7xx_ll_usb.o
LOAD ./Middlewares/ST/STM32_USB_Device_Library/Class/CDC/Src/usbd_cdc.o
LOAD ./Middlewares/ST/STM32_USB_Device_Library/Core/Src/usbd_core.o
LOAD ./Middlewares/ST/STM32_USB_Device_Library/Core/Src/usbd_ctlreq.o
LOAD ./Middlewares/ST/STM32_USB_Device_Library/Core/Src/usbd_ioreq.o
LOAD ./USB_DEVICE/App/usb_device.o
LOAD ./USB_DEVICE/App/usbd_cdc_if.o
LOAD ./USB_DEVICE/App/usbd_desc.o
LOAD ./USB_DEVICE/Target/usbd_conf.o
START GROUP
LOAD c:/st/stm32cubeide_1.12.0/stm32cubeide/plugins/com.st.stm32cube.ide.mcu.externaltools.gnu-tools-for-stm32.10.3-2021.10.win32_1.0.200.202301161003/tools/bin/../lib/gcc/arm-none-eabi/10.3.1/../../../../arm-none-eabi/lib/thumb/v7e-m+dp/hard\libc_nano.a
LOAD c:/st/stm32cubeide_1.12.0/stm32cubeide/plugins/com.st.stm32cube.ide.mcu.externaltools.gnu-tools-for-stm32.10.3-2021.10.win32_1.0.200.202301161003/tools/bin/../lib/gcc/arm-none-eabi/10.3.1/../../../../arm-none-eabi/lib/thumb/v7e-m+dp/hard\libm.a
END GROUP
START GROUP
LOAD c:/st/stm32cubeide_1.12.0/stm32cubeide/plugins/com.st.stm32cube.ide.mcu.externaltools.gnu-tools-for-stm32.10.3-2021.10.win32_1.0.200.202301161003/tools/bin/../lib/gcc/arm-none-eabi/10.3.1/thumb/v7e-m+dp/hard\libgcc.a
LOAD c:/st/stm32cubeide_1.12.0/stm32cubeide/plugins/com.st.stm32cube.ide.mcu.externaltools.gnu-tools-for-stm32.10.3-2021.10.win32_1.0.200.202301161003/tools/bin/../lib/gcc/arm-none-eabi/10.3.1/../../../../arm-none-eabi/lib/thumb/v7e-m+dp/hard\libc_nano.a
END GROUP
START GROUP
LOAD c:/st/stm32cubeide_1.12.0/stm32cubeide/plugins/com.st.stm32cube.ide.mcu.externaltools.gnu-tools-for-stm32.10.3-2021.10.win32_1.0.200.202301161003/tools/bin/../lib/gcc/arm-none-eabi/10.3.1/thumb/v7e-m+dp/hard\libgcc.a
LOAD c:/st/stm32cubeide_1.12.0/stm32cubeide/plugins/com.st.stm32cube.ide.mcu.externaltools.gnu-tools-for-stm32.10.3-2021.10.win32_1.0.200.202301161003/tools/bin/../lib/gcc/arm-none-eabi/10.3.1/../../../../arm-none-eabi/lib/thumb/v7e-m+dp/hard\libc_nano.a
LOAD c:/st/stm32cubeide_1.12.0/stm32cubeide/plugins/com.st.stm32cube.ide.mcu.externaltools.gnu-tools-for-stm32.10.3-2021.10.win32_1.0.200.202301161003/tools/bin/../lib/gcc/arm-none-eabi/10.3.1/../../../../arm-none-eabi/lib/thumb/v7e-m+dp/hard\libnosys.a
END GROUP
START GROUP
LOAD c:/st/stm32cubeide_1.12.0/stm32cubeide/plugins/com.st.stm32cube.ide.mcu.externaltools.gnu-tools-for-stm32.10.3-2021.10.win32_1.0.200.202301161003/tools/bin/../lib/gcc/arm-none-eabi/10.3.1/thumb/v7e-m+dp/hard\libgcc.a
LOAD c:/st/stm32cubeide_1.12.0/stm32cubeide/plugins/com.st.stm32cube.ide.mcu.externaltools.gnu-tools-for-stm32.10.3-2021.10.win32_1.0.200.202301161003/tools/bin/../lib/gcc/arm-none-eabi/10.3.1/../../../../arm-none-eabi/lib/thumb/v7e-m+dp/hard\libc_nano.a
LOAD c:/st/stm32cubeide_1.12.0/stm32cubeide/plugins/com.st.stm32cube.ide.mcu.externaltools.gnu-tools-for-stm32.10.3-2021.10.win32_1.0.200.202301161003/tools/bin/../lib/gcc/arm-none-eabi/10.3.1/../../../../arm-none-eabi/lib/thumb/v7e-m+dp/hard\libnosys.a
END GROUP
LOAD c:/st/stm32cubeide_1.12.0/stm32cubeide/plugins/com.st.stm32cube.ide.mcu.externaltools.gnu-tools-for-stm32.10.3-2021.10.win32_1.0.200.202301161003/tools/bin/../lib/gcc/arm-none-eabi/10.3.1/thumb/v7e-m+dp/hard/crtend.o
LOAD c:/st/stm32cubeide_1.12.0/stm32cubeide/plugins/com.st.stm32cube.ide.mcu.externaltools.gnu-tools-for-stm32.10.3-2021.10.win32_1.0.200.202301161003/tools/bin/../lib/gcc/arm-none-eabi/10.3.1/thumb/v7e-m+dp/hard/crtn.o
                0x0000000024050000                _estack = (ORIGIN (RAM_D1) + LENGTH (RAM_D1))
                0x0000000000000200                _Min_Heap_Size = 0x200
                0x0000000000000400                _Min_Stack_Size = 0x400

.isr_vector     0x0000000008000000      0x2cc
                0x0000000008000000                . = ALIGN (0x4)
 *(.isr_vector)
 .isr_vector    0x0000000008000000      0x2cc ./Core/Startup/startup_stm32h723zgtx.o
                0x0000000008000000                g_pfnVectors
                0x00000000080002cc                . = ALIGN (0x4)

.text           0x00000000080002d0    0x1047c
                0x00000000080002d0                . = ALIGN (0x4)
 *(.text)
 .text          0x00000000080002d0       0x40 c:/st/stm32cubeide_1.12.0/stm32cubeide/plugins/com.st.stm32cube.ide.mcu.externaltools.gnu-tools-for-stm32.10.3-2021.10.win32_1.0.200.202301161003/tools/bin/../lib/gcc/arm-none-eabi/10.3.1/thumb/v7e-m+dp/hard/crtbegin.o
 .text          0x0000000008000310      0x378 c:/st/stm32cubeide_1.12.0/stm32cubeide/plugins/com.st.stm32cube.ide.mcu.externaltools.gnu-tools-for-stm32.10.3-2021.10.win32_1.0.200.202301161003/tools/bin/../lib/gcc/arm-none-eabi/10.3.1/thumb/v7e-m+dp/hard\libgcc.a(_arm_addsubdf3.o)
                0x0000000008000310                __aeabi_drsub
                0x0000000008000318                __aeabi_dsub
                0x0000000008000318                __subdf3
                0x000000000800031c                __aeabi_dadd
                0x000000000800031c                __adddf3
                0x0000000008000594                __floatunsidf
                0x0000000008000594                __aeabi_ui2d
                0x00000000080005b4                __floatsidf
                0x00000000080005b4                __aeabi_i2d
                0x00000000080005d8                __aeabi_f2d
                0x00000000080005d8                __extendsfdf2
                0x000000000800061c                __floatundidf
                0x000000000800061c                __aeabi_ul2d
                0x000000000800062c                __floatdidf
                0x000000000800062c                __aeabi_l2d
 *(.text*)
 .text.crash    0x0000000008000688       0x44 ./Core/Src/main.o
                0x0000000008000688                crash
 .text.checkForNull
                0x00000000080006cc       0x1c ./Core/Src/main.o
                0x00000000080006cc                checkForNull
 .text.getReverbAttenuation
                0x00000000080006e8       0x6c ./Core/Src/main.o
                0x00000000080006e8                getReverbAttenuation
 .text.loadEffects
                0x0000000008000754      0x69c ./Core/Src/main.o
                0x0000000008000754                loadEffects
 .text.unloadEffects
                0x0000000008000df0      0x2d4 ./Core/Src/main.o
                0x0000000008000df0                unloadEffects
 .text.HAL_I2S_RxHalfCpltCallback
                0x00000000080010c4       0x48 ./Core/Src/main.o
                0x00000000080010c4                HAL_I2S_RxHalfCpltCallback
 .text.HAL_I2S_TxHalfCpltCallback
                0x000000000800110c       0x48 ./Core/Src/main.o
                0x000000000800110c                HAL_I2S_TxHalfCpltCallback
 .text.HAL_I2S_RxCpltCallback
                0x0000000008001154       0x4c ./Core/Src/main.o
                0x0000000008001154                HAL_I2S_RxCpltCallback
 .text.HAL_I2S_TxCpltCallback
                0x00000000080011a0       0x4c ./Core/Src/main.o
                0x00000000080011a0                HAL_I2S_TxCpltCallback
 .text.usbReceiveHandle
                0x00000000080011ec       0xc0 ./Core/Src/main.o
                0x00000000080011ec                usbReceiveHandle
 .text.loadSample
                0x00000000080012ac       0x50 ./Core/Src/main.o
                0x00000000080012ac                loadSample
 .text.saveSample
                0x00000000080012fc       0x50 ./Core/Src/main.o
                0x00000000080012fc                saveSample
 .text.dist     0x000000000800134c       0x68 ./Core/Src/main.o
                0x000000000800134c                dist
 .text.softdist
                0x00000000080013b4       0x34 ./Core/Src/main.o
                0x00000000080013b4                softdist
 .text.getPreviousSample
                0x00000000080013e8       0x4e ./Core/Src/main.o
                0x00000000080013e8                getPreviousSample
 .text.interpolate
                0x0000000008001436      0x138 ./Core/Src/main.o
                0x0000000008001436                interpolate
 *fill*         0x000000000800156e        0x2 
 .text.vibrato  0x0000000008001570       0x90 ./Core/Src/main.o
                0x0000000008001570                vibrato
 .text.chorus   0x0000000008001600       0xc8 ./Core/Src/main.o
                0x0000000008001600                chorus
 .text.echo     0x00000000080016c8       0x70 ./Core/Src/main.o
                0x00000000080016c8                echo
 .text.lowpass  0x0000000008001738       0x4e ./Core/Src/main.o
                0x0000000008001738                lowpass
 .text.highpass
                0x0000000008001786       0x58 ./Core/Src/main.o
                0x0000000008001786                highpass
 *fill*         0x00000000080017de        0x2 
 .text.tremolo  0x00000000080017e0       0x7c ./Core/Src/main.o
                0x00000000080017e0                tremolo
 .text.rotary   0x000000000800185c       0xc4 ./Core/Src/main.o
                0x000000000800185c                rotary
 .text.allPass  0x0000000008001920       0x94 ./Core/Src/main.o
                0x0000000008001920                allPass
 .text.reverb   0x00000000080019b4       0xd0 ./Core/Src/main.o
                0x00000000080019b4                reverb
 .text.gain     0x0000000008001a84       0x28 ./Core/Src/main.o
                0x0000000008001a84                gain
 .text.noiseSuppr
                0x0000000008001aac       0x5a ./Core/Src/main.o
                0x0000000008001aac                noiseSuppr
 *fill*         0x0000000008001b06        0x2 
 .text.fuzz     0x0000000008001b08       0x4c ./Core/Src/main.o
                0x0000000008001b08                fuzz
 .text.applyEffects
                0x0000000008001b54      0x418 ./Core/Src/main.o
                0x0000000008001b54                applyEffects
 .text.mainLoop
                0x0000000008001f6c       0x7c ./Core/Src/main.o
                0x0000000008001f6c                mainLoop
 .text.main     0x0000000008001fe8       0xd4 ./Core/Src/main.o
                0x0000000008001fe8                main
 .text.SystemClock_Config
                0x00000000080020bc       0xe0 ./Core/Src/main.o
                0x00000000080020bc                SystemClock_Config
 .text.MX_I2C1_Init
                0x000000000800219c       0x80 ./Core/Src/main.o
 .text.MX_I2C2_Init
                0x000000000800221c       0x80 ./Core/Src/main.o
 .text.MX_I2S1_Init
                0x000000000800229c       0x68 ./Core/Src/main.o
 .text.MX_I2S2_Init
                0x0000000008002304       0x68 ./Core/Src/main.o
 .text.MX_DMA_Init
                0x000000000800236c       0x50 ./Core/Src/main.o
 .text.MX_GPIO_Init
                0x00000000080023bc      0x11c ./Core/Src/main.o
 .text.Error_Handler
                0x00000000080024d8        0xa ./Core/Src/main.o
                0x00000000080024d8                Error_Handler
 *fill*         0x00000000080024e2        0x2 
 .text.SSD1306_Init
                0x00000000080024e4      0x188 ./Core/Src/ssd1306.o
                0x00000000080024e4                SSD1306_Init
 .text.SSD1306_UpdateScreen
                0x000000000800266c       0x5c ./Core/Src/ssd1306.o
                0x000000000800266c                SSD1306_UpdateScreen
 .text.SSD1306_Fill
                0x00000000080026c8       0x30 ./Core/Src/ssd1306.o
                0x00000000080026c8                SSD1306_Fill
 .text.SSD1306_DrawPixel
                0x00000000080026f8       0xc0 ./Core/Src/ssd1306.o
                0x00000000080026f8                SSD1306_DrawPixel
 .text.SSD1306_GotoXY
                0x00000000080027b8       0x2c ./Core/Src/ssd1306.o
                0x00000000080027b8                SSD1306_GotoXY
 .text.SSD1306_Putc
                0x00000000080027e4      0x100 ./Core/Src/ssd1306.o
                0x00000000080027e4                SSD1306_Putc
 .text.SSD1306_Puts
                0x00000000080028e4       0x4a ./Core/Src/ssd1306.o
                0x00000000080028e4                SSD1306_Puts
 *fill*         0x000000000800292e        0x2 
 .text.ssd1306_I2C_Init
                0x0000000008002930       0x2c ./Core/Src/ssd1306.o
                0x0000000008002930                ssd1306_I2C_Init
 .text.ssd1306_I2C_WriteMulti
                0x000000000800295c       0xcc ./Core/Src/ssd1306.o
                0x000000000800295c                ssd1306_I2C_WriteMulti
 .text.ssd1306_I2C_Write
                0x0000000008002a28       0x3c ./Core/Src/ssd1306.o
                0x0000000008002a28                ssd1306_I2C_Write
 .text.HAL_MspInit
                0x0000000008002a64       0x34 ./Core/Src/stm32h7xx_hal_msp.o
                0x0000000008002a64                HAL_MspInit
 .text.HAL_I2C_MspInit
                0x0000000008002a98      0x170 ./Core/Src/stm32h7xx_hal_msp.o
                0x0000000008002a98                HAL_I2C_MspInit
 .text.HAL_I2S_MspInit
                0x0000000008002c08      0x2dc ./Core/Src/stm32h7xx_hal_msp.o
                0x0000000008002c08                HAL_I2S_MspInit
 .text.NMI_Handler
                0x0000000008002ee4        0x6 ./Core/Src/stm32h7xx_it.o
                0x0000000008002ee4                NMI_Handler
 .text.HardFault_Handler
                0x0000000008002eea        0x6 ./Core/Src/stm32h7xx_it.o
                0x0000000008002eea                HardFault_Handler
 .text.MemManage_Handler
                0x0000000008002ef0        0x6 ./Core/Src/stm32h7xx_it.o
                0x0000000008002ef0                MemManage_Handler
 .text.BusFault_Handler
                0x0000000008002ef6        0x6 ./Core/Src/stm32h7xx_it.o
                0x0000000008002ef6                BusFault_Handler
 .text.UsageFault_Handler
                0x0000000008002efc        0x6 ./Core/Src/stm32h7xx_it.o
                0x0000000008002efc                UsageFault_Handler
 .text.SVC_Handler
                0x0000000008002f02        0xe ./Core/Src/stm32h7xx_it.o
                0x0000000008002f02                SVC_Handler
 .text.DebugMon_Handler
                0x0000000008002f10        0xe ./Core/Src/stm32h7xx_it.o
                0x0000000008002f10                DebugMon_Handler
 .text.PendSV_Handler
                0x0000000008002f1e        0xe ./Core/Src/stm32h7xx_it.o
                0x0000000008002f1e                PendSV_Handler
 .text.SysTick_Handler
                0x0000000008002f2c        0xc ./Core/Src/stm32h7xx_it.o
                0x0000000008002f2c                SysTick_Handler
 .text.DMA1_Stream0_IRQHandler
                0x0000000008002f38       0x14 ./Core/Src/stm32h7xx_it.o
                0x0000000008002f38                DMA1_Stream0_IRQHandler
 .text.DMA1_Stream1_IRQHandler
                0x0000000008002f4c       0x14 ./Core/Src/stm32h7xx_it.o
                0x0000000008002f4c                DMA1_Stream1_IRQHandler
 .text.OTG_HS_IRQHandler
                0x0000000008002f60       0x14 ./Core/Src/stm32h7xx_it.o
                0x0000000008002f60                OTG_HS_IRQHandler
 .text._sbrk    0x0000000008002f74       0x6c ./Core/Src/sysmem.o
                0x0000000008002f74                _sbrk
 .text.SystemInit
                0x0000000008002fe0       0xf0 ./Core/Src/system_stm32h7xx.o
                0x0000000008002fe0                SystemInit
 .text.Reset_Handler
                0x00000000080030d0       0x50 ./Core/Startup/startup_stm32h723zgtx.o
                0x00000000080030d0                Reset_Handler
 .text.Default_Handler
                0x0000000008003120        0x2 ./Core/Startup/startup_stm32h723zgtx.o
                0x0000000008003120                RTC_Alarm_IRQHandler
                0x0000000008003120                EXTI2_IRQHandler
                0x0000000008003120                TIM8_CC_IRQHandler
                0x0000000008003120                UART8_IRQHandler
                0x0000000008003120                SPI4_IRQHandler
                0x0000000008003120                FDCAN3_IT0_IRQHandler
                0x0000000008003120                TIM1_CC_IRQHandler
                0x0000000008003120                BDMA_Channel6_IRQHandler
                0x0000000008003120                DMA2_Stream5_IRQHandler
                0x0000000008003120                DMA1_Stream5_IRQHandler
                0x0000000008003120                CORDIC_IRQHandler
                0x0000000008003120                BDMA_Channel1_IRQHandler
                0x0000000008003120                TAMP_STAMP_IRQHandler
                0x0000000008003120                EXTI3_IRQHandler
                0x0000000008003120                LPTIM4_IRQHandler
                0x0000000008003120                TIM8_TRG_COM_TIM14_IRQHandler
                0x0000000008003120                LPTIM2_IRQHandler
                0x0000000008003120                DFSDM1_FLT1_IRQHandler
                0x0000000008003120                DMAMUX2_OVR_IRQHandler
                0x0000000008003120                TIM8_UP_TIM13_IRQHandler
                0x0000000008003120                I2C3_ER_IRQHandler
                0x0000000008003120                DFSDM1_FLT2_IRQHandler
                0x0000000008003120                I2C5_EV_IRQHandler
                0x0000000008003120                USART10_IRQHandler
                0x0000000008003120                MDMA_IRQHandler
                0x0000000008003120                LPTIM3_IRQHandler
                0x0000000008003120                HSEM1_IRQHandler
                0x0000000008003120                EXTI0_IRQHandler
                0x0000000008003120                I2C2_EV_IRQHandler
                0x0000000008003120                DMA1_Stream2_IRQHandler
                0x0000000008003120                FPU_IRQHandler
                0x0000000008003120                OTG_HS_WKUP_IRQHandler
                0x0000000008003120                FDCAN1_IT1_IRQHandler
                0x0000000008003120                LTDC_ER_IRQHandler
                0x0000000008003120                DMA2_Stream2_IRQHandler
                0x0000000008003120                SPI1_IRQHandler
                0x0000000008003120                OCTOSPI1_IRQHandler
                0x0000000008003120                TIM6_DAC_IRQHandler
                0x0000000008003120                DMA2_Stream3_IRQHandler
                0x0000000008003120                OCTOSPI2_IRQHandler
                0x0000000008003120                DFSDM1_FLT3_IRQHandler
                0x0000000008003120                TIM23_IRQHandler
                0x0000000008003120                USART6_IRQHandler
                0x0000000008003120                TIM17_IRQHandler
                0x0000000008003120                USART3_IRQHandler
                0x0000000008003120                BDMA_Channel7_IRQHandler
                0x0000000008003120                LPTIM5_IRQHandler
                0x0000000008003120                UART5_IRQHandler
                0x0000000008003120                ADC3_IRQHandler
                0x0000000008003120                DMA2_Stream0_IRQHandler
                0x0000000008003120                TIM4_IRQHandler
                0x0000000008003120                BDMA_Channel2_IRQHandler
                0x0000000008003120                I2C1_EV_IRQHandler
                0x0000000008003120                DMA1_Stream6_IRQHandler
                0x0000000008003120                DMAMUX1_OVR_IRQHandler
                0x0000000008003120                TIM16_IRQHandler
                0x0000000008003120                UART4_IRQHandler
                0x0000000008003120                BDMA_Channel5_IRQHandler
                0x0000000008003120                TIM3_IRQHandler
                0x0000000008003120                RCC_IRQHandler
                0x0000000008003120                UART9_IRQHandler
                0x0000000008003120                TIM8_BRK_TIM12_IRQHandler
                0x0000000008003120                TIM1_TRG_COM_IRQHandler
                0x0000000008003120                Default_Handler
                0x0000000008003120                ECC_IRQHandler
                0x0000000008003120                FMAC_IRQHandler
                0x0000000008003120                CEC_IRQHandler
                0x0000000008003120                EXTI15_10_IRQHandler
                0x0000000008003120                BDMA_Channel0_IRQHandler
                0x0000000008003120                ADC_IRQHandler
                0x0000000008003120                I2C5_ER_IRQHandler
                0x0000000008003120                DMA1_Stream7_IRQHandler
                0x0000000008003120                SPI5_IRQHandler
                0x0000000008003120                TIM7_IRQHandler
                0x0000000008003120                FDCAN3_IT1_IRQHandler
                0x0000000008003120                SDMMC1_IRQHandler
                0x0000000008003120                TIM5_IRQHandler
                0x0000000008003120                DMA2_Stream7_IRQHandler
                0x0000000008003120                TIM15_IRQHandler
                0x0000000008003120                PVD_AVD_IRQHandler
                0x0000000008003120                I2C3_EV_IRQHandler
                0x0000000008003120                EXTI9_5_IRQHandler
                0x0000000008003120                RTC_WKUP_IRQHandler
                0x0000000008003120                LTDC_IRQHandler
                0x0000000008003120                ETH_WKUP_IRQHandler
                0x0000000008003120                SPDIF_RX_IRQHandler
                0x0000000008003120                SPI2_IRQHandler
                0x0000000008003120                OTG_HS_EP1_IN_IRQHandler
                0x0000000008003120                TIM24_IRQHandler
                0x0000000008003120                CRS_IRQHandler
                0x0000000008003120                EXTI4_IRQHandler
                0x0000000008003120                RNG_IRQHandler
                0x0000000008003120                FDCAN2_IT1_IRQHandler
                0x0000000008003120                ETH_IRQHandler
                0x0000000008003120                TIM1_UP_IRQHandler
                0x0000000008003120                BDMA_Channel4_IRQHandler
                0x0000000008003120                OTG_HS_EP1_OUT_IRQHandler
                0x0000000008003120                WWDG_IRQHandler
                0x0000000008003120                SPI6_IRQHandler
                0x0000000008003120                MDIOS_IRQHandler
                0x0000000008003120                I2C4_EV_IRQHandler
                0x0000000008003120                FDCAN2_IT0_IRQHandler
                0x0000000008003120                LPUART1_IRQHandler
                0x0000000008003120                FDCAN1_IT0_IRQHandler
                0x0000000008003120                TIM2_IRQHandler
                0x0000000008003120                DMA2D_IRQHandler
                0x0000000008003120                TIM1_BRK_IRQHandler
                0x0000000008003120                EXTI1_IRQHandler
                0x0000000008003120                SDMMC2_IRQHandler
                0x0000000008003120                BDMA_Channel3_IRQHandler
                0x0000000008003120                DTS_IRQHandler
                0x0000000008003120                UART7_IRQHandler
                0x0000000008003120                MDIOS_WKUP_IRQHandler
                0x0000000008003120                USART2_IRQHandler
                0x0000000008003120                DFSDM1_FLT0_IRQHandler
                0x0000000008003120                SAI4_IRQHandler
                0x0000000008003120                I2C2_ER_IRQHandler
                0x0000000008003120                DMA2_Stream1_IRQHandler
                0x0000000008003120                FLASH_IRQHandler
                0x0000000008003120                DMA2_Stream4_IRQHandler
                0x0000000008003120                USART1_IRQHandler
                0x0000000008003120                SPI3_IRQHandler
                0x0000000008003120                WAKEUP_PIN_IRQHandler
                0x0000000008003120                DMA1_Stream4_IRQHandler
                0x0000000008003120                I2C1_ER_IRQHandler
                0x0000000008003120                FMC_IRQHandler
                0x0000000008003120                FDCAN_CAL_IRQHandler
                0x0000000008003120                SWPMI1_IRQHandler
                0x0000000008003120                COMP1_IRQHandler
                0x0000000008003120                LPTIM1_IRQHandler
                0x0000000008003120                DCMI_PSSI_IRQHandler
                0x0000000008003120                I2C4_ER_IRQHandler
                0x0000000008003120                DMA2_Stream6_IRQHandler
                0x0000000008003120                SAI1_IRQHandler
                0x0000000008003120                DMA1_Stream3_IRQHandler
 *fill*         0x0000000008003122        0x2 
 .text.HAL_Init
                0x0000000008003124       0x78 ./Drivers/STM32H7xx_HAL_Driver/Src/stm32h7xx_hal.o
                0x0000000008003124                HAL_Init
 .text.HAL_InitTick
                0x000000000800319c       0x6c ./Drivers/STM32H7xx_HAL_Driver/Src/stm32h7xx_hal.o
                0x000000000800319c                HAL_InitTick
 .text.HAL_IncTick
                0x0000000008003208       0x28 ./Drivers/STM32H7xx_HAL_Driver/Src/stm32h7xx_hal.o
                0x0000000008003208                HAL_IncTick
 .text.HAL_GetTick
                0x0000000008003230       0x18 ./Drivers/STM32H7xx_HAL_Driver/Src/stm32h7xx_hal.o
                0x0000000008003230                HAL_GetTick
 .text.HAL_Delay
                0x0000000008003248       0x48 ./Drivers/STM32H7xx_HAL_Driver/Src/stm32h7xx_hal.o
                0x0000000008003248                HAL_Delay
 .text.__NVIC_SetPriorityGrouping
                0x0000000008003290       0x48 ./Drivers/STM32H7xx_HAL_Driver/Src/stm32h7xx_hal_cortex.o
 .text.__NVIC_GetPriorityGrouping
                0x00000000080032d8       0x1c ./Drivers/STM32H7xx_HAL_Driver/Src/stm32h7xx_hal_cortex.o
 .text.__NVIC_EnableIRQ
                0x00000000080032f4       0x3c ./Drivers/STM32H7xx_HAL_Driver/Src/stm32h7xx_hal_cortex.o
 .text.__NVIC_SetPriority
                0x0000000008003330       0x54 ./Drivers/STM32H7xx_HAL_Driver/Src/stm32h7xx_hal_cortex.o
 .text.NVIC_EncodePriority
                0x0000000008003384       0x66 ./Drivers/STM32H7xx_HAL_Driver/Src/stm32h7xx_hal_cortex.o
 *fill*         0x00000000080033ea        0x2 
 .text.SysTick_Config
                0x00000000080033ec       0x44 ./Drivers/STM32H7xx_HAL_Driver/Src/stm32h7xx_hal_cortex.o
 .text.HAL_NVIC_SetPriorityGrouping
                0x0000000008003430       0x16 ./Drivers/STM32H7xx_HAL_Driver/Src/stm32h7xx_hal_cortex.o
                0x0000000008003430                HAL_NVIC_SetPriorityGrouping
 .text.HAL_NVIC_SetPriority
                0x0000000008003446       0x34 ./Drivers/STM32H7xx_HAL_Driver/Src/stm32h7xx_hal_cortex.o
                0x0000000008003446                HAL_NVIC_SetPriority
 .text.HAL_NVIC_EnableIRQ
                0x000000000800347a       0x1c ./Drivers/STM32H7xx_HAL_Driver/Src/stm32h7xx_hal_cortex.o
                0x000000000800347a                HAL_NVIC_EnableIRQ
 .text.HAL_SYSTICK_Config
                0x0000000008003496       0x18 ./Drivers/STM32H7xx_HAL_Driver/Src/stm32h7xx_hal_cortex.o
                0x0000000008003496                HAL_SYSTICK_Config
 *fill*         0x00000000080034ae        0x2 
 .text.HAL_DMA_Init
                0x00000000080034b0      0x6b4 ./Drivers/STM32H7xx_HAL_Driver/Src/stm32h7xx_hal_dma.o
                0x00000000080034b0                HAL_DMA_Init
 .text.HAL_DMA_Start_IT
                0x0000000008003b64      0x4d4 ./Drivers/STM32H7xx_HAL_Driver/Src/stm32h7xx_hal_dma.o
                0x0000000008003b64                HAL_DMA_Start_IT
 .text.HAL_DMA_IRQHandler
                0x0000000008004038      0xe54 ./Drivers/STM32H7xx_HAL_Driver/Src/stm32h7xx_hal_dma.o
                0x0000000008004038                HAL_DMA_IRQHandler
 .text.DMA_SetConfig
                0x0000000008004e8c      0x358 ./Drivers/STM32H7xx_HAL_Driver/Src/stm32h7xx_hal_dma.o
 .text.DMA_CalcBaseAndBitshift
                0x00000000080051e4      0x164 ./Drivers/STM32H7xx_HAL_Driver/Src/stm32h7xx_hal_dma.o
 .text.DMA_CheckFifoParam
                0x0000000008005348       0xf8 ./Drivers/STM32H7xx_HAL_Driver/Src/stm32h7xx_hal_dma.o
 .text.DMA_CalcDMAMUXChannelBaseAndMask
                0x0000000008005440      0x134 ./Drivers/STM32H7xx_HAL_Driver/Src/stm32h7xx_hal_dma.o
 .text.DMA_CalcDMAMUXRequestGenBaseAndMask
                0x0000000008005574       0xe8 ./Drivers/STM32H7xx_HAL_Driver/Src/stm32h7xx_hal_dma.o
 .text.HAL_GPIO_Init
                0x000000000800565c      0x350 ./Drivers/STM32H7xx_HAL_Driver/Src/stm32h7xx_hal_gpio.o
                0x000000000800565c                HAL_GPIO_Init
 .text.HAL_GPIO_WritePin
                0x00000000080059ac       0x32 ./Drivers/STM32H7xx_HAL_Driver/Src/stm32h7xx_hal_gpio.o
                0x00000000080059ac                HAL_GPIO_WritePin
 *fill*         0x00000000080059de        0x2 
 .text.HAL_I2C_Init
                0x00000000080059e0      0x120 ./Drivers/STM32H7xx_HAL_Driver/Src/stm32h7xx_hal_i2c.o
                0x00000000080059e0                HAL_I2C_Init
 .text.HAL_I2C_Master_Transmit
                0x0000000008005b00      0x1e8 ./Drivers/STM32H7xx_HAL_Driver/Src/stm32h7xx_hal_i2c.o
                0x0000000008005b00                HAL_I2C_Master_Transmit
 .text.HAL_I2C_Mem_Write
                0x0000000008005ce8      0x228 ./Drivers/STM32H7xx_HAL_Driver/Src/stm32h7xx_hal_i2c.o
                0x0000000008005ce8                HAL_I2C_Mem_Write
 .text.HAL_I2C_Mem_Read
                0x0000000008005f10      0x234 ./Drivers/STM32H7xx_HAL_Driver/Src/stm32h7xx_hal_i2c.o
                0x0000000008005f10                HAL_I2C_Mem_Read
 .text.HAL_I2C_IsDeviceReady
                0x0000000008006144      0x210 ./Drivers/STM32H7xx_HAL_Driver/Src/stm32h7xx_hal_i2c.o
                0x0000000008006144                HAL_I2C_IsDeviceReady
 .text.I2C_RequestMemoryWrite
                0x0000000008006354       0xa8 ./Drivers/STM32H7xx_HAL_Driver/Src/stm32h7xx_hal_i2c.o
 .text.I2C_RequestMemoryRead
                0x00000000080063fc       0xa8 ./Drivers/STM32H7xx_HAL_Driver/Src/stm32h7xx_hal_i2c.o
 .text.I2C_Flush_TXDR
                0x00000000080064a4       0x48 ./Drivers/STM32H7xx_HAL_Driver/Src/stm32h7xx_hal_i2c.o
 .text.I2C_WaitOnFlagUntilTimeout
                0x00000000080064ec       0x9e ./Drivers/STM32H7xx_HAL_Driver/Src/stm32h7xx_hal_i2c.o
 .text.I2C_WaitOnTXISFlagUntilTimeout
                0x000000000800658a       0x8e ./Drivers/STM32H7xx_HAL_Driver/Src/stm32h7xx_hal_i2c.o
 .text.I2C_WaitOnSTOPFlagUntilTimeout
                0x0000000008006618       0x86 ./Drivers/STM32H7xx_HAL_Driver/Src/stm32h7xx_hal_i2c.o
 *fill*         0x000000000800669e        0x2 
 .text.I2C_IsErrorOccurred
                0x00000000080066a0      0x1c0 ./Drivers/STM32H7xx_HAL_Driver/Src/stm32h7xx_hal_i2c.o
 .text.I2C_TransferConfig
                0x0000000008006860       0x64 ./Drivers/STM32H7xx_HAL_Driver/Src/stm32h7xx_hal_i2c.o
 .text.HAL_I2CEx_ConfigAnalogFilter
                0x00000000080068c4       0x96 ./Drivers/STM32H7xx_HAL_Driver/Src/stm32h7xx_hal_i2c_ex.o
                0x00000000080068c4                HAL_I2CEx_ConfigAnalogFilter
 .text.HAL_I2CEx_ConfigDigitalFilter
                0x000000000800695a       0x98 ./Drivers/STM32H7xx_HAL_Driver/Src/stm32h7xx_hal_i2c_ex.o
                0x000000000800695a                HAL_I2CEx_ConfigDigitalFilter
 *fill*         0x00000000080069f2        0x2 
 .text.HAL_I2S_Init
                0x00000000080069f4      0x244 ./Drivers/STM32H7xx_HAL_Driver/Src/stm32h7xx_hal_i2s.o
                0x00000000080069f4                HAL_I2S_Init
 .text.HAL_I2S_Transmit_DMA
                0x0000000008006c38      0x144 ./Drivers/STM32H7xx_HAL_Driver/Src/stm32h7xx_hal_i2s.o
                0x0000000008006c38                HAL_I2S_Transmit_DMA
 .text.HAL_I2S_Receive_DMA
                0x0000000008006d7c      0x144 ./Drivers/STM32H7xx_HAL_Driver/Src/stm32h7xx_hal_i2s.o
                0x0000000008006d7c                HAL_I2S_Receive_DMA
 .text.HAL_I2S_ErrorCallback
                0x0000000008006ec0       0x14 ./Drivers/STM32H7xx_HAL_Driver/Src/stm32h7xx_hal_i2s.o
                0x0000000008006ec0                HAL_I2S_ErrorCallback
 .text.I2S_DMATxCplt
                0x0000000008006ed4       0x42 ./Drivers/STM32H7xx_HAL_Driver/Src/stm32h7xx_hal_i2s.o
 .text.I2S_DMATxHalfCplt
                0x0000000008006f16       0x1c ./Drivers/STM32H7xx_HAL_Driver/Src/stm32h7xx_hal_i2s.o
 .text.I2S_DMARxCplt
                0x0000000008006f32       0x42 ./Drivers/STM32H7xx_HAL_Driver/Src/stm32h7xx_hal_i2s.o
 .text.I2S_DMARxHalfCplt
                0x0000000008006f74       0x1c ./Drivers/STM32H7xx_HAL_Driver/Src/stm32h7xx_hal_i2s.o
 .text.I2S_DMAError
                0x0000000008006f90       0x4c ./Drivers/STM32H7xx_HAL_Driver/Src/stm32h7xx_hal_i2s.o
 .text.HAL_PCD_Init
                0x0000000008006fdc      0x248 ./Drivers/STM32H7xx_HAL_Driver/Src/stm32h7xx_hal_pcd.o
                0x0000000008006fdc                HAL_PCD_Init
 .text.HAL_PCD_Start
                0x0000000008007224       0x6a ./Drivers/STM32H7xx_HAL_Driver/Src/stm32h7xx_hal_pcd.o
                0x0000000008007224                HAL_PCD_Start
 .text.HAL_PCD_IRQHandler
                0x000000000800728e      0x998 ./Drivers/STM32H7xx_HAL_Driver/Src/stm32h7xx_hal_pcd.o
                0x000000000800728e                HAL_PCD_IRQHandler
 .text.HAL_PCD_SetAddress
                0x0000000008007c26       0x4a ./Drivers/STM32H7xx_HAL_Driver/Src/stm32h7xx_hal_pcd.o
                0x0000000008007c26                HAL_PCD_SetAddress
 .text.HAL_PCD_EP_Open
                0x0000000008007c70       0xd0 ./Drivers/STM32H7xx_HAL_Driver/Src/stm32h7xx_hal_pcd.o
                0x0000000008007c70                HAL_PCD_EP_Open
 .text.HAL_PCD_EP_Close
                0x0000000008007d40       0x94 ./Drivers/STM32H7xx_HAL_Driver/Src/stm32h7xx_hal_pcd.o
                0x0000000008007d40                HAL_PCD_EP_Close
 .text.HAL_PCD_EP_Receive
                0x0000000008007dd4       0x78 ./Drivers/STM32H7xx_HAL_Driver/Src/stm32h7xx_hal_pcd.o
                0x0000000008007dd4                HAL_PCD_EP_Receive
 .text.HAL_PCD_EP_GetRxCount
                0x0000000008007e4c       0x30 ./Drivers/STM32H7xx_HAL_Driver/Src/stm32h7xx_hal_pcd.o
                0x0000000008007e4c                HAL_PCD_EP_GetRxCount
 .text.HAL_PCD_EP_Transmit
                0x0000000008007e7c       0x76 ./Drivers/STM32H7xx_HAL_Driver/Src/stm32h7xx_hal_pcd.o
                0x0000000008007e7c                HAL_PCD_EP_Transmit
 .text.HAL_PCD_EP_SetStall
                0x0000000008007ef2       0xc8 ./Drivers/STM32H7xx_HAL_Driver/Src/stm32h7xx_hal_pcd.o
                0x0000000008007ef2                HAL_PCD_EP_SetStall
 .text.HAL_PCD_EP_ClrStall
                0x0000000008007fba       0xac ./Drivers/STM32H7xx_HAL_Driver/Src/stm32h7xx_hal_pcd.o
                0x0000000008007fba                HAL_PCD_EP_ClrStall
 .text.HAL_PCD_EP_Abort
                0x0000000008008066       0x62 ./Drivers/STM32H7xx_HAL_Driver/Src/stm32h7xx_hal_pcd.o
                0x0000000008008066                HAL_PCD_EP_Abort
 .text.PCD_WriteEmptyTxFifo
                0x00000000080080c8      0x11a ./Drivers/STM32H7xx_HAL_Driver/Src/stm32h7xx_hal_pcd.o
 *fill*         0x00000000080081e2        0x2 
 .text.PCD_EP_OutXfrComplete_int
                0x00000000080081e4      0x1d0 ./Drivers/STM32H7xx_HAL_Driver/Src/stm32h7xx_hal_pcd.o
 .text.PCD_EP_OutSetupPacket_int
                0x00000000080083b4       0x8c ./Drivers/STM32H7xx_HAL_Driver/Src/stm32h7xx_hal_pcd.o
 .text.HAL_PCDEx_SetTxFiFo
                0x0000000008008440       0x8e ./Drivers/STM32H7xx_HAL_Driver/Src/stm32h7xx_hal_pcd_ex.o
                0x0000000008008440                HAL_PCDEx_SetTxFiFo
 .text.HAL_PCDEx_SetRxFiFo
                0x00000000080084ce       0x22 ./Drivers/STM32H7xx_HAL_Driver/Src/stm32h7xx_hal_pcd_ex.o
                0x00000000080084ce                HAL_PCDEx_SetRxFiFo
 .text.HAL_PCDEx_ActivateLPM
                0x00000000080084f0       0x48 ./Drivers/STM32H7xx_HAL_Driver/Src/stm32h7xx_hal_pcd_ex.o
                0x00000000080084f0                HAL_PCDEx_ActivateLPM
 .text.HAL_PCDEx_LPM_Callback
                0x0000000008008538       0x18 ./Drivers/STM32H7xx_HAL_Driver/Src/stm32h7xx_hal_pcd_ex.o
                0x0000000008008538                HAL_PCDEx_LPM_Callback
 .text.HAL_PWREx_ConfigSupply
                0x0000000008008550       0x74 ./Drivers/STM32H7xx_HAL_Driver/Src/stm32h7xx_hal_pwr_ex.o
                0x0000000008008550                HAL_PWREx_ConfigSupply
 .text.HAL_PWREx_EnableUSBVoltageDetector
                0x00000000080085c4       0x20 ./Drivers/STM32H7xx_HAL_Driver/Src/stm32h7xx_hal_pwr_ex.o
                0x00000000080085c4                HAL_PWREx_EnableUSBVoltageDetector
 .text.HAL_RCC_OscConfig
                0x00000000080085e4      0x7b4 ./Drivers/STM32H7xx_HAL_Driver/Src/stm32h7xx_hal_rcc.o
                0x00000000080085e4                HAL_RCC_OscConfig
 .text.HAL_RCC_ClockConfig
                0x0000000008008d98      0x36c ./Drivers/STM32H7xx_HAL_Driver/Src/stm32h7xx_hal_rcc.o
                0x0000000008008d98                HAL_RCC_ClockConfig
 .text.HAL_RCC_GetSysClockFreq
                0x0000000008009104      0x2f4 ./Drivers/STM32H7xx_HAL_Driver/Src/stm32h7xx_hal_rcc.o
                0x0000000008009104                HAL_RCC_GetSysClockFreq
 .text.HAL_RCC_GetHCLKFreq
                0x00000000080093f8       0x60 ./Drivers/STM32H7xx_HAL_Driver/Src/stm32h7xx_hal_rcc.o
                0x00000000080093f8                HAL_RCC_GetHCLKFreq
 .text.HAL_RCC_GetPCLK1Freq
                0x0000000008009458       0x2c ./Drivers/STM32H7xx_HAL_Driver/Src/stm32h7xx_hal_rcc.o
                0x0000000008009458                HAL_RCC_GetPCLK1Freq
 .text.HAL_RCCEx_PeriphCLKConfig
                0x0000000008009484     0x1340 ./Drivers/STM32H7xx_HAL_Driver/Src/stm32h7xx_hal_rcc_ex.o
                0x0000000008009484                HAL_RCCEx_PeriphCLKConfig
 .text.HAL_RCCEx_GetPeriphCLKFreq
                0x000000000800a7c4      0x9a4 ./Drivers/STM32H7xx_HAL_Driver/Src/stm32h7xx_hal_rcc_ex.o
                0x000000000800a7c4                HAL_RCCEx_GetPeriphCLKFreq
 .text.HAL_RCCEx_GetD3PCLK1Freq
                0x000000000800b168       0x2c ./Drivers/STM32H7xx_HAL_Driver/Src/stm32h7xx_hal_rcc_ex.o
                0x000000000800b168                HAL_RCCEx_GetD3PCLK1Freq
 .text.HAL_RCCEx_GetPLL2ClockFreq
                0x000000000800b194      0x2a8 ./Drivers/STM32H7xx_HAL_Driver/Src/stm32h7xx_hal_rcc_ex.o
                0x000000000800b194                HAL_RCCEx_GetPLL2ClockFreq
 .text.HAL_RCCEx_GetPLL3ClockFreq
                0x000000000800b43c      0x2a8 ./Drivers/STM32H7xx_HAL_Driver/Src/stm32h7xx_hal_rcc_ex.o
                0x000000000800b43c                HAL_RCCEx_GetPLL3ClockFreq
 .text.HAL_RCCEx_GetPLL1ClockFreq
                0x000000000800b6e4      0x2a4 ./Drivers/STM32H7xx_HAL_Driver/Src/stm32h7xx_hal_rcc_ex.o
                0x000000000800b6e4                HAL_RCCEx_GetPLL1ClockFreq
 .text.RCCEx_PLL2_Config
                0x000000000800b988      0x164 ./Drivers/STM32H7xx_HAL_Driver/Src/stm32h7xx_hal_rcc_ex.o
 .text.RCCEx_PLL3_Config
                0x000000000800baec      0x164 ./Drivers/STM32H7xx_HAL_Driver/Src/stm32h7xx_hal_rcc_ex.o
 .text.USB_CoreInit
                0x000000000800bc50       0xdc ./Drivers/STM32H7xx_HAL_Driver/Src/stm32h7xx_ll_usb.o
                0x000000000800bc50                USB_CoreInit
 .text.USB_SetTurnaroundTime
                0x000000000800bd2c      0x144 ./Drivers/STM32H7xx_HAL_Driver/Src/stm32h7xx_ll_usb.o
                0x000000000800bd2c                USB_SetTurnaroundTime
 .text.USB_EnableGlobalInt
                0x000000000800be70       0x22 ./Drivers/STM32H7xx_HAL_Driver/Src/stm32h7xx_ll_usb.o
                0x000000000800be70                USB_EnableGlobalInt
 .text.USB_DisableGlobalInt
                0x000000000800be92       0x22 ./Drivers/STM32H7xx_HAL_Driver/Src/stm32h7xx_ll_usb.o
                0x000000000800be92                USB_DisableGlobalInt
 .text.USB_SetCurrentMode
                0x000000000800beb4       0x98 ./Drivers/STM32H7xx_HAL_Driver/Src/stm32h7xx_ll_usb.o
                0x000000000800beb4                USB_SetCurrentMode
 .text.USB_DevInit
                0x000000000800bf4c      0x2bc ./Drivers/STM32H7xx_HAL_Driver/Src/stm32h7xx_ll_usb.o
                0x000000000800bf4c                USB_DevInit
 .text.USB_FlushTxFifo
                0x000000000800c208       0x68 ./Drivers/STM32H7xx_HAL_Driver/Src/stm32h7xx_ll_usb.o
                0x000000000800c208                USB_FlushTxFifo
 .text.USB_FlushRxFifo
                0x000000000800c270       0x60 ./Drivers/STM32H7xx_HAL_Driver/Src/stm32h7xx_ll_usb.o
                0x000000000800c270                USB_FlushRxFifo
 .text.USB_SetDevSpeed
                0x000000000800c2d0       0x32 ./Drivers/STM32H7xx_HAL_Driver/Src/stm32h7xx_ll_usb.o
                0x000000000800c2d0                USB_SetDevSpeed
 .text.USB_GetDevSpeed
                0x000000000800c302       0x4a ./Drivers/STM32H7xx_HAL_Driver/Src/stm32h7xx_ll_usb.o
                0x000000000800c302                USB_GetDevSpeed
 .text.USB_ActivateEndpoint
                0x000000000800c34c      0x110 ./Drivers/STM32H7xx_HAL_Driver/Src/stm32h7xx_ll_usb.o
                0x000000000800c34c                USB_ActivateEndpoint
 .text.USB_DeactivateEndpoint
                0x000000000800c45c      0x1b8 ./Drivers/STM32H7xx_HAL_Driver/Src/stm32h7xx_ll_usb.o
                0x000000000800c45c                USB_DeactivateEndpoint
 .text.USB_EPStartXfer
                0x000000000800c614      0x540 ./Drivers/STM32H7xx_HAL_Driver/Src/stm32h7xx_ll_usb.o
                0x000000000800c614                USB_EPStartXfer
 .text.USB_EPStopXfer
                0x000000000800cb54      0x154 ./Drivers/STM32H7xx_HAL_Driver/Src/stm32h7xx_ll_usb.o
                0x000000000800cb54                USB_EPStopXfer
 .text.USB_WritePacket
                0x000000000800cca8       0x7c ./Drivers/STM32H7xx_HAL_Driver/Src/stm32h7xx_ll_usb.o
                0x000000000800cca8                USB_WritePacket
 .text.USB_ReadPacket
                0x000000000800cd24       0xb0 ./Drivers/STM32H7xx_HAL_Driver/Src/stm32h7xx_ll_usb.o
                0x000000000800cd24                USB_ReadPacket
 .text.USB_EPSetStall
                0x000000000800cdd4       0xdc ./Drivers/STM32H7xx_HAL_Driver/Src/stm32h7xx_ll_usb.o
                0x000000000800cdd4                USB_EPSetStall
 .text.USB_EPClearStall
                0x000000000800ceb0       0xcc ./Drivers/STM32H7xx_HAL_Driver/Src/stm32h7xx_ll_usb.o
                0x000000000800ceb0                USB_EPClearStall
 .text.USB_SetDevAddress
                0x000000000800cf7c       0x4c ./Drivers/STM32H7xx_HAL_Driver/Src/stm32h7xx_ll_usb.o
                0x000000000800cf7c                USB_SetDevAddress
 .text.USB_DevConnect
                0x000000000800cfc8       0x42 ./Drivers/STM32H7xx_HAL_Driver/Src/stm32h7xx_ll_usb.o
                0x000000000800cfc8                USB_DevConnect
 .text.USB_DevDisconnect
                0x000000000800d00a       0x42 ./Drivers/STM32H7xx_HAL_Driver/Src/stm32h7xx_ll_usb.o
                0x000000000800d00a                USB_DevDisconnect
 .text.USB_ReadInterrupts
                0x000000000800d04c       0x26 ./Drivers/STM32H7xx_HAL_Driver/Src/stm32h7xx_ll_usb.o
                0x000000000800d04c                USB_ReadInterrupts
 .text.USB_ReadDevAllOutEpInterrupt
                0x000000000800d072       0x34 ./Drivers/STM32H7xx_HAL_Driver/Src/stm32h7xx_ll_usb.o
                0x000000000800d072                USB_ReadDevAllOutEpInterrupt
 .text.USB_ReadDevAllInEpInterrupt
                0x000000000800d0a6       0x34 ./Drivers/STM32H7xx_HAL_Driver/Src/stm32h7xx_ll_usb.o
                0x000000000800d0a6                USB_ReadDevAllInEpInterrupt
 .text.USB_ReadDevOutEPInterrupt
                0x000000000800d0da       0x3c ./Drivers/STM32H7xx_HAL_Driver/Src/stm32h7xx_ll_usb.o
                0x000000000800d0da                USB_ReadDevOutEPInterrupt
 .text.USB_ReadDevInEPInterrupt
                0x000000000800d116       0x5c ./Drivers/STM32H7xx_HAL_Driver/Src/stm32h7xx_ll_usb.o
                0x000000000800d116                USB_ReadDevInEPInterrupt
 .text.USB_GetMode
                0x000000000800d172       0x1c ./Drivers/STM32H7xx_HAL_Driver/Src/stm32h7xx_ll_usb.o
                0x000000000800d172                USB_GetMode
 *fill*         0x000000000800d18e        0x2 
 .text.USB_ActivateSetup
                0x000000000800d190       0x48 ./Drivers/STM32H7xx_HAL_Driver/Src/stm32h7xx_ll_usb.o
                0x000000000800d190                USB_ActivateSetup
 .text.USB_EP0_OutStart
                0x000000000800d1d8       0xbc ./Drivers/STM32H7xx_HAL_Driver/Src/stm32h7xx_ll_usb.o
                0x000000000800d1d8                USB_EP0_OutStart
 .text.USB_CoreReset
                0x000000000800d294       0x68 ./Drivers/STM32H7xx_HAL_Driver/Src/stm32h7xx_ll_usb.o
 .text.USBD_CDC_Init
                0x000000000800d2fc      0x1f0 ./Middlewares/ST/STM32_USB_Device_Library/Class/CDC/Src/usbd_cdc.o
 .text.USBD_CDC_DeInit
                0x000000000800d4ec      0x104 ./Middlewares/ST/STM32_USB_Device_Library/Class/CDC/Src/usbd_cdc.o
 .text.USBD_CDC_Setup
                0x000000000800d5f0      0x1b8 ./Middlewares/ST/STM32_USB_Device_Library/Class/CDC/Src/usbd_cdc.o
 .text.USBD_CDC_DataIn
                0x000000000800d7a8       0xfe ./Middlewares/ST/STM32_USB_Device_Library/Class/CDC/Src/usbd_cdc.o
 .text.USBD_CDC_DataOut
                0x000000000800d8a6       0x70 ./Middlewares/ST/STM32_USB_Device_Library/Class/CDC/Src/usbd_cdc.o
 .text.USBD_CDC_EP0_RxReady
                0x000000000800d916       0x76 ./Middlewares/ST/STM32_USB_Device_Library/Class/CDC/Src/usbd_cdc.o
 .text.USBD_CDC_GetFSCfgDesc
                0x000000000800d98c       0x70 ./Middlewares/ST/STM32_USB_Device_Library/Class/CDC/Src/usbd_cdc.o
 .text.USBD_CDC_GetHSCfgDesc
                0x000000000800d9fc       0x70 ./Middlewares/ST/STM32_USB_Device_Library/Class/CDC/Src/usbd_cdc.o
 .text.USBD_CDC_GetOtherSpeedCfgDesc
                0x000000000800da6c       0x70 ./Middlewares/ST/STM32_USB_Device_Library/Class/CDC/Src/usbd_cdc.o
 .text.USBD_CDC_GetDeviceQualifierDescriptor
                0x000000000800dadc       0x20 ./Middlewares/ST/STM32_USB_Device_Library/Class/CDC/Src/usbd_cdc.o
                0x000000000800dadc                USBD_CDC_GetDeviceQualifierDescriptor
 .text.USBD_CDC_RegisterInterface
                0x000000000800dafc       0x34 ./Middlewares/ST/STM32_USB_Device_Library/Class/CDC/Src/usbd_cdc.o
                0x000000000800dafc                USBD_CDC_RegisterInterface
 .text.USBD_CDC_SetTxBuffer
                0x000000000800db30       0x44 ./Middlewares/ST/STM32_USB_Device_Library/Class/CDC/Src/usbd_cdc.o
                0x000000000800db30                USBD_CDC_SetTxBuffer
 .text.USBD_CDC_SetRxBuffer
                0x000000000800db74       0x3a ./Middlewares/ST/STM32_USB_Device_Library/Class/CDC/Src/usbd_cdc.o
                0x000000000800db74                USBD_CDC_SetRxBuffer
 *fill*         0x000000000800dbae        0x2 
 .text.USBD_CDC_TransmitPacket
                0x000000000800dbb0       0x80 ./Middlewares/ST/STM32_USB_Device_Library/Class/CDC/Src/usbd_cdc.o
                0x000000000800dbb0                USBD_CDC_TransmitPacket
 .text.USBD_CDC_ReceivePacket
                0x000000000800dc30       0x6c ./Middlewares/ST/STM32_USB_Device_Library/Class/CDC/Src/usbd_cdc.o
                0x000000000800dc30                USBD_CDC_ReceivePacket
 .text.USBD_Init
                0x000000000800dc9c       0x60 ./Middlewares/ST/STM32_USB_Device_Library/Core/Src/usbd_core.o
                0x000000000800dc9c                USBD_Init
 .text.USBD_RegisterClass
                0x000000000800dcfc       0x6c ./Middlewares/ST/STM32_USB_Device_Library/Core/Src/usbd_core.o
                0x000000000800dcfc                USBD_RegisterClass
 .text.USBD_Start
                0x000000000800dd68       0x18 ./Middlewares/ST/STM32_USB_Device_Library/Core/Src/usbd_core.o
                0x000000000800dd68                USBD_Start
 .text.USBD_RunTestMode
                0x000000000800dd80       0x16 ./Middlewares/ST/STM32_USB_Device_Library/Core/Src/usbd_core.o
                0x000000000800dd80                USBD_RunTestMode
 .text.USBD_SetClassConfig
                0x000000000800dd96       0x38 ./Middlewares/ST/STM32_USB_Device_Library/Core/Src/usbd_core.o
                0x000000000800dd96                USBD_SetClassConfig
 .text.USBD_ClrClassConfig
                0x000000000800ddce       0x34 ./Middlewares/ST/STM32_USB_Device_Library/Core/Src/usbd_core.o
                0x000000000800ddce                USBD_ClrClassConfig
 .text.USBD_LL_SetupStage
                0x000000000800de02       0xaa ./Middlewares/ST/STM32_USB_Device_Library/Core/Src/usbd_core.o
                0x000000000800de02                USBD_LL_SetupStage
 .text.USBD_LL_DataOutStage
                0x000000000800deac      0x166 ./Middlewares/ST/STM32_USB_Device_Library/Core/Src/usbd_core.o
                0x000000000800deac                USBD_LL_DataOutStage
 .text.USBD_LL_DataInStage
                0x000000000800e012      0x164 ./Middlewares/ST/STM32_USB_Device_Library/Core/Src/usbd_core.o
                0x000000000800e012                USBD_LL_DataInStage
 .text.USBD_LL_Reset
                0x000000000800e176       0xa4 ./Middlewares/ST/STM32_USB_Device_Library/Core/Src/usbd_core.o
                0x000000000800e176                USBD_LL_Reset
 .text.USBD_LL_SetSpeed
                0x000000000800e21a       0x20 ./Middlewares/ST/STM32_USB_Device_Library/Core/Src/usbd_core.o
                0x000000000800e21a                USBD_LL_SetSpeed
 .text.USBD_LL_Suspend
                0x000000000800e23a       0x38 ./Middlewares/ST/STM32_USB_Device_Library/Core/Src/usbd_core.o
                0x000000000800e23a                USBD_LL_Suspend
 .text.USBD_LL_Resume
                0x000000000800e272       0x30 ./Middlewares/ST/STM32_USB_Device_Library/Core/Src/usbd_core.o
                0x000000000800e272                USBD_LL_Resume
 .text.USBD_LL_SOF
                0x000000000800e2a2       0x40 ./Middlewares/ST/STM32_USB_Device_Library/Core/Src/usbd_core.o
                0x000000000800e2a2                USBD_LL_SOF
 .text.USBD_LL_IsoINIncomplete
                0x000000000800e2e2       0x64 ./Middlewares/ST/STM32_USB_Device_Library/Core/Src/usbd_core.o
                0x000000000800e2e2                USBD_LL_IsoINIncomplete
 .text.USBD_LL_IsoOUTIncomplete
                0x000000000800e346       0x64 ./Middlewares/ST/STM32_USB_Device_Library/Core/Src/usbd_core.o
                0x000000000800e346                USBD_LL_IsoOUTIncomplete
 .text.USBD_LL_DevConnected
                0x000000000800e3aa       0x16 ./Middlewares/ST/STM32_USB_Device_Library/Core/Src/usbd_core.o
                0x000000000800e3aa                USBD_LL_DevConnected
 .text.USBD_LL_DevDisconnected
                0x000000000800e3c0       0x46 ./Middlewares/ST/STM32_USB_Device_Library/Core/Src/usbd_core.o
                0x000000000800e3c0                USBD_LL_DevDisconnected
 .text.USBD_CoreFindIF
                0x000000000800e406       0x1a ./Middlewares/ST/STM32_USB_Device_Library/Core/Src/usbd_core.o
                0x000000000800e406                USBD_CoreFindIF
 .text.USBD_CoreFindEP
                0x000000000800e420       0x1a ./Middlewares/ST/STM32_USB_Device_Library/Core/Src/usbd_core.o
                0x000000000800e420                USBD_CoreFindEP
 .text.USBD_GetEpDesc
                0x000000000800e43a       0x74 ./Middlewares/ST/STM32_USB_Device_Library/Core/Src/usbd_core.o
                0x000000000800e43a                USBD_GetEpDesc
 .text.USBD_GetNextDesc
                0x000000000800e4ae       0x3a ./Middlewares/ST/STM32_USB_Device_Library/Core/Src/usbd_core.o
                0x000000000800e4ae                USBD_GetNextDesc
 .text.SWAPBYTE
                0x000000000800e4e8       0x3c ./Middlewares/ST/STM32_USB_Device_Library/Core/Src/usbd_ctlreq.o
 .text.USBD_StdDevReq
                0x000000000800e524       0xe4 ./Middlewares/ST/STM32_USB_Device_Library/Core/Src/usbd_ctlreq.o
                0x000000000800e524                USBD_StdDevReq
 .text.USBD_StdItfReq
                0x000000000800e608       0xd8 ./Middlewares/ST/STM32_USB_Device_Library/Core/Src/usbd_ctlreq.o
                0x000000000800e608                USBD_StdItfReq
 .text.USBD_StdEPReq
                0x000000000800e6e0      0x33a ./Middlewares/ST/STM32_USB_Device_Library/Core/Src/usbd_ctlreq.o
                0x000000000800e6e0                USBD_StdEPReq
 *fill*         0x000000000800ea1a        0x2 
 .text.USBD_GetDescriptor
                0x000000000800ea1c      0x2d4 ./Middlewares/ST/STM32_USB_Device_Library/Core/Src/usbd_ctlreq.o
 .text.USBD_SetAddress
                0x000000000800ecf0       0x88 ./Middlewares/ST/STM32_USB_Device_Library/Core/Src/usbd_ctlreq.o
 .text.USBD_SetConfig
                0x000000000800ed78      0x154 ./Middlewares/ST/STM32_USB_Device_Library/Core/Src/usbd_ctlreq.o
 .text.USBD_GetConfig
                0x000000000800eecc       0x6c ./Middlewares/ST/STM32_USB_Device_Library/Core/Src/usbd_ctlreq.o
 .text.USBD_GetStatus
                0x000000000800ef38       0x68 ./Middlewares/ST/STM32_USB_Device_Library/Core/Src/usbd_ctlreq.o
 .text.USBD_SetFeature
                0x000000000800efa0       0x52 ./Middlewares/ST/STM32_USB_Device_Library/Core/Src/usbd_ctlreq.o
 .text.USBD_ClrFeature
                0x000000000800eff2       0x44 ./Middlewares/ST/STM32_USB_Device_Library/Core/Src/usbd_ctlreq.o
 .text.USBD_ParseSetupRequest
                0x000000000800f036       0x74 ./Middlewares/ST/STM32_USB_Device_Library/Core/Src/usbd_ctlreq.o
                0x000000000800f036                USBD_ParseSetupRequest
 .text.USBD_CtlError
                0x000000000800f0aa       0x22 ./Middlewares/ST/STM32_USB_Device_Library/Core/Src/usbd_ctlreq.o
                0x000000000800f0aa                USBD_CtlError
 .text.USBD_GetString
                0x000000000800f0cc       0x8c ./Middlewares/ST/STM32_USB_Device_Library/Core/Src/usbd_ctlreq.o
                0x000000000800f0cc                USBD_GetString
 .text.USBD_GetLen
                0x000000000800f158       0x34 ./Middlewares/ST/STM32_USB_Device_Library/Core/Src/usbd_ctlreq.o
 .text.USBD_CtlSendData
                0x000000000800f18c       0x36 ./Middlewares/ST/STM32_USB_Device_Library/Core/Src/usbd_ioreq.o
                0x000000000800f18c                USBD_CtlSendData
 .text.USBD_CtlContinueSendData
                0x000000000800f1c2       0x22 ./Middlewares/ST/STM32_USB_Device_Library/Core/Src/usbd_ioreq.o
                0x000000000800f1c2                USBD_CtlContinueSendData
 .text.USBD_CtlPrepareRx
                0x000000000800f1e4       0x3a ./Middlewares/ST/STM32_USB_Device_Library/Core/Src/usbd_ioreq.o
                0x000000000800f1e4                USBD_CtlPrepareRx
 .text.USBD_CtlContinueRx
                0x000000000800f21e       0x22 ./Middlewares/ST/STM32_USB_Device_Library/Core/Src/usbd_ioreq.o
                0x000000000800f21e                USBD_CtlContinueRx
 .text.USBD_CtlSendStatus
                0x000000000800f240       0x26 ./Middlewares/ST/STM32_USB_Device_Library/Core/Src/usbd_ioreq.o
                0x000000000800f240                USBD_CtlSendStatus
 .text.USBD_CtlReceiveStatus
                0x000000000800f266       0x26 ./Middlewares/ST/STM32_USB_Device_Library/Core/Src/usbd_ioreq.o
                0x000000000800f266                USBD_CtlReceiveStatus
 .text.MX_USB_DEVICE_Init
                0x000000000800f28c       0x64 ./USB_DEVICE/App/usb_device.o
                0x000000000800f28c                MX_USB_DEVICE_Init
 .text.CDC_Init_HS
                0x000000000800f2f0       0x28 ./USB_DEVICE/App/usbd_cdc_if.o
 .text.CDC_DeInit_HS
                0x000000000800f318       0x10 ./USB_DEVICE/App/usbd_cdc_if.o
 .text.CDC_Control_HS
                0x000000000800f328       0xbc ./USB_DEVICE/App/usbd_cdc_if.o
 .text.CDC_Receive_HS
                0x000000000800f3e4       0x54 ./USB_DEVICE/App/usbd_cdc_if.o
 .text.CDC_Transmit_HS
                0x000000000800f438       0x4c ./USB_DEVICE/App/usbd_cdc_if.o
                0x000000000800f438                CDC_Transmit_HS
 .text.CDC_TransmitCplt_HS
                0x000000000800f484       0x22 ./USB_DEVICE/App/usbd_cdc_if.o
 *fill*         0x000000000800f4a6        0x2 
 .text.USBD_HS_DeviceDescriptor
                0x000000000800f4a8       0x24 ./USB_DEVICE/App/usbd_desc.o
                0x000000000800f4a8                USBD_HS_DeviceDescriptor
 .text.USBD_HS_LangIDStrDescriptor
                0x000000000800f4cc       0x24 ./USB_DEVICE/App/usbd_desc.o
                0x000000000800f4cc                USBD_HS_LangIDStrDescriptor
 .text.USBD_HS_ProductStrDescriptor
                0x000000000800f4f0       0x3c ./USB_DEVICE/App/usbd_desc.o
                0x000000000800f4f0                USBD_HS_ProductStrDescriptor
 .text.USBD_HS_ManufacturerStrDescriptor
                0x000000000800f52c       0x28 ./USB_DEVICE/App/usbd_desc.o
                0x000000000800f52c                USBD_HS_ManufacturerStrDescriptor
 .text.USBD_HS_SerialStrDescriptor
                0x000000000800f554       0x24 ./USB_DEVICE/App/usbd_desc.o
                0x000000000800f554                USBD_HS_SerialStrDescriptor
 .text.USBD_HS_ConfigStrDescriptor
                0x000000000800f578       0x3c ./USB_DEVICE/App/usbd_desc.o
                0x000000000800f578                USBD_HS_ConfigStrDescriptor
 .text.USBD_HS_InterfaceStrDescriptor
                0x000000000800f5b4       0x3c ./USB_DEVICE/App/usbd_desc.o
                0x000000000800f5b4                USBD_HS_InterfaceStrDescriptor
 .text.Get_SerialNum
                0x000000000800f5f0       0x58 ./USB_DEVICE/App/usbd_desc.o
 .text.IntToUnicode
                0x000000000800f648       0x7e ./USB_DEVICE/App/usbd_desc.o
 *fill*         0x000000000800f6c6        0x2 
 .text.HAL_PCD_MspInit
                0x000000000800f6c8       0x8c ./USB_DEVICE/Target/usbd_conf.o
                0x000000000800f6c8                HAL_PCD_MspInit
 .text.HAL_PCD_SetupStageCallback
                0x000000000800f754       0x24 ./USB_DEVICE/Target/usbd_conf.o
                0x000000000800f754                HAL_PCD_SetupStageCallback
 .text.HAL_PCD_DataOutStageCallback
                0x000000000800f778       0x36 ./USB_DEVICE/Target/usbd_conf.o
                0x000000000800f778                HAL_PCD_DataOutStageCallback
 .text.HAL_PCD_DataInStageCallback
                0x000000000800f7ae       0x34 ./USB_DEVICE/Target/usbd_conf.o
                0x000000000800f7ae                HAL_PCD_DataInStageCallback
 .text.HAL_PCD_SOFCallback
                0x000000000800f7e2       0x1c ./USB_DEVICE/Target/usbd_conf.o
                0x000000000800f7e2                HAL_PCD_SOFCallback
 .text.HAL_PCD_ResetCallback
                0x000000000800f7fe       0x50 ./USB_DEVICE/Target/usbd_conf.o
                0x000000000800f7fe                HAL_PCD_ResetCallback
 *fill*         0x000000000800f84e        0x2 
 .text.HAL_PCD_SuspendCallback
                0x000000000800f850       0x4c ./USB_DEVICE/Target/usbd_conf.o
                0x000000000800f850                HAL_PCD_SuspendCallback
 .text.HAL_PCD_ResumeCallback
                0x000000000800f89c       0x1c ./USB_DEVICE/Target/usbd_conf.o
                0x000000000800f89c                HAL_PCD_ResumeCallback
 .text.HAL_PCD_ISOOUTIncompleteCallback
                0x000000000800f8b8       0x24 ./USB_DEVICE/Target/usbd_conf.o
                0x000000000800f8b8                HAL_PCD_ISOOUTIncompleteCallback
 .text.HAL_PCD_ISOINIncompleteCallback
                0x000000000800f8dc       0x24 ./USB_DEVICE/Target/usbd_conf.o
                0x000000000800f8dc                HAL_PCD_ISOINIncompleteCallback
 .text.HAL_PCD_ConnectCallback
                0x000000000800f900       0x1c ./USB_DEVICE/Target/usbd_conf.o
                0x000000000800f900                HAL_PCD_ConnectCallback
 .text.HAL_PCD_DisconnectCallback
                0x000000000800f91c       0x1c ./USB_DEVICE/Target/usbd_conf.o
                0x000000000800f91c                HAL_PCD_DisconnectCallback
 .text.USBD_LL_Init
                0x000000000800f938       0xa4 ./USB_DEVICE/Target/usbd_conf.o
                0x000000000800f938                USBD_LL_Init
 .text.USBD_LL_Start
                0x000000000800f9dc       0x36 ./USB_DEVICE/Target/usbd_conf.o
                0x000000000800f9dc                USBD_LL_Start
 .text.USBD_LL_OpenEP
                0x000000000800fa12       0x4c ./USB_DEVICE/Target/usbd_conf.o
                0x000000000800fa12                USBD_LL_OpenEP
 .text.USBD_LL_CloseEP
                0x000000000800fa5e       0x3e ./USB_DEVICE/Target/usbd_conf.o
                0x000000000800fa5e                USBD_LL_CloseEP
 .text.USBD_LL_StallEP
                0x000000000800fa9c       0x3e ./USB_DEVICE/Target/usbd_conf.o
                0x000000000800fa9c                USBD_LL_StallEP
 .text.USBD_LL_ClearStallEP
                0x000000000800fada       0x3e ./USB_DEVICE/Target/usbd_conf.o
                0x000000000800fada                USBD_LL_ClearStallEP
 .text.USBD_LL_IsStallEP
                0x000000000800fb18       0x58 ./USB_DEVICE/Target/usbd_conf.o
                0x000000000800fb18                USBD_LL_IsStallEP
 .text.USBD_LL_SetUSBAddress
                0x000000000800fb70       0x3e ./USB_DEVICE/Target/usbd_conf.o
                0x000000000800fb70                USBD_LL_SetUSBAddress
 .text.USBD_LL_Transmit
                0x000000000800fbae       0x42 ./USB_DEVICE/Target/usbd_conf.o
                0x000000000800fbae                USBD_LL_Transmit
 .text.USBD_LL_PrepareReceive
                0x000000000800fbf0       0x42 ./USB_DEVICE/Target/usbd_conf.o
                0x000000000800fbf0                USBD_LL_PrepareReceive
 .text.USBD_LL_GetRxDataSize
                0x000000000800fc32       0x26 ./USB_DEVICE/Target/usbd_conf.o
                0x000000000800fc32                USBD_LL_GetRxDataSize
 .text.USBD_static_malloc
                0x000000000800fc58       0x1c ./USB_DEVICE/Target/usbd_conf.o
                0x000000000800fc58                USBD_static_malloc
 .text.USBD_static_free
                0x000000000800fc74       0x14 ./USB_DEVICE/Target/usbd_conf.o
                0x000000000800fc74                USBD_static_free
 .text.USBD_Get_USB_Status
                0x000000000800fc88       0x58 ./USB_DEVICE/Target/usbd_conf.o
                0x000000000800fc88                USBD_Get_USB_Status
 .text.calloc   0x000000000800fce0       0x10 c:/st/stm32cubeide_1.12.0/stm32cubeide/plugins/com.st.stm32cube.ide.mcu.externaltools.gnu-tools-for-stm32.10.3-2021.10.win32_1.0.200.202301161003/tools/bin/../lib/gcc/arm-none-eabi/10.3.1/../../../../arm-none-eabi/lib/thumb/v7e-m+dp/hard\libc_nano.a(lib_a-calloc.o)
                0x000000000800fce0                calloc
 .text.__errno  0x000000000800fcf0        0xc c:/st/stm32cubeide_1.12.0/stm32cubeide/plugins/com.st.stm32cube.ide.mcu.externaltools.gnu-tools-for-stm32.10.3-2021.10.win32_1.0.200.202301161003/tools/bin/../lib/gcc/arm-none-eabi/10.3.1/../../../../arm-none-eabi/lib/thumb/v7e-m+dp/hard\libc_nano.a(lib_a-errno.o)
                0x000000000800fcf0                __errno
 .text.__libc_init_array
                0x000000000800fcfc       0x48 c:/st/stm32cubeide_1.12.0/stm32cubeide/plugins/com.st.stm32cube.ide.mcu.externaltools.gnu-tools-for-stm32.10.3-2021.10.win32_1.0.200.202301161003/tools/bin/../lib/gcc/arm-none-eabi/10.3.1/../../../../arm-none-eabi/lib/thumb/v7e-m+dp/hard\libc_nano.a(lib_a-init.o)
                0x000000000800fcfc                __libc_init_array
 .text.free     0x000000000800fd44       0x10 c:/st/stm32cubeide_1.12.0/stm32cubeide/plugins/com.st.stm32cube.ide.mcu.externaltools.gnu-tools-for-stm32.10.3-2021.10.win32_1.0.200.202301161003/tools/bin/../lib/gcc/arm-none-eabi/10.3.1/../../../../arm-none-eabi/lib/thumb/v7e-m+dp/hard\libc_nano.a(lib_a-malloc.o)
                0x000000000800fd44                free
 .text.memcpy   0x000000000800fd54       0x1c c:/st/stm32cubeide_1.12.0/stm32cubeide/plugins/com.st.stm32cube.ide.mcu.externaltools.gnu-tools-for-stm32.10.3-2021.10.win32_1.0.200.202301161003/tools/bin/../lib/gcc/arm-none-eabi/10.3.1/../../../../arm-none-eabi/lib/thumb/v7e-m+dp/hard\libc_nano.a(lib_a-memcpy-stub.o)
                0x000000000800fd54                memcpy
 .text.memset   0x000000000800fd70       0x10 c:/st/stm32cubeide_1.12.0/stm32cubeide/plugins/com.st.stm32cube.ide.mcu.externaltools.gnu-tools-for-stm32.10.3-2021.10.win32_1.0.200.202301161003/tools/bin/../lib/gcc/arm-none-eabi/10.3.1/../../../../arm-none-eabi/lib/thumb/v7e-m+dp/hard\libc_nano.a(lib_a-memset.o)
                0x000000000800fd70                memset
 .text._calloc_r
                0x000000000800fd80       0x2c c:/st/stm32cubeide_1.12.0/stm32cubeide/plugins/com.st.stm32cube.ide.mcu.externaltools.gnu-tools-for-stm32.10.3-2021.10.win32_1.0.200.202301161003/tools/bin/../lib/gcc/arm-none-eabi/10.3.1/../../../../arm-none-eabi/lib/thumb/v7e-m+dp/hard\libc_nano.a(lib_a-nano-callocr.o)
                0x000000000800fd80                _calloc_r
 .text._free_r  0x000000000800fdac       0x98 c:/st/stm32cubeide_1.12.0/stm32cubeide/plugins/com.st.stm32cube.ide.mcu.externaltools.gnu-tools-for-stm32.10.3-2021.10.win32_1.0.200.202301161003/tools/bin/../lib/gcc/arm-none-eabi/10.3.1/../../../../arm-none-eabi/lib/thumb/v7e-m+dp/hard\libc_nano.a(lib_a-nano-freer.o)
                0x000000000800fdac                _free_r
 .text.sbrk_aligned
                0x000000000800fe44       0x40 c:/st/stm32cubeide_1.12.0/stm32cubeide/plugins/com.st.stm32cube.ide.mcu.externaltools.gnu-tools-for-stm32.10.3-2021.10.win32_1.0.200.202301161003/tools/bin/../lib/gcc/arm-none-eabi/10.3.1/../../../../arm-none-eabi/lib/thumb/v7e-m+dp/hard\libc_nano.a(lib_a-nano-mallocr.o)
 .text._malloc_r
                0x000000000800fe84       0xe8 c:/st/stm32cubeide_1.12.0/stm32cubeide/plugins/com.st.stm32cube.ide.mcu.externaltools.gnu-tools-for-stm32.10.3-2021.10.win32_1.0.200.202301161003/tools/bin/../lib/gcc/arm-none-eabi/10.3.1/../../../../arm-none-eabi/lib/thumb/v7e-m+dp/hard\libc_nano.a(lib_a-nano-mallocr.o)
                0x000000000800fe84                _malloc_r
 .text._sbrk_r  0x000000000800ff6c       0x20 c:/st/stm32cubeide_1.12.0/stm32cubeide/plugins/com.st.stm32cube.ide.mcu.externaltools.gnu-tools-for-stm32.10.3-2021.10.win32_1.0.200.202301161003/tools/bin/../lib/gcc/arm-none-eabi/10.3.1/../../../../arm-none-eabi/lib/thumb/v7e-m+dp/hard\libc_nano.a(lib_a-sbrkr.o)
                0x000000000800ff6c                _sbrk_r
 .text.__malloc_lock
                0x000000000800ff8c        0xc c:/st/stm32cubeide_1.12.0/stm32cubeide/plugins/com.st.stm32cube.ide.mcu.externaltools.gnu-tools-for-stm32.10.3-2021.10.win32_1.0.200.202301161003/tools/bin/../lib/gcc/arm-none-eabi/10.3.1/../../../../arm-none-eabi/lib/thumb/v7e-m+dp/hard\libc_nano.a(lib_a-mlock.o)
                0x000000000800ff8c                __malloc_lock
 .text.__malloc_unlock
                0x000000000800ff98        0xc c:/st/stm32cubeide_1.12.0/stm32cubeide/plugins/com.st.stm32cube.ide.mcu.externaltools.gnu-tools-for-stm32.10.3-2021.10.win32_1.0.200.202301161003/tools/bin/../lib/gcc/arm-none-eabi/10.3.1/../../../../arm-none-eabi/lib/thumb/v7e-m+dp/hard\libc_nano.a(lib_a-mlock.o)
                0x000000000800ff98                __malloc_unlock
 .text.__retarget_lock_acquire_recursive
                0x000000000800ffa4        0x2 c:/st/stm32cubeide_1.12.0/stm32cubeide/plugins/com.st.stm32cube.ide.mcu.externaltools.gnu-tools-for-stm32.10.3-2021.10.win32_1.0.200.202301161003/tools/bin/../lib/gcc/arm-none-eabi/10.3.1/../../../../arm-none-eabi/lib/thumb/v7e-m+dp/hard\libc_nano.a(lib_a-lock.o)
                0x000000000800ffa4                __retarget_lock_acquire_recursive
 .text.__retarget_lock_release_recursive
                0x000000000800ffa6        0x2 c:/st/stm32cubeide_1.12.0/stm32cubeide/plugins/com.st.stm32cube.ide.mcu.externaltools.gnu-tools-for-stm32.10.3-2021.10.win32_1.0.200.202301161003/tools/bin/../lib/gcc/arm-none-eabi/10.3.1/../../../../arm-none-eabi/lib/thumb/v7e-m+dp/hard\libc_nano.a(lib_a-lock.o)
                0x000000000800ffa6                __retarget_lock_release_recursive
 .text.exp      0x000000000800ffa8      0x1a4 c:/st/stm32cubeide_1.12.0/stm32cubeide/plugins/com.st.stm32cube.ide.mcu.externaltools.gnu-tools-for-stm32.10.3-2021.10.win32_1.0.200.202301161003/tools/bin/../lib/gcc/arm-none-eabi/10.3.1/../../../../arm-none-eabi/lib/thumb/v7e-m+dp/hard\libm.a(lib_a-exp.o)
                0x000000000800ffa8                exp
 .text.with_errno
                0x000000000801014c       0x16 c:/st/stm32cubeide_1.12.0/stm32cubeide/plugins/com.st.stm32cube.ide.mcu.externaltools.gnu-tools-for-stm32.10.3-2021.10.win32_1.0.200.202301161003/tools/bin/../lib/gcc/arm-none-eabi/10.3.1/../../../../arm-none-eabi/lib/thumb/v7e-m+dp/hard\libm.a(lib_a-math_err.o)
 .text.xflow    0x0000000008010162       0x22 c:/st/stm32cubeide_1.12.0/stm32cubeide/plugins/com.st.stm32cube.ide.mcu.externaltools.gnu-tools-for-stm32.10.3-2021.10.win32_1.0.200.202301161003/tools/bin/../lib/gcc/arm-none-eabi/10.3.1/../../../../arm-none-eabi/lib/thumb/v7e-m+dp/hard\libm.a(lib_a-math_err.o)
 *fill*         0x0000000008010184        0x4 
 .text.__math_uflow
                0x0000000008010188       0x10 c:/st/stm32cubeide_1.12.0/stm32cubeide/plugins/com.st.stm32cube.ide.mcu.externaltools.gnu-tools-for-stm32.10.3-2021.10.win32_1.0.200.202301161003/tools/bin/../lib/gcc/arm-none-eabi/10.3.1/../../../../arm-none-eabi/lib/thumb/v7e-m+dp/hard\libm.a(lib_a-math_err.o)
                0x0000000008010188                __math_uflow
 .text.__math_oflow
                0x0000000008010198       0x10 c:/st/stm32cubeide_1.12.0/stm32cubeide/plugins/com.st.stm32cube.ide.mcu.externaltools.gnu-tools-for-stm32.10.3-2021.10.win32_1.0.200.202301161003/tools/bin/../lib/gcc/arm-none-eabi/10.3.1/../../../../arm-none-eabi/lib/thumb/v7e-m+dp/hard\libm.a(lib_a-math_err.o)
                0x0000000008010198                __math_oflow
 .text.__math_check_uflow
                0x00000000080101a8       0x12 c:/st/stm32cubeide_1.12.0/stm32cubeide/plugins/com.st.stm32cube.ide.mcu.externaltools.gnu-tools-for-stm32.10.3-2021.10.win32_1.0.200.202301161003/tools/bin/../lib/gcc/arm-none-eabi/10.3.1/../../../../arm-none-eabi/lib/thumb/v7e-m+dp/hard\libm.a(lib_a-math_err.o)
                0x00000000080101a8                __math_check_uflow
 *fill*         0x00000000080101ba        0x6 
 .text.__math_check_oflow
                0x00000000080101c0       0x28 c:/st/stm32cubeide_1.12.0/stm32cubeide/plugins/com.st.stm32cube.ide.mcu.externaltools.gnu-tools-for-stm32.10.3-2021.10.win32_1.0.200.202301161003/tools/bin/../lib/gcc/arm-none-eabi/10.3.1/../../../../arm-none-eabi/lib/thumb/v7e-m+dp/hard\libm.a(lib_a-math_err.o)
                0x00000000080101c0                __math_check_oflow
 .text.ceil     0x00000000080101e8       0xf0 c:/st/stm32cubeide_1.12.0/stm32cubeide/plugins/com.st.stm32cube.ide.mcu.externaltools.gnu-tools-for-stm32.10.3-2021.10.win32_1.0.200.202301161003/tools/bin/../lib/gcc/arm-none-eabi/10.3.1/../../../../arm-none-eabi/lib/thumb/v7e-m+dp/hard\libm.a(lib_a-s_ceil.o)
                0x00000000080101e8                ceil
 .text.floor    0x00000000080102d8       0xe8 c:/st/stm32cubeide_1.12.0/stm32cubeide/plugins/com.st.stm32cube.ide.mcu.externaltools.gnu-tools-for-stm32.10.3-2021.10.win32_1.0.200.202301161003/tools/bin/../lib/gcc/arm-none-eabi/10.3.1/../../../../arm-none-eabi/lib/thumb/v7e-m+dp/hard\libm.a(lib_a-s_floor.o)
                0x00000000080102d8                floor
 .text.atanf    0x00000000080103c0      0x1a8 c:/st/stm32cubeide_1.12.0/stm32cubeide/plugins/com.st.stm32cube.ide.mcu.externaltools.gnu-tools-for-stm32.10.3-2021.10.win32_1.0.200.202301161003/tools/bin/../lib/gcc/arm-none-eabi/10.3.1/../../../../arm-none-eabi/lib/thumb/v7e-m+dp/hard\libm.a(lib_a-sf_atan.o)
                0x00000000080103c0                atanf
 .text.fabsf    0x0000000008010568        0xe c:/st/stm32cubeide_1.12.0/stm32cubeide/plugins/com.st.stm32cube.ide.mcu.externaltools.gnu-tools-for-stm32.10.3-2021.10.win32_1.0.200.202301161003/tools/bin/../lib/gcc/arm-none-eabi/10.3.1/../../../../arm-none-eabi/lib/thumb/v7e-m+dp/hard\libm.a(lib_a-sf_fabs.o)
                0x0000000008010568                fabsf
 .text.sinf_poly
                0x0000000008010576       0x54 c:/st/stm32cubeide_1.12.0/stm32cubeide/plugins/com.st.stm32cube.ide.mcu.externaltools.gnu-tools-for-stm32.10.3-2021.10.win32_1.0.200.202301161003/tools/bin/../lib/gcc/arm-none-eabi/10.3.1/../../../../arm-none-eabi/lib/thumb/v7e-m+dp/hard\libm.a(lib_a-sinf.o)
 *fill*         0x00000000080105ca        0x6 
 .text.sinf     0x00000000080105d0      0x130 c:/st/stm32cubeide_1.12.0/stm32cubeide/plugins/com.st.stm32cube.ide.mcu.externaltools.gnu-tools-for-stm32.10.3-2021.10.win32_1.0.200.202301161003/tools/bin/../lib/gcc/arm-none-eabi/10.3.1/../../../../arm-none-eabi/lib/thumb/v7e-m+dp/hard\libm.a(lib_a-sinf.o)
                0x00000000080105d0                sinf
 .text.with_errnof
                0x0000000008010700       0x16 c:/st/stm32cubeide_1.12.0/stm32cubeide/plugins/com.st.stm32cube.ide.mcu.externaltools.gnu-tools-for-stm32.10.3-2021.10.win32_1.0.200.202301161003/tools/bin/../lib/gcc/arm-none-eabi/10.3.1/../../../../arm-none-eabi/lib/thumb/v7e-m+dp/hard\libm.a(lib_a-math_errf.o)
 .text.__math_invalidf
                0x0000000008010716       0x1e c:/st/stm32cubeide_1.12.0/stm32cubeide/plugins/com.st.stm32cube.ide.mcu.externaltools.gnu-tools-for-stm32.10.3-2021.10.win32_1.0.200.202301161003/tools/bin/../lib/gcc/arm-none-eabi/10.3.1/../../../../arm-none-eabi/lib/thumb/v7e-m+dp/hard\libm.a(lib_a-math_errf.o)
                0x0000000008010716                __math_invalidf
 *(.glue_7)
 .glue_7        0x0000000008010734        0x0 linker stubs
 *(.glue_7t)
 .glue_7t       0x0000000008010734        0x0 linker stubs
 *(.eh_frame)
 .eh_frame      0x0000000008010734        0x0 c:/st/stm32cubeide_1.12.0/stm32cubeide/plugins/com.st.stm32cube.ide.mcu.externaltools.gnu-tools-for-stm32.10.3-2021.10.win32_1.0.200.202301161003/tools/bin/../lib/gcc/arm-none-eabi/10.3.1/thumb/v7e-m+dp/hard/crtbegin.o
 *(.init)
 .init          0x0000000008010734        0x4 c:/st/stm32cubeide_1.12.0/stm32cubeide/plugins/com.st.stm32cube.ide.mcu.externaltools.gnu-tools-for-stm32.10.3-2021.10.win32_1.0.200.202301161003/tools/bin/../lib/gcc/arm-none-eabi/10.3.1/thumb/v7e-m+dp/hard/crti.o
                0x0000000008010734                _init
 .init          0x0000000008010738        0x8 c:/st/stm32cubeide_1.12.0/stm32cubeide/plugins/com.st.stm32cube.ide.mcu.externaltools.gnu-tools-for-stm32.10.3-2021.10.win32_1.0.200.202301161003/tools/bin/../lib/gcc/arm-none-eabi/10.3.1/thumb/v7e-m+dp/hard/crtn.o
 *(.fini)
 .fini          0x0000000008010740        0x4 c:/st/stm32cubeide_1.12.0/stm32cubeide/plugins/com.st.stm32cube.ide.mcu.externaltools.gnu-tools-for-stm32.10.3-2021.10.win32_1.0.200.202301161003/tools/bin/../lib/gcc/arm-none-eabi/10.3.1/thumb/v7e-m+dp/hard/crti.o
                0x0000000008010740                _fini
 .fini          0x0000000008010744        0x8 c:/st/stm32cubeide_1.12.0/stm32cubeide/plugins/com.st.stm32cube.ide.mcu.externaltools.gnu-tools-for-stm32.10.3-2021.10.win32_1.0.200.202301161003/tools/bin/../lib/gcc/arm-none-eabi/10.3.1/thumb/v7e-m+dp/hard/crtn.o
                0x000000000801074c                . = ALIGN (0x4)
                0x000000000801074c                _etext = .

.vfp11_veneer   0x000000000801074c        0x0
 .vfp11_veneer  0x000000000801074c        0x0 linker stubs

.v4_bx          0x000000000801074c        0x0
 .v4_bx         0x000000000801074c        0x0 linker stubs

.iplt           0x000000000801074c        0x0
 .iplt          0x000000000801074c        0x0 c:/st/stm32cubeide_1.12.0/stm32cubeide/plugins/com.st.stm32cube.ide.mcu.externaltools.gnu-tools-for-stm32.10.3-2021.10.win32_1.0.200.202301161003/tools/bin/../lib/gcc/arm-none-eabi/10.3.1/thumb/v7e-m+dp/hard/crtbegin.o

.rodata         0x0000000008010750     0x1798
                0x0000000008010750                . = ALIGN (0x4)
 *(.rodata)
 .rodata        0x0000000008010750        0xb ./Core/Src/main.o
 *fill*         0x000000000801075b        0x1 
 .rodata        0x000000000801075c       0x46 ./USB_DEVICE/App/usbd_desc.o
 *(.rodata*)
 *fill*         0x00000000080107a2        0x2 
 .rodata.Font11x18
                0x00000000080107a4      0xd5c ./Core/Src/fonts.o
                0x00000000080107a4                Font11x18
 .rodata.D1CorePrescTable
                0x0000000008011500       0x10 ./Core/Src/system_stm32h7xx.o
                0x0000000008011500                D1CorePrescTable
 .rodata.flagBitshiftOffset.0
                0x0000000008011510        0x8 ./Drivers/STM32H7xx_HAL_Driver/Src/stm32h7xx_hal_dma.o
 .rodata.__exp_data
                0x0000000008011518      0x870 c:/st/stm32cubeide_1.12.0/stm32cubeide/plugins/com.st.stm32cube.ide.mcu.externaltools.gnu-tools-for-stm32.10.3-2021.10.win32_1.0.200.202301161003/tools/bin/../lib/gcc/arm-none-eabi/10.3.1/../../../../arm-none-eabi/lib/thumb/v7e-m+dp/hard\libm.a(lib_a-exp_data.o)
                0x0000000008011518                __exp_data
 .rodata.atanhi
                0x0000000008011d88       0x10 c:/st/stm32cubeide_1.12.0/stm32cubeide/plugins/com.st.stm32cube.ide.mcu.externaltools.gnu-tools-for-stm32.10.3-2021.10.win32_1.0.200.202301161003/tools/bin/../lib/gcc/arm-none-eabi/10.3.1/../../../../arm-none-eabi/lib/thumb/v7e-m+dp/hard\libm.a(lib_a-sf_atan.o)
 .rodata.atanlo
                0x0000000008011d98       0x10 c:/st/stm32cubeide_1.12.0/stm32cubeide/plugins/com.st.stm32cube.ide.mcu.externaltools.gnu-tools-for-stm32.10.3-2021.10.win32_1.0.200.202301161003/tools/bin/../lib/gcc/arm-none-eabi/10.3.1/../../../../arm-none-eabi/lib/thumb/v7e-m+dp/hard\libm.a(lib_a-sf_atan.o)
 .rodata.__inv_pio4
                0x0000000008011da8       0x60 c:/st/stm32cubeide_1.12.0/stm32cubeide/plugins/com.st.stm32cube.ide.mcu.externaltools.gnu-tools-for-stm32.10.3-2021.10.win32_1.0.200.202301161003/tools/bin/../lib/gcc/arm-none-eabi/10.3.1/../../../../arm-none-eabi/lib/thumb/v7e-m+dp/hard\libm.a(lib_a-sincosf_data.o)
                0x0000000008011da8                __inv_pio4
 .rodata.__sincosf_table
                0x0000000008011e08       0xe0 c:/st/stm32cubeide_1.12.0/stm32cubeide/plugins/com.st.stm32cube.ide.mcu.externaltools.gnu-tools-for-stm32.10.3-2021.10.win32_1.0.200.202301161003/tools/bin/../lib/gcc/arm-none-eabi/10.3.1/../../../../arm-none-eabi/lib/thumb/v7e-m+dp/hard\libm.a(lib_a-sincosf_data.o)
                0x0000000008011e08                __sincosf_table
                0x0000000008011ee8                . = ALIGN (0x4)

.rel.dyn        0x0000000008011ee8        0x0
 .rel.iplt      0x0000000008011ee8        0x0 c:/st/stm32cubeide_1.12.0/stm32cubeide/plugins/com.st.stm32cube.ide.mcu.externaltools.gnu-tools-for-stm32.10.3-2021.10.win32_1.0.200.202301161003/tools/bin/../lib/gcc/arm-none-eabi/10.3.1/thumb/v7e-m+dp/hard/crtbegin.o

.ARM.extab
 *(.ARM.extab* .gnu.linkonce.armextab.*)

.ARM            0x0000000008011ee8        0x0
                0x0000000008011ee8                __exidx_start = .
 *(.ARM.exidx*)
                0x0000000008011ee8                __exidx_end = .

.preinit_array  0x0000000008011ee8        0x0
                0x0000000008011ee8                PROVIDE (__preinit_array_start = .)
 *(.preinit_array*)
                0x0000000008011ee8                PROVIDE (__preinit_array_end = .)

.init_array     0x0000000008011ee8        0x4
                0x0000000008011ee8                PROVIDE (__init_array_start = .)
 *(SORT_BY_NAME(.init_array.*))
 *(.init_array*)
 .init_array    0x0000000008011ee8        0x4 c:/st/stm32cubeide_1.12.0/stm32cubeide/plugins/com.st.stm32cube.ide.mcu.externaltools.gnu-tools-for-stm32.10.3-2021.10.win32_1.0.200.202301161003/tools/bin/../lib/gcc/arm-none-eabi/10.3.1/thumb/v7e-m+dp/hard/crtbegin.o
                0x0000000008011eec                PROVIDE (__init_array_end = .)

.fini_array     0x0000000008011eec        0x4
                [!provide]                        PROVIDE (__fini_array_start = .)
 *(SORT_BY_NAME(.fini_array.*))
 *(.fini_array*)
 .fini_array    0x0000000008011eec        0x4 c:/st/stm32cubeide_1.12.0/stm32cubeide/plugins/com.st.stm32cube.ide.mcu.externaltools.gnu-tools-for-stm32.10.3-2021.10.win32_1.0.200.202301161003/tools/bin/../lib/gcc/arm-none-eabi/10.3.1/thumb/v7e-m+dp/hard/crtbegin.o
                [!provide]                        PROVIDE (__fini_array_end = .)
                0x0000000008011ef0                _sidata = LOADADDR (.data)

.data           0x0000000024000000      0x270 load address 0x0000000008011ef0
                0x0000000024000000                . = ALIGN (0x4)
                0x0000000024000000                _sdata = .
 *(.data)
 *(.data*)
 .data.Font_11x18
                0x0000000024000000        0x8 ./Core/Src/fonts.o
                0x0000000024000000                Font_11x18
 .data.execute  0x0000000024000008        0x1 ./Core/Src/main.o
                0x0000000024000008                execute
 *fill*         0x0000000024000009        0x3 
 .data.effectsRawData
                0x000000002400000c      0x100 ./Core/Src/main.o
                0x000000002400000c                effectsRawData
 .data.SystemCoreClock
                0x000000002400010c        0x4 ./Core/Src/system_stm32h7xx.o
                0x000000002400010c                SystemCoreClock
 .data.SystemD2Clock
                0x0000000024000110        0x4 ./Core/Src/system_stm32h7xx.o
                0x0000000024000110                SystemD2Clock
 .data.uwTickPrio
                0x0000000024000114        0x4 ./Drivers/STM32H7xx_HAL_Driver/Src/stm32h7xx_hal.o
                0x0000000024000114                uwTickPrio
 .data.uwTickFreq
                0x0000000024000118        0x1 ./Drivers/STM32H7xx_HAL_Driver/Src/stm32h7xx_hal.o
                0x0000000024000118                uwTickFreq
 *fill*         0x0000000024000119        0x3 
 .data.USBD_CDC_DeviceQualifierDesc
                0x000000002400011c        0xa ./Middlewares/ST/STM32_USB_Device_Library/Class/CDC/Src/usbd_cdc.o
 *fill*         0x0000000024000126        0x2 
 .data.USBD_CDC
                0x0000000024000128       0x38 ./Middlewares/ST/STM32_USB_Device_Library/Class/CDC/Src/usbd_cdc.o
                0x0000000024000128                USBD_CDC
 .data.USBD_CDC_CfgDesc
                0x0000000024000160       0x43 ./Middlewares/ST/STM32_USB_Device_Library/Class/CDC/Src/usbd_cdc.o
 .data.CDCInEpAdd
                0x00000000240001a3        0x1 ./Middlewares/ST/STM32_USB_Device_Library/Class/CDC/Src/usbd_cdc.o
 .data.CDCOutEpAdd
                0x00000000240001a4        0x1 ./Middlewares/ST/STM32_USB_Device_Library/Class/CDC/Src/usbd_cdc.o
 .data.CDCCmdEpAdd
                0x00000000240001a5        0x1 ./Middlewares/ST/STM32_USB_Device_Library/Class/CDC/Src/usbd_cdc.o
 *fill*         0x00000000240001a6        0x2 
 .data.USBD_Interface_fops_HS
                0x00000000240001a8       0x14 ./USB_DEVICE/App/usbd_cdc_if.o
                0x00000000240001a8                USBD_Interface_fops_HS
 .data.HS_Desc  0x00000000240001bc       0x1c ./USB_DEVICE/App/usbd_desc.o
                0x00000000240001bc                HS_Desc
 .data.USBD_HS_DeviceDesc
                0x00000000240001d8       0x12 ./USB_DEVICE/App/usbd_desc.o
                0x00000000240001d8                USBD_HS_DeviceDesc
 *fill*         0x00000000240001ea        0x2 
 .data.USBD_LangIDDesc
                0x00000000240001ec        0x4 ./USB_DEVICE/App/usbd_desc.o
                0x00000000240001ec                USBD_LangIDDesc
 .data.USBD_StringSerial
                0x00000000240001f0       0x1a ./USB_DEVICE/App/usbd_desc.o
                0x00000000240001f0                USBD_StringSerial
 *fill*         0x000000002400020a        0x2 
 .data._impure_ptr
                0x000000002400020c        0x4 c:/st/stm32cubeide_1.12.0/stm32cubeide/plugins/com.st.stm32cube.ide.mcu.externaltools.gnu-tools-for-stm32.10.3-2021.10.win32_1.0.200.202301161003/tools/bin/../lib/gcc/arm-none-eabi/10.3.1/../../../../arm-none-eabi/lib/thumb/v7e-m+dp/hard\libc_nano.a(lib_a-impure.o)
                0x000000002400020c                _impure_ptr
 .data.impure_data
                0x0000000024000210       0x60 c:/st/stm32cubeide_1.12.0/stm32cubeide/plugins/com.st.stm32cube.ide.mcu.externaltools.gnu-tools-for-stm32.10.3-2021.10.win32_1.0.200.202301161003/tools/bin/../lib/gcc/arm-none-eabi/10.3.1/../../../../arm-none-eabi/lib/thumb/v7e-m+dp/hard\libc_nano.a(lib_a-impure.o)
 *(.RamFunc)
 *(.RamFunc*)
                0x0000000024000270                . = ALIGN (0x4)
                0x0000000024000270                _edata = .

.igot.plt       0x0000000024000270        0x0 load address 0x0000000008012160
 .igot.plt      0x0000000024000270        0x0 c:/st/stm32cubeide_1.12.0/stm32cubeide/plugins/com.st.stm32cube.ide.mcu.externaltools.gnu-tools-for-stm32.10.3-2021.10.win32_1.0.200.202301161003/tools/bin/../lib/gcc/arm-none-eabi/10.3.1/thumb/v7e-m+dp/hard/crtbegin.o
                0x0000000024000270                . = ALIGN (0x4)

.bss            0x0000000024000270     0x2794 load address 0x0000000008012160
                0x0000000024000270                _sbss = .
                0x0000000024000270                __bss_start__ = _sbss
 *(.bss)
 .bss           0x0000000024000270       0x1c c:/st/stm32cubeide_1.12.0/stm32cubeide/plugins/com.st.stm32cube.ide.mcu.externaltools.gnu-tools-for-stm32.10.3-2021.10.win32_1.0.200.202301161003/tools/bin/../lib/gcc/arm-none-eabi/10.3.1/thumb/v7e-m+dp/hard/crtbegin.o
 *(.bss*)
 .bss.hi2c1     0x000000002400028c       0x54 ./Core/Src/main.o
                0x000000002400028c                hi2c1
 .bss.hi2c2     0x00000000240002e0       0x54 ./Core/Src/main.o
                0x00000000240002e0                hi2c2
 .bss.hi2s1     0x0000000024000334       0x54 ./Core/Src/main.o
                0x0000000024000334                hi2s1
 .bss.hi2s2     0x0000000024000388       0x54 ./Core/Src/main.o
                0x0000000024000388                hi2s2
 .bss.hdma_spi1_rx
                0x00000000240003dc       0x78 ./Core/Src/main.o
                0x00000000240003dc                hdma_spi1_rx
 .bss.hdma_spi2_tx
                0x0000000024000454       0x78 ./Core/Src/main.o
                0x0000000024000454                hdma_spi2_tx
 .bss.inData    0x00000000240004cc      0x100 ./Core/Src/main.o
                0x00000000240004cc                inData
 .bss.outData   0x00000000240005cc      0x100 ./Core/Src/main.o
                0x00000000240005cc                outData
 .bss.process   0x00000000240006cc       0x80 ./Core/Src/main.o
                0x00000000240006cc                process
 .bss.output    0x000000002400074c       0x80 ./Core/Src/main.o
                0x000000002400074c                output
 .bss.inReady   0x00000000240007cc        0x1 ./Core/Src/main.o
                0x00000000240007cc                inReady
 .bss.outReady  0x00000000240007cd        0x1 ./Core/Src/main.o
                0x00000000240007cd                outReady
 *fill*         0x00000000240007ce        0x2 
 .bss.effectsData
                0x00000000240007d0      0x100 ./Core/Src/main.o
                0x00000000240007d0                effectsData
 .bss.usbDataBuffer
                0x00000000240008d0      0x100 ./Core/Src/main.o
                0x00000000240008d0                usbDataBuffer
 .bss.usbBytesReady
                0x00000000240009d0        0x4 ./Core/Src/main.o
                0x00000000240009d0                usbBytesReady
 .bss.generalInputN
                0x00000000240009d4        0x4 ./Core/Src/main.o
                0x00000000240009d4                generalInputN
 .bss.SSD1306_Buffer
                0x00000000240009d8      0x400 ./Core/Src/ssd1306.o
 .bss.SSD1306   0x0000000024000dd8        0x6 ./Core/Src/ssd1306.o
 *fill*         0x0000000024000dde        0x2 
 .bss.__sbrk_heap_end
                0x0000000024000de0        0x4 ./Core/Src/sysmem.o
 .bss.uwTick    0x0000000024000de4        0x4 ./Drivers/STM32H7xx_HAL_Driver/Src/stm32h7xx_hal.o
                0x0000000024000de4                uwTick
 .bss.cfgidx.0  0x0000000024000de8        0x1 ./Middlewares/ST/STM32_USB_Device_Library/Core/Src/usbd_ctlreq.o
 *fill*         0x0000000024000de9        0x3 
 .bss.hUsbDeviceHS
                0x0000000024000dec      0x2dc ./USB_DEVICE/App/usb_device.o
                0x0000000024000dec                hUsbDeviceHS
 .bss.UserRxBufferHS
                0x00000000240010c8      0x800 ./USB_DEVICE/App/usbd_cdc_if.o
                0x00000000240010c8                UserRxBufferHS
 .bss.UserTxBufferHS
                0x00000000240018c8      0x800 ./USB_DEVICE/App/usbd_cdc_if.o
                0x00000000240018c8                UserTxBufferHS
 .bss.USBD_StrDesc
                0x00000000240020c8      0x200 ./USB_DEVICE/App/usbd_desc.o
                0x00000000240020c8                USBD_StrDesc
 .bss.hpcd_USB_OTG_HS
                0x00000000240022c8      0x50c ./USB_DEVICE/Target/usbd_conf.o
                0x00000000240022c8                hpcd_USB_OTG_HS
 .bss.mem.0     0x00000000240027d4      0x220 ./USB_DEVICE/Target/usbd_conf.o
 .bss.__malloc_free_list
                0x00000000240029f4        0x4 c:/st/stm32cubeide_1.12.0/stm32cubeide/plugins/com.st.stm32cube.ide.mcu.externaltools.gnu-tools-for-stm32.10.3-2021.10.win32_1.0.200.202301161003/tools/bin/../lib/gcc/arm-none-eabi/10.3.1/../../../../arm-none-eabi/lib/thumb/v7e-m+dp/hard\libc_nano.a(lib_a-nano-mallocr.o)
                0x00000000240029f4                __malloc_free_list
 .bss.__malloc_sbrk_start
                0x00000000240029f8        0x4 c:/st/stm32cubeide_1.12.0/stm32cubeide/plugins/com.st.stm32cube.ide.mcu.externaltools.gnu-tools-for-stm32.10.3-2021.10.win32_1.0.200.202301161003/tools/bin/../lib/gcc/arm-none-eabi/10.3.1/../../../../arm-none-eabi/lib/thumb/v7e-m+dp/hard\libc_nano.a(lib_a-nano-mallocr.o)
                0x00000000240029f8                __malloc_sbrk_start
 .bss.errno     0x00000000240029fc        0x4 c:/st/stm32cubeide_1.12.0/stm32cubeide/plugins/com.st.stm32cube.ide.mcu.externaltools.gnu-tools-for-stm32.10.3-2021.10.win32_1.0.200.202301161003/tools/bin/../lib/gcc/arm-none-eabi/10.3.1/../../../../arm-none-eabi/lib/thumb/v7e-m+dp/hard\libc_nano.a(lib_a-reent.o)
                0x00000000240029fc                errno
 .bss.__lock___malloc_recursive_mutex
                0x0000000024002a00        0x1 c:/st/stm32cubeide_1.12.0/stm32cubeide/plugins/com.st.stm32cube.ide.mcu.externaltools.gnu-tools-for-stm32.10.3-2021.10.win32_1.0.200.202301161003/tools/bin/../lib/gcc/arm-none-eabi/10.3.1/../../../../arm-none-eabi/lib/thumb/v7e-m+dp/hard\libc_nano.a(lib_a-lock.o)
                0x0000000024002a00                __lock___malloc_recursive_mutex
 *(COMMON)
                0x0000000024002a04                . = ALIGN (0x4)