Archive member included to satisfy reference by file (symbol)

c:/st/stm32cubeide_1.12.0/stm32cubeide/plugins/com.st.stm32cube.ide.mcu.externaltools.gnu-tools-for-stm32.10.3-2021.10.win32_1.0.200.202301161003/tools/bin/../lib/gcc/arm-none-eabi/10.3.1/../../../../arm-none-eabi/lib/thumb/v7e-m+dp/hard\libc_nano.a(lib_a-calloc.o)
                              ./Core/Src/main.o (calloc)
c:/st/stm32cubeide_1.12.0/stm32cubeide/plugins/com.st.stm32cube.ide.mcu.externaltools.gnu-tools-for-stm32.10.3-2021.10.win32_1.0.200.202301161003/tools/bin/../lib/gcc/arm-none-eabi/10.3.1/../../../../arm-none-eabi/lib/thumb/v7e-m+dp/hard\libc_nano.a(lib_a-errno.o)
                              ./Core/Src/syscalls.o (__errno)
c:/st/stm32cubeide_1.12.0/stm32cubeide/plugins/com.st.stm32cube.ide.mcu.externaltools.gnu-tools-for-stm32.10.3-2021.10.win32_1.0.200.202301161003/tools/bin/../lib/gcc/arm-none-eabi/10.3.1/../../../../arm-none-eabi/lib/thumb/v7e-m+dp/hard\libc_nano.a(lib_a-exit.o)
                              c:/st/stm32cubeide_1.12.0/stm32cubeide/plugins/com.st.stm32cube.ide.mcu.externaltools.gnu-tools-for-stm32.10.3-2021.10.win32_1.0.200.202301161003/tools/bin/../lib/gcc/arm-none-eabi/10.3.1/../../../../arm-none-eabi/lib/thumb/v7e-m+dp/hard/crt0.o (exit)
c:/st/stm32cubeide_1.12.0/stm32cubeide/plugins/com.st.stm32cube.ide.mcu.externaltools.gnu-tools-for-stm32.10.3-2021.10.win32_1.0.200.202301161003/tools/bin/../lib/gcc/arm-none-eabi/10.3.1/../../../../arm-none-eabi/lib/thumb/v7e-m+dp/hard\libc_nano.a(lib_a-impure.o)
                              c:/st/stm32cubeide_1.12.0/stm32cubeide/plugins/com.st.stm32cube.ide.mcu.externaltools.gnu-tools-for-stm32.10.3-2021.10.win32_1.0.200.202301161003/tools/bin/../lib/gcc/arm-none-eabi/10.3.1/../../../../arm-none-eabi/lib/thumb/v7e-m+dp/hard\libc_nano.a(lib_a-exit.o) (_global_impure_ptr)
c:/st/stm32cubeide_1.12.0/stm32cubeide/plugins/com.st.stm32cube.ide.mcu.externaltools.gnu-tools-for-stm32.10.3-2021.10.win32_1.0.200.202301161003/tools/bin/../lib/gcc/arm-none-eabi/10.3.1/../../../../arm-none-eabi/lib/thumb/v7e-m+dp/hard\libc_nano.a(lib_a-init.o)
                              c:/st/stm32cubeide_1.12.0/stm32cubeide/plugins/com.st.stm32cube.ide.mcu.externaltools.gnu-tools-for-stm32.10.3-2021.10.win32_1.0.200.202301161003/tools/bin/../lib/gcc/arm-none-eabi/10.3.1/../../../../arm-none-eabi/lib/thumb/v7e-m+dp/hard/crt0.o (__libc_init_array)
c:/st/stm32cubeide_1.12.0/stm32cubeide/plugins/com.st.stm32cube.ide.mcu.externaltools.gnu-tools-for-stm32.10.3-2021.10.win32_1.0.200.202301161003/tools/bin/../lib/gcc/arm-none-eabi/10.3.1/../../../../arm-none-eabi/lib/thumb/v7e-m+dp/hard\libc_nano.a(lib_a-malloc.o)
                              ./Core/Src/main.o (free)
c:/st/stm32cubeide_1.12.0/stm32cubeide/plugins/com.st.stm32cube.ide.mcu.externaltools.gnu-tools-for-stm32.10.3-2021.10.win32_1.0.200.202301161003/tools/bin/../lib/gcc/arm-none-eabi/10.3.1/../../../../arm-none-eabi/lib/thumb/v7e-m+dp/hard\libc_nano.a(lib_a-memcpy-stub.o)
                              ./Core/Src/main.o (memcpy)
c:/st/stm32cubeide_1.12.0/stm32cubeide/plugins/com.st.stm32cube.ide.mcu.externaltools.gnu-tools-for-stm32.10.3-2021.10.win32_1.0.200.202301161003/tools/bin/../lib/gcc/arm-none-eabi/10.3.1/../../../../arm-none-eabi/lib/thumb/v7e-m+dp/hard\libc_nano.a(lib_a-memset.o)
                              c:/st/stm32cubeide_1.12.0/stm32cubeide/plugins/com.st.stm32cube.ide.mcu.externaltools.gnu-tools-for-stm32.10.3-2021.10.win32_1.0.200.202301161003/tools/bin/../lib/gcc/arm-none-eabi/10.3.1/../../../../arm-none-eabi/lib/thumb/v7e-m+dp/hard/crt0.o (memset)
c:/st/stm32cubeide_1.12.0/stm32cubeide/plugins/com.st.stm32cube.ide.mcu.externaltools.gnu-tools-for-stm32.10.3-2021.10.win32_1.0.200.202301161003/tools/bin/../lib/gcc/arm-none-eabi/10.3.1/../../../../arm-none-eabi/lib/thumb/v7e-m+dp/hard\libc_nano.a(lib_a-nano-callocr.o)
                              c:/st/stm32cubeide_1.12.0/stm32cubeide/plugins/com.st.stm32cube.ide.mcu.externaltools.gnu-tools-for-stm32.10.3-2021.10.win32_1.0.200.202301161003/tools/bin/../lib/gcc/arm-none-eabi/10.3.1/../../../../arm-none-eabi/lib/thumb/v7e-m+dp/hard\libc_nano.a(lib_a-calloc.o) (_calloc_r)
c:/st/stm32cubeide_1.12.0/stm32cubeide/plugins/com.st.stm32cube.ide.mcu.externaltools.gnu-tools-for-stm32.10.3-2021.10.win32_1.0.200.202301161003/tools/bin/../lib/gcc/arm-none-eabi/10.3.1/../../../../arm-none-eabi/lib/thumb/v7e-m+dp/hard\libc_nano.a(lib_a-nano-freer.o)
                              c:/st/stm32cubeide_1.12.0/stm32cubeide/plugins/com.st.stm32cube.ide.mcu.externaltools.gnu-tools-for-stm32.10.3-2021.10.win32_1.0.200.202301161003/tools/bin/../lib/gcc/arm-none-eabi/10.3.1/../../../../arm-none-eabi/lib/thumb/v7e-m+dp/hard\libc_nano.a(lib_a-malloc.o) (_free_r)
[...]
Memory Configuration

Name             Origin             Length             Attributes
ITCMRAM          0x0000000000000000 0x0000000000010000 xrw
DTCMRAM          0x0000000020000000 0x0000000000020000 xrw
FLASH            0x0000000008000000 0x0000000000100000 xr
RAM_D1           0x0000000024000000 0x0000000000050000 xrw
RAM_D2           0x0000000030000000 0x0000000000008000 xrw
RAM_D3           0x0000000038000000 0x0000000000004000 xrw
*default*        0x0000000000000000 0xffffffffffffffff

Linker script and memory map

LOAD c:/st/stm32cubeide_1.12.0/stm32cubeide/plugins/com.st.stm32cube.ide.mcu.externaltools.gnu-tools-for-stm32.10.3-2021.10.win32_1.0.200.202301161003/tools/bin/../lib/gcc/arm-none-eabi/10.3.1/thumb/v7e-m+dp/hard/crti.o
LOAD c:/st/stm32cubeide_1.12.0/stm32cubeide/plugins/com.st.stm32cube.ide.mcu.externaltools.gnu-tools-for-stm32.10.3-2021.10.win32_1.0.200.202301161003/tools/bin/../lib/gcc/arm-none-eabi/10.3.1/thumb/v7e-m+dp/hard/crtbegin.o
LOAD c:/st/stm32cubeide_1.12.0/stm32cubeide/plugins/com.st.stm32cube.ide.mcu.externaltools.gnu-tools-for-stm32.10.3-2021.10.win32_1.0.200.202301161003/tools/bin/../lib/gcc/arm-none-eabi/10.3.1/../../../../arm-none-eabi/lib/thumb/v7e-m+dp/hard/crt0.o
LOAD ./Core/Src/fonts.o
LOAD ./Core/Src/main.o
LOAD ./Core/Src/ssd1306.o
LOAD ./Core/Src/stm32h7xx_hal_msp.o
LOAD ./Core/Src/stm32h7xx_it.o
LOAD ./Core/Src/syscalls.o
LOAD ./Core/Src/sysmem.o
LOAD ./Core/Src/system_stm32h7xx.o
LOAD ./Core/Src/test.o
LOAD ./Core/Startup/startup_stm32h723zgtx.o
LOAD ./Drivers/STM32H7xx_HAL_Driver/Src/stm32h7xx_hal.o
LOAD ./Drivers/STM32H7xx_HAL_Driver/Src/stm32h7xx_hal_cortex.o
LOAD ./Drivers/STM32H7xx_HAL_Driver/Src/stm32h7xx_hal_dma.o
LOAD ./Drivers/STM32H7xx_HAL_Driver/Src/stm32h7xx_hal_dma_ex.o
LOAD ./Drivers/STM32H7xx_HAL_Driver/Src/stm32h7xx_hal_exti.o
LOAD ./Drivers/STM32H7xx_HAL_Driver/Src/stm32h7xx_hal_flash.o
LOAD ./Drivers/STM32H7xx_HAL_Driver/Src/stm32h7xx_hal_flash_ex.o
LOAD ./Drivers/STM32H7xx_HAL_Driver/Src/stm32h7xx_hal_gpio.o
LOAD ./Drivers/STM32H7xx_HAL_Driver/Src/stm32h7xx_hal_hsem.o
LOAD ./Drivers/STM32H7xx_HAL_Driver/Src/stm32h7xx_hal_i2c.o
LOAD ./Drivers/STM32H7xx_HAL_Driver/Src/stm32h7xx_hal_i2c_ex.o
LOAD ./Drivers/STM32H7xx_HAL_Driver/Src/stm32h7xx_hal_i2s.o
LOAD ./Drivers/STM32H7xx_HAL_Driver/Src/stm32h7xx_hal_i2s_ex.o
LOAD ./Drivers/STM32H7xx_HAL_Driver/Src/stm32h7xx_hal_mdma.o
LOAD ./Drivers/STM32H7xx_HAL_Driver/Src/stm32h7xx_hal_pcd.o
LOAD ./Drivers/STM32H7xx_HAL_Driver/Src/stm32h7xx_hal_pcd_ex.o
LOAD ./Drivers/STM32H7xx_HAL_Driver/Src/stm32h7xx_hal_pwr.o
LOAD ./Drivers/STM32H7xx_HAL_Driver/Src/stm32h7xx_hal_pwr_ex.o
LOAD ./Drivers/STM32H7xx_HAL_Driver/Src/stm32h7xx_hal_rcc.o
LOAD ./Drivers/STM32H7xx_HAL_Driver/Src/stm32h7xx_hal_rcc_ex.o
LOAD ./Drivers/STM32H7xx_HAL_Driver/Src/stm32h7xx_hal_tim.o
LOAD ./Drivers/STM32H7xx_HAL_Driver/Src/stm32h7xx_hal_tim_ex.o
LOAD ./Drivers/STM32H7xx_HAL_Driver/Src/stm32h7xx_ll_usb.o
LOAD ./Middlewares/ST/STM32_USB_Device_Library/Class/CDC/Src/usbd_cdc.o
LOAD ./Middlewares/ST/STM32_USB_Device_Library/Core/Src/usbd_core.o
LOAD ./Middlewares/ST/STM32_USB_Device_Library/Core/Src/usbd_ctlreq.o
LOAD ./Middlewares/ST/STM32_USB_Device_Library/Core/Src/usbd_ioreq.o
LOAD ./USB_DEVICE/App/usb_device.o
LOAD ./USB_DEVICE/App/usbd_cdc_if.o
LOAD ./USB_DEVICE/App/usbd_desc.o
LOAD ./USB_DEVICE/Target/usbd_conf.o
START GROUP
LOAD c:/st/stm32cubeide_1.12.0/stm32cubeide/plugins/com.st.stm32cube.ide.mcu.externaltools.gnu-tools-for-stm32.10.3-2021.10.win32_1.0.200.202301161003/tools/bin/../lib/gcc/arm-none-eabi/10.3.1/../../../../arm-none-eabi/lib/thumb/v7e-m+dp/hard\libc_nano.a
LOAD c:/st/stm32cubeide_1.12.0/stm32cubeide/plugins/com.st.stm32cube.ide.mcu.externaltools.gnu-tools-for-stm32.10.3-2021.10.win32_1.0.200.202301161003/tools/bin/../lib/gcc/arm-none-eabi/10.3.1/../../../../arm-none-eabi/lib/thumb/v7e-m+dp/hard\libm.a
END GROUP
START GROUP
LOAD c:/st/stm32cubeide_1.12.0/stm32cubeide/plugins/com.st.stm32cube.ide.mcu.externaltools.gnu-tools-for-stm32.10.3-2021.10.win32_1.0.200.202301161003/tools/bin/../lib/gcc/arm-none-eabi/10.3.1/thumb/v7e-m+dp/hard\libgcc.a
LOAD c:/st/stm32cubeide_1.12.0/stm32cubeide/plugins/com.st.stm32cube.ide.mcu.externaltools.gnu-tools-for-stm32.10.3-2021.10.win32_1.0.200.202301161003/tools/bin/../lib/gcc/arm-none-eabi/10.3.1/../../../../arm-none-eabi/lib/thumb/v7e-m+dp/hard\libc_nano.a
END GROUP
START GROUP
LOAD c:/st/stm32cubeide_1.12.0/stm32cubeide/plugins/com.st.stm32cube.ide.mcu.externaltools.gnu-tools-for-stm32.10.3-2021.10.win32_1.0.200.202301161003/tools/bin/../lib/gcc/arm-none-eabi/10.3.1/thumb/v7e-m+dp/hard\libgcc.a
LOAD c:/st/stm32cubeide_1.12.0/stm32cubeide/plugins/com.st.stm32cube.ide.mcu.externaltools.gnu-tools-for-stm32.10.3-2021.10.win32_1.0.200.202301161003/tools/bin/../lib/gcc/arm-none-eabi/10.3.1/../../../../arm-none-eabi/lib/thumb/v7e-m+dp/hard\libc_nano.a
LOAD c:/st/stm32cubeide_1.12.0/stm32cubeide/plugins/com.st.stm32cube.ide.mcu.externaltools.gnu-tools-for-stm32.10.3-2021.10.win32_1.0.200.202301161003/tools/bin/../lib/gcc/arm-none-eabi/10.3.1/../../../../arm-none-eabi/lib/thumb/v7e-m+dp/hard\libnosys.a
END GROUP
START GROUP
LOAD c:/st/stm32cubeide_1.12.0/stm32cubeide/plugins/com.st.stm32cube.ide.mcu.externaltools.gnu-tools-for-stm32.10.3-2021.10.win32_1.0.200.202301161003/tools/bin/../lib/gcc/arm-none-eabi/10.3.1/thumb/v7e-m+dp/hard\libgcc.a
LOAD c:/st/stm32cubeide_1.12.0/stm32cubeide/plugins/com.st.stm32cube.ide.mcu.externaltools.gnu-tools-for-stm32.10.3-2021.10.win32_1.0.200.202301161003/tools/bin/../lib/gcc/arm-none-eabi/10.3.1/../../../../arm-none-eabi/lib/thumb/v7e-m+dp/hard\libc_nano.a
LOAD c:/st/stm32cubeide_1.12.0/stm32cubeide/plugins/com.st.stm32cube.ide.mcu.externaltools.gnu-tools-for-stm32.10.3-2021.10.win32_1.0.200.202301161003/tools/bin/../lib/gcc/arm-none-eabi/10.3.1/../../../../arm-none-eabi/lib/thumb/v7e-m+dp/hard\libnosys.a
END GROUP
LOAD c:/st/stm32cubeide_1.12.0/stm32cubeide/plugins/com.st.stm32cube.ide.mcu.externaltools.gnu-tools-for-stm32.10.3-2021.10.win32_1.0.200.202301161003/tools/bin/../lib/gcc/arm-none-eabi/10.3.1/thumb/v7e-m+dp/hard/crtend.o
LOAD c:/st/stm32cubeide_1.12.0/stm32cubeide/plugins/com.st.stm32cube.ide.mcu.externaltools.gnu-tools-for-stm32.10.3-2021.10.win32_1.0.200.202301161003/tools/bin/../lib/gcc/arm-none-eabi/10.3.1/thumb/v7e-m+dp/hard/crtn.o
                0x0000000024050000                _estack = (ORIGIN (RAM_D1) + LENGTH (RAM_D1))
                0x0000000000000200                _Min_Heap_Size = 0x200
                0x0000000000000400                _Min_Stack_Size = 0x400

.isr_vector     0x0000000008000000      0x2cc
                0x0000000008000000                . = ALIGN (0x4)
 *(.isr_vector)
 .isr_vector    0x0000000008000000      0x2cc ./Core/Startup/startup_stm32h723zgtx.o
                0x0000000008000000                g_pfnVectors
                0x00000000080002cc                . = ALIGN (0x4)

.text           0x00000000080002d0    0x101b4
                0x00000000080002d0                . = ALIGN (0x4)
 *(.text)
 .text          0x00000000080002d0       0x40 c:/st/stm32cubeide_1.12.0/stm32cubeide/plugins/com.st.stm32cube.ide.mcu.externaltools.gnu-tools-for-stm32.10.3-2021.10.win32_1.0.200.202301161003/tools/bin/../lib/gcc/arm-none-eabi/10.3.1/thumb/v7e-m+dp/hard/crtbegin.o
 .text          0x0000000008000310      0x378 c:/st/stm32cubeide_1.12.0/stm32cubeide/plugins/com.st.stm32cube.ide.mcu.externaltools.gnu-tools-for-stm32.10.3-2021.10.win32_1.0.200.202301161003/tools/bin/../lib/gcc/arm-none-eabi/10.3.1/thumb/v7e-m+dp/hard\libgcc.a(_arm_addsubdf3.o)
                0x0000000008000310                __aeabi_drsub
                0x0000000008000318                __aeabi_dsub
                0x0000000008000318                __subdf3
                0x000000000800031c                __aeabi_dadd
                0x000000000800031c                __adddf3
                0x0000000008000594                __floatunsidf
                0x0000000008000594                __aeabi_ui2d
                0x00000000080005b4                __floatsidf
                0x00000000080005b4                __aeabi_i2d
                0x00000000080005d8                __aeabi_f2d
                0x00000000080005d8                __extendsfdf2
                0x000000000800061c                __floatundidf
                0x000000000800061c                __aeabi_ul2d
                0x000000000800062c                __floatdidf
                0x000000000800062c                __aeabi_l2d
 *(.text*)
 .text.crash    0x0000000008000688       0x44 ./Core/Src/main.o
                0x0000000008000688                crash
 .text.checkForNull
                0x00000000080006cc       0x1c ./Core/Src/main.o
                0x00000000080006cc                checkForNull
 .text.loadEffects
                0x00000000080006e8      0x67c ./Core/Src/main.o
                0x00000000080006e8                loadEffects
 .text.unloadEffects
                0x0000000008000d64      0x2d4 ./Core/Src/main.o
                0x0000000008000d64                unloadEffects
 .text.HAL_I2S_RxHalfCpltCallback
                0x0000000008001038       0x48 ./Core/Src/main.o
                0x0000000008001038                HAL_I2S_RxHalfCpltCallback
 .text.HAL_I2S_TxHalfCpltCallback
                0x0000000008001080       0x48 ./Core/Src/main.o
                0x0000000008001080                HAL_I2S_TxHalfCpltCallback
 .text.HAL_I2S_RxCpltCallback
                0x00000000080010c8       0x4c ./Core/Src/main.o
                0x00000000080010c8                HAL_I2S_RxCpltCallback
 .text.HAL_I2S_TxCpltCallback
                0x0000000008001114       0x4c ./Core/Src/main.o
                0x0000000008001114                HAL_I2S_TxCpltCallback
 .text.usbReceiveHandle
                0x0000000008001160       0xc0 ./Core/Src/main.o
                0x0000000008001160                usbReceiveHandle
 .text.loadSample
                0x0000000008001220       0x50 ./Core/Src/main.o
                0x0000000008001220                loadSample
 .text.saveSample
                0x0000000008001270       0x50 ./Core/Src/main.o
                0x0000000008001270                saveSample
 .text.dist     0x00000000080012c0       0x68 ./Core/Src/main.o
                0x00000000080012c0                dist
 .text.softdist
                0x0000000008001328       0x34 ./Core/Src/main.o
                0x0000000008001328                softdist
 .text.getPreviousSample
                0x000000000800135c       0x4e ./Core/Src/main.o
                0x000000000800135c                getPreviousSample
 .text.interpolate
                0x00000000080013aa      0x138 ./Core/Src/main.o
                0x00000000080013aa                interpolate
 *fill*         0x00000000080014e2        0x2 
 .text.vibrato  0x00000000080014e4       0x90 ./Core/Src/main.o
                0x00000000080014e4                vibrato
 .text.chorus   0x0000000008001574       0xc8 ./Core/Src/main.o
                0x0000000008001574                chorus
 .text.echo     0x000000000800163c       0x70 ./Core/Src/main.o
                0x000000000800163c                echo
 .text.lowpass  0x00000000080016ac       0x4e ./Core/Src/main.o
                0x00000000080016ac                lowpass
 .text.highpass
                0x00000000080016fa       0x58 ./Core/Src/main.o
                0x00000000080016fa                highpass
 *fill*         0x0000000008001752        0x2 
 .text.tremolo  0x0000000008001754       0x7c ./Core/Src/main.o
                0x0000000008001754                tremolo
 .text.rotary   0x00000000080017d0       0xc4 ./Core/Src/main.o
                0x00000000080017d0                rotary
 .text.allPass  0x0000000008001894       0x94 ./Core/Src/main.o
                0x0000000008001894                allPass
 .text.reverb   0x0000000008001928       0xd0 ./Core/Src/main.o
                0x0000000008001928                reverb
 .text.gain     0x00000000080019f8       0x28 ./Core/Src/main.o
                0x00000000080019f8                gain
 .text.noiseSuppr
                0x0000000008001a20       0x5a ./Core/Src/main.o
                0x0000000008001a20                noiseSuppr
 *fill*         0x0000000008001a7a        0x2 
 .text.fuzz     0x0000000008001a7c       0x4c ./Core/Src/main.o
                0x0000000008001a7c                fuzz
 .text.applyEffects
                0x0000000008001ac8      0x418 ./Core/Src/main.o
                0x0000000008001ac8                applyEffects
 .text.mainLoop
                0x0000000008001ee0       0x7c ./Core/Src/main.o
                0x0000000008001ee0                mainLoop
 .text.main     0x0000000008001f5c       0xd4 ./Core/Src/main.o
                0x0000000008001f5c                main
 .text.SystemClock_Config
                0x0000000008002030       0xe0 ./Core/Src/main.o
                0x0000000008002030                SystemClock_Config
 .text.MX_I2C1_Init
                0x0000000008002110       0x80 ./Core/Src/main.o
 .text.MX_I2C2_Init
                0x0000000008002190       0x80 ./Core/Src/main.o
 .text.MX_I2S1_Init
                0x0000000008002210       0x68 ./Core/Src/main.o
 .text.MX_I2S2_Init
                0x0000000008002278       0x68 ./Core/Src/main.o
 .text.MX_DMA_Init
                0x00000000080022e0       0x50 ./Core/Src/main.o
 .text.MX_GPIO_Init
                0x0000000008002330      0x11c ./Core/Src/main.o
 .text.Error_Handler
                0x000000000800244c        0xa ./Core/Src/main.o
                0x000000000800244c                Error_Handler
 *fill*         0x0000000008002456        0x2 
 .text.SSD1306_Init
                0x0000000008002458      0x188 ./Core/Src/ssd1306.o
                0x0000000008002458                SSD1306_Init
 .text.SSD1306_UpdateScreen
                0x00000000080025e0       0x5c ./Core/Src/ssd1306.o
                0x00000000080025e0                SSD1306_UpdateScreen
 .text.SSD1306_Fill
                0x000000000800263c       0x30 ./Core/Src/ssd1306.o
                0x000000000800263c                SSD1306_Fill
 .text.SSD1306_DrawPixel
                0x000000000800266c       0xc0 ./Core/Src/ssd1306.o
                0x000000000800266c                SSD1306_DrawPixel
 .text.SSD1306_GotoXY
                0x000000000800272c       0x2c ./Core/Src/ssd1306.o
                0x000000000800272c                SSD1306_GotoXY
 .text.SSD1306_Putc
                0x0000000008002758      0x100 ./Core/Src/ssd1306.o
                0x0000000008002758                SSD1306_Putc
 .text.SSD1306_Puts
                0x0000000008002858       0x4a ./Core/Src/ssd1306.o
                0x0000000008002858                SSD1306_Puts
 *fill*         0x00000000080028a2        0x2 
 .text.ssd1306_I2C_Init
                0x00000000080028a4       0x2c ./Core/Src/ssd1306.o
                0x00000000080028a4                ssd1306_I2C_Init
 .text.ssd1306_I2C_WriteMulti
                0x00000000080028d0       0xcc ./Core/Src/ssd1306.o
                0x00000000080028d0                ssd1306_I2C_WriteMulti
 .text.ssd1306_I2C_Write
                0x000000000800299c       0x3c ./Core/Src/ssd1306.o
                0x000000000800299c                ssd1306_I2C_Write
 .text.HAL_MspInit
                0x00000000080029d8       0x34 ./Core/Src/stm32h7xx_hal_msp.o
                0x00000000080029d8                HAL_MspInit
 .text.HAL_I2C_MspInit
                0x0000000008002a0c      0x170 ./Core/Src/stm32h7xx_hal_msp.o
                0x0000000008002a0c                HAL_I2C_MspInit
 .text.HAL_I2S_MspInit
                0x0000000008002b7c      0x2dc ./Core/Src/stm32h7xx_hal_msp.o
                0x0000000008002b7c                HAL_I2S_MspInit
 .text.NMI_Handler
                0x0000000008002e58        0x6 ./Core/Src/stm32h7xx_it.o
                0x0000000008002e58                NMI_Handler
 .text.HardFault_Handler
                0x0000000008002e5e        0x6 ./Core/Src/stm32h7xx_it.o
                0x0000000008002e5e                HardFault_Handler
 .text.MemManage_Handler
                0x0000000008002e64        0x6 ./Core/Src/stm32h7xx_it.o
                0x0000000008002e64                MemManage_Handler
 .text.BusFault_Handler
                0x0000000008002e6a        0x6 ./Core/Src/stm32h7xx_it.o
                0x0000000008002e6a                BusFault_Handler
 .text.UsageFault_Handler
                0x0000000008002e70        0x6 ./Core/Src/stm32h7xx_it.o
                0x0000000008002e70                UsageFault_Handler
 .text.SVC_Handler
                0x0000000008002e76        0xe ./Core/Src/stm32h7xx_it.o
                0x0000000008002e76                SVC_Handler
 .text.DebugMon_Handler
                0x0000000008002e84        0xe ./Core/Src/stm32h7xx_it.o
                0x0000000008002e84                DebugMon_Handler
 .text.PendSV_Handler
                0x0000000008002e92        0xe ./Core/Src/stm32h7xx_it.o
                0x0000000008002e92                PendSV_Handler
 .text.SysTick_Handler
                0x0000000008002ea0        0xc ./Core/Src/stm32h7xx_it.o
                0x0000000008002ea0                SysTick_Handler
 .text.DMA1_Stream0_IRQHandler
                0x0000000008002eac       0x14 ./Core/Src/stm32h7xx_it.o
                0x0000000008002eac                DMA1_Stream0_IRQHandler
 .text.DMA1_Stream1_IRQHandler
                0x0000000008002ec0       0x14 ./Core/Src/stm32h7xx_it.o
                0x0000000008002ec0                DMA1_Stream1_IRQHandler
 .text.OTG_HS_IRQHandler
                0x0000000008002ed4       0x14 ./Core/Src/stm32h7xx_it.o
                0x0000000008002ed4                OTG_HS_IRQHandler
 .text._sbrk    0x0000000008002ee8       0x6c ./Core/Src/sysmem.o
                0x0000000008002ee8                _sbrk
 .text.SystemInit
                0x0000000008002f54       0xf0 ./Core/Src/system_stm32h7xx.o
                0x0000000008002f54                SystemInit
 .text.Reset_Handler
                0x0000000008003044       0x50 ./Core/Startup/startup_stm32h723zgtx.o
                0x0000000008003044                Reset_Handler
 .text.Default_Handler
                0x0000000008003094        0x2 ./Core/Startup/startup_stm32h723zgtx.o
                0x0000000008003094                RTC_Alarm_IRQHandler
                0x0000000008003094                EXTI2_IRQHandler
                0x0000000008003094                TIM8_CC_IRQHandler
                0x0000000008003094                UART8_IRQHandler
                0x0000000008003094                SPI4_IRQHandler
                0x0000000008003094                FDCAN3_IT0_IRQHandler
                0x0000000008003094                TIM1_CC_IRQHandler
                0x0000000008003094                BDMA_Channel6_IRQHandler
                0x0000000008003094                DMA2_Stream5_IRQHandler
                0x0000000008003094                DMA1_Stream5_IRQHandler
                0x0000000008003094                CORDIC_IRQHandler
                0x0000000008003094                BDMA_Channel1_IRQHandler
                0x0000000008003094                TAMP_STAMP_IRQHandler
                0x0000000008003094                EXTI3_IRQHandler
                0x0000000008003094                LPTIM4_IRQHandler
                0x0000000008003094                TIM8_TRG_COM_TIM14_IRQHandler
                0x0000000008003094                LPTIM2_IRQHandler
                0x0000000008003094                DFSDM1_FLT1_IRQHandler
                0x0000000008003094                DMAMUX2_OVR_IRQHandler
                0x0000000008003094                TIM8_UP_TIM13_IRQHandler
                0x0000000008003094                I2C3_ER_IRQHandler
                0x0000000008003094                DFSDM1_FLT2_IRQHandler
                0x0000000008003094                I2C5_EV_IRQHandler
                0x0000000008003094                USART10_IRQHandler
                0x0000000008003094                MDMA_IRQHandler
                0x0000000008003094                LPTIM3_IRQHandler
                0x0000000008003094                HSEM1_IRQHandler
                0x0000000008003094                EXTI0_IRQHandler
                0x0000000008003094                I2C2_EV_IRQHandler
                0x0000000008003094                DMA1_Stream2_IRQHandler
                0x0000000008003094                FPU_IRQHandler
                0x0000000008003094                OTG_HS_WKUP_IRQHandler
                0x0000000008003094                FDCAN1_IT1_IRQHandler
                0x0000000008003094                LTDC_ER_IRQHandler
                0x0000000008003094                DMA2_Stream2_IRQHandler
                0x0000000008003094                SPI1_IRQHandler
                0x0000000008003094                OCTOSPI1_IRQHandler
                0x0000000008003094                TIM6_DAC_IRQHandler
                0x0000000008003094                DMA2_Stream3_IRQHandler
                0x0000000008003094                OCTOSPI2_IRQHandler
                0x0000000008003094                DFSDM1_FLT3_IRQHandler
                0x0000000008003094                TIM23_IRQHandler
                0x0000000008003094                USART6_IRQHandler
                0x0000000008003094                TIM17_IRQHandler
                0x0000000008003094                USART3_IRQHandler
                0x0000000008003094                BDMA_Channel7_IRQHandler
                0x0000000008003094                LPTIM5_IRQHandler
                0x0000000008003094                UART5_IRQHandler
                0x0000000008003094                ADC3_IRQHandler
                0x0000000008003094                DMA2_Stream0_IRQHandler
                0x0000000008003094                TIM4_IRQHandler
                0x0000000008003094                BDMA_Channel2_IRQHandler
                0x0000000008003094                I2C1_EV_IRQHandler
                0x0000000008003094                DMA1_Stream6_IRQHandler
                0x0000000008003094                DMAMUX1_OVR_IRQHandler
                0x0000000008003094                TIM16_IRQHandler
                0x0000000008003094                UART4_IRQHandler
                0x0000000008003094                BDMA_Channel5_IRQHandler
                0x0000000008003094                TIM3_IRQHandler
                0x0000000008003094                RCC_IRQHandler
                0x0000000008003094                UART9_IRQHandler
                0x0000000008003094                TIM8_BRK_TIM12_IRQHandler
                0x0000000008003094                TIM1_TRG_COM_IRQHandler
                0x0000000008003094                Default_Handler
                0x0000000008003094                ECC_IRQHandler
                0x0000000008003094                FMAC_IRQHandler
                0x0000000008003094                CEC_IRQHandler
                0x0000000008003094                EXTI15_10_IRQHandler
                0x0000000008003094                BDMA_Channel0_IRQHandler
                0x0000000008003094                ADC_IRQHandler
                0x0000000008003094                I2C5_ER_IRQHandler
                0x0000000008003094                DMA1_Stream7_IRQHandler
                0x0000000008003094                SPI5_IRQHandler
                0x0000000008003094                TIM7_IRQHandler
                0x0000000008003094                FDCAN3_IT1_IRQHandler
                0x0000000008003094                SDMMC1_IRQHandler
                0x0000000008003094                TIM5_IRQHandler
                0x0000000008003094                DMA2_Stream7_IRQHandler
                0x0000000008003094                TIM15_IRQHandler
                0x0000000008003094                PVD_AVD_IRQHandler
                0x0000000008003094                I2C3_EV_IRQHandler
                0x0000000008003094                EXTI9_5_IRQHandler
                0x0000000008003094                RTC_WKUP_IRQHandler
                0x0000000008003094                LTDC_IRQHandler
                0x0000000008003094                ETH_WKUP_IRQHandler
                0x0000000008003094                SPDIF_RX_IRQHandler
                0x0000000008003094                SPI2_IRQHandler
                0x0000000008003094                OTG_HS_EP1_IN_IRQHandler
                0x0000000008003094                TIM24_IRQHandler
                0x0000000008003094                CRS_IRQHandler
                0x0000000008003094                EXTI4_IRQHandler
                0x0000000008003094                RNG_IRQHandler
                0x0000000008003094                FDCAN2_IT1_IRQHandler
                0x0000000008003094                ETH_IRQHandler
                0x0000000008003094                TIM1_UP_IRQHandler
                0x0000000008003094                BDMA_Channel4_IRQHandler
                0x0000000008003094                OTG_HS_EP1_OUT_IRQHandler
                0x0000000008003094                WWDG_IRQHandler
                0x0000000008003094                SPI6_IRQHandler
                0x0000000008003094                MDIOS_IRQHandler
                0x0000000008003094                I2C4_EV_IRQHandler
                0x0000000008003094                FDCAN2_IT0_IRQHandler
                0x0000000008003094                LPUART1_IRQHandler
                0x0000000008003094                FDCAN1_IT0_IRQHandler
                0x0000000008003094                TIM2_IRQHandler
                0x0000000008003094                DMA2D_IRQHandler
                0x0000000008003094                TIM1_BRK_IRQHandler
                0x0000000008003094                EXTI1_IRQHandler
                0x0000000008003094                SDMMC2_IRQHandler
                0x0000000008003094                BDMA_Channel3_IRQHandler
                0x0000000008003094                DTS_IRQHandler
                0x0000000008003094                UART7_IRQHandler
                0x0000000008003094                MDIOS_WKUP_IRQHandler
                0x0000000008003094                USART2_IRQHandler
                0x0000000008003094                DFSDM1_FLT0_IRQHandler
                0x0000000008003094                SAI4_IRQHandler
                0x0000000008003094                I2C2_ER_IRQHandler
                0x0000000008003094                DMA2_Stream1_IRQHandler
                0x0000000008003094                FLASH_IRQHandler
                0x0000000008003094                DMA2_Stream4_IRQHandler
                0x0000000008003094                USART1_IRQHandler
                0x0000000008003094                SPI3_IRQHandler
                0x0000000008003094                WAKEUP_PIN_IRQHandler
                0x0000000008003094                DMA1_Stream4_IRQHandler
                0x0000000008003094                I2C1_ER_IRQHandler
                0x0000000008003094                FMC_IRQHandler
                0x0000000008003094                FDCAN_CAL_IRQHandler
                0x0000000008003094                SWPMI1_IRQHandler
                0x0000000008003094                COMP1_IRQHandler
                0x0000000008003094                LPTIM1_IRQHandler
                0x0000000008003094                DCMI_PSSI_IRQHandler
                0x0000000008003094                I2C4_ER_IRQHandler
                0x0000000008003094                DMA2_Stream6_IRQHandler
                0x0000000008003094                SAI1_IRQHandler
                0x0000000008003094                DMA1_Stream3_IRQHandler
 *fill*         0x0000000008003096        0x2 
 .text.HAL_Init
                0x0000000008003098       0x78 ./Drivers/STM32H7xx_HAL_Driver/Src/stm32h7xx_hal.o
                0x0000000008003098                HAL_Init
 .text.HAL_InitTick
                0x0000000008003110       0x6c ./Drivers/STM32H7xx_HAL_Driver/Src/stm32h7xx_hal.o
                0x0000000008003110                HAL_InitTick
 .text.HAL_IncTick
                0x000000000800317c       0x28 ./Drivers/STM32H7xx_HAL_Driver/Src/stm32h7xx_hal.o
                0x000000000800317c                HAL_IncTick
 .text.HAL_GetTick
                0x00000000080031a4       0x18 ./Drivers/STM32H7xx_HAL_Driver/Src/stm32h7xx_hal.o
                0x00000000080031a4                HAL_GetTick
 .text.HAL_Delay
                0x00000000080031bc       0x48 ./Drivers/STM32H7xx_HAL_Driver/Src/stm32h7xx_hal.o
                0x00000000080031bc                HAL_Delay
 .text.__NVIC_SetPriorityGrouping
                0x0000000008003204       0x48 ./Drivers/STM32H7xx_HAL_Driver/Src/stm32h7xx_hal_cortex.o
 .text.__NVIC_GetPriorityGrouping
                0x000000000800324c       0x1c ./Drivers/STM32H7xx_HAL_Driver/Src/stm32h7xx_hal_cortex.o
 .text.__NVIC_EnableIRQ
                0x0000000008003268       0x3c ./Drivers/STM32H7xx_HAL_Driver/Src/stm32h7xx_hal_cortex.o
 .text.__NVIC_SetPriority
                0x00000000080032a4       0x54 ./Drivers/STM32H7xx_HAL_Driver/Src/stm32h7xx_hal_cortex.o
 .text.NVIC_EncodePriority
                0x00000000080032f8       0x66 ./Drivers/STM32H7xx_HAL_Driver/Src/stm32h7xx_hal_cortex.o
 *fill*         0x000000000800335e        0x2 
 .text.SysTick_Config
                0x0000000008003360       0x44 ./Drivers/STM32H7xx_HAL_Driver/Src/stm32h7xx_hal_cortex.o
 .text.HAL_NVIC_SetPriorityGrouping
                0x00000000080033a4       0x16 ./Drivers/STM32H7xx_HAL_Driver/Src/stm32h7xx_hal_cortex.o
                0x00000000080033a4                HAL_NVIC_SetPriorityGrouping
 .text.HAL_NVIC_SetPriority
                0x00000000080033ba       0x34 ./Drivers/STM32H7xx_HAL_Driver/Src/stm32h7xx_hal_cortex.o
                0x00000000080033ba                HAL_NVIC_SetPriority
 .text.HAL_NVIC_EnableIRQ
                0x00000000080033ee       0x1c ./Drivers/STM32H7xx_HAL_Driver/Src/stm32h7xx_hal_cortex.o
                0x00000000080033ee                HAL_NVIC_EnableIRQ
 .text.HAL_SYSTICK_Config
                0x000000000800340a       0x18 ./Drivers/STM32H7xx_HAL_Driver/Src/stm32h7xx_hal_cortex.o
                0x000000000800340a                HAL_SYSTICK_Config
 *fill*         0x0000000008003422        0x2 
 .text.HAL_DMA_Init
                0x0000000008003424      0x6b4 ./Drivers/STM32H7xx_HAL_Driver/Src/stm32h7xx_hal_dma.o
                0x0000000008003424                HAL_DMA_Init
 .text.HAL_DMA_Start_IT
                0x0000000008003ad8      0x4d4 ./Drivers/STM32H7xx_HAL_Driver/Src/stm32h7xx_hal_dma.o
                0x0000000008003ad8                HAL_DMA_Start_IT
 .text.HAL_DMA_IRQHandler
                0x0000000008003fac      0xe54 ./Drivers/STM32H7xx_HAL_Driver/Src/stm32h7xx_hal_dma.o
                0x0000000008003fac                HAL_DMA_IRQHandler
 .text.DMA_SetConfig
                0x0000000008004e00      0x358 ./Drivers/STM32H7xx_HAL_Driver/Src/stm32h7xx_hal_dma.o
 .text.DMA_CalcBaseAndBitshift
                0x0000000008005158      0x164 ./Drivers/STM32H7xx_HAL_Driver/Src/stm32h7xx_hal_dma.o
 .text.DMA_CheckFifoParam
                0x00000000080052bc       0xf8 ./Drivers/STM32H7xx_HAL_Driver/Src/stm32h7xx_hal_dma.o
 .text.DMA_CalcDMAMUXChannelBaseAndMask
                0x00000000080053b4      0x134 ./Drivers/STM32H7xx_HAL_Driver/Src/stm32h7xx_hal_dma.o
 .text.DMA_CalcDMAMUXRequestGenBaseAndMask
                0x00000000080054e8       0xe8 ./Drivers/STM32H7xx_HAL_Driver/Src/stm32h7xx_hal_dma.o
 .text.HAL_GPIO_Init
                0x00000000080055d0      0x350 ./Drivers/STM32H7xx_HAL_Driver/Src/stm32h7xx_hal_gpio.o
                0x00000000080055d0                HAL_GPIO_Init
 .text.HAL_GPIO_WritePin
                0x0000000008005920       0x32 ./Drivers/STM32H7xx_HAL_Driver/Src/stm32h7xx_hal_gpio.o
                0x0000000008005920                HAL_GPIO_WritePin
 *fill*         0x0000000008005952        0x2 
 .text.HAL_I2C_Init
                0x0000000008005954      0x120 ./Drivers/STM32H7xx_HAL_Driver/Src/stm32h7xx_hal_i2c.o
                0x0000000008005954                HAL_I2C_Init
 .text.HAL_I2C_Master_Transmit
                0x0000000008005a74      0x1e8 ./Drivers/STM32H7xx_HAL_Driver/Src/stm32h7xx_hal_i2c.o
                0x0000000008005a74                HAL_I2C_Master_Transmit
 .text.HAL_I2C_Mem_Write
                0x0000000008005c5c      0x228 ./Drivers/STM32H7xx_HAL_Driver/Src/stm32h7xx_hal_i2c.o
                0x0000000008005c5c                HAL_I2C_Mem_Write
 .text.HAL_I2C_Mem_Read
                0x0000000008005e84      0x234 ./Drivers/STM32H7xx_HAL_Driver/Src/stm32h7xx_hal_i2c.o
                0x0000000008005e84                HAL_I2C_Mem_Read
 .text.HAL_I2C_IsDeviceReady
                0x00000000080060b8      0x210 ./Drivers/STM32H7xx_HAL_Driver/Src/stm32h7xx_hal_i2c.o
                0x00000000080060b8                HAL_I2C_IsDeviceReady
 .text.I2C_RequestMemoryWrite
                0x00000000080062c8       0xa8 ./Drivers/STM32H7xx_HAL_Driver/Src/stm32h7xx_hal_i2c.o
 .text.I2C_RequestMemoryRead
                0x0000000008006370       0xa8 ./Drivers/STM32H7xx_HAL_Driver/Src/stm32h7xx_hal_i2c.o
 .text.I2C_Flush_TXDR
                0x0000000008006418       0x48 ./Drivers/STM32H7xx_HAL_Driver/Src/stm32h7xx_hal_i2c.o
 .text.I2C_WaitOnFlagUntilTimeout
                0x0000000008006460       0x9e ./Drivers/STM32H7xx_HAL_Driver/Src/stm32h7xx_hal_i2c.o
 .text.I2C_WaitOnTXISFlagUntilTimeout
                0x00000000080064fe       0x8e ./Drivers/STM32H7xx_HAL_Driver/Src/stm32h7xx_hal_i2c.o
 .text.I2C_WaitOnSTOPFlagUntilTimeout
                0x000000000800658c       0x86 ./Drivers/STM32H7xx_HAL_Driver/Src/stm32h7xx_hal_i2c.o
 *fill*         0x0000000008006612        0x2 
 .text.I2C_IsErrorOccurred
                0x0000000008006614      0x1c0 ./Drivers/STM32H7xx_HAL_Driver/Src/stm32h7xx_hal_i2c.o
 .text.I2C_TransferConfig
                0x00000000080067d4       0x64 ./Drivers/STM32H7xx_HAL_Driver/Src/stm32h7xx_hal_i2c.o
 .text.HAL_I2CEx_ConfigAnalogFilter
                0x0000000008006838       0x96 ./Drivers/STM32H7xx_HAL_Driver/Src/stm32h7xx_hal_i2c_ex.o
                0x0000000008006838                HAL_I2CEx_ConfigAnalogFilter
 .text.HAL_I2CEx_ConfigDigitalFilter
                0x00000000080068ce       0x98 ./Drivers/STM32H7xx_HAL_Driver/Src/stm32h7xx_hal_i2c_ex.o
                0x00000000080068ce                HAL_I2CEx_ConfigDigitalFilter
 *fill*         0x0000000008006966        0x2 
 .text.HAL_I2S_Init
                0x0000000008006968      0x244 ./Drivers/STM32H7xx_HAL_Driver/Src/stm32h7xx_hal_i2s.o
                0x0000000008006968                HAL_I2S_Init
 .text.HAL_I2S_Transmit_DMA
                0x0000000008006bac      0x144 ./Drivers/STM32H7xx_HAL_Driver/Src/stm32h7xx_hal_i2s.o
                0x0000000008006bac                HAL_I2S_Transmit_DMA
 .text.HAL_I2S_Receive_DMA
                0x0000000008006cf0      0x144 ./Drivers/STM32H7xx_HAL_Driver/Src/stm32h7xx_hal_i2s.o
                0x0000000008006cf0                HAL_I2S_Receive_DMA
 .text.HAL_I2S_ErrorCallback
                0x0000000008006e34       0x14 ./Drivers/STM32H7xx_HAL_Driver/Src/stm32h7xx_hal_i2s.o
                0x0000000008006e34                HAL_I2S_ErrorCallback
 .text.I2S_DMATxCplt
                0x0000000008006e48       0x42 ./Drivers/STM32H7xx_HAL_Driver/Src/stm32h7xx_hal_i2s.o
 .text.I2S_DMATxHalfCplt
                0x0000000008006e8a       0x1c ./Drivers/STM32H7xx_HAL_Driver/Src/stm32h7xx_hal_i2s.o
 .text.I2S_DMARxCplt
                0x0000000008006ea6       0x42 ./Drivers/STM32H7xx_HAL_Driver/Src/stm32h7xx_hal_i2s.o
 .text.I2S_DMARxHalfCplt
                0x0000000008006ee8       0x1c ./Drivers/STM32H7xx_HAL_Driver/Src/stm32h7xx_hal_i2s.o
 .text.I2S_DMAError
                0x0000000008006f04       0x4c ./Drivers/STM32H7xx_HAL_Driver/Src/stm32h7xx_hal_i2s.o
 .text.HAL_PCD_Init
                0x0000000008006f50      0x248 ./Drivers/STM32H7xx_HAL_Driver/Src/stm32h7xx_hal_pcd.o
                0x0000000008006f50                HAL_PCD_Init
 .text.HAL_PCD_Start
                0x0000000008007198       0x6a ./Drivers/STM32H7xx_HAL_Driver/Src/stm32h7xx_hal_pcd.o
                0x0000000008007198                HAL_PCD_Start
 .text.HAL_PCD_IRQHandler
                0x0000000008007202      0x998 ./Drivers/STM32H7xx_HAL_Driver/Src/stm32h7xx_hal_pcd.o
                0x0000000008007202                HAL_PCD_IRQHandler
 .text.HAL_PCD_SetAddress
                0x0000000008007b9a       0x4a ./Drivers/STM32H7xx_HAL_Driver/Src/stm32h7xx_hal_pcd.o
                0x0000000008007b9a                HAL_PCD_SetAddress
 .text.HAL_PCD_EP_Open
                0x0000000008007be4       0xd0 ./Drivers/STM32H7xx_HAL_Driver/Src/stm32h7xx_hal_pcd.o
                0x0000000008007be4                HAL_PCD_EP_Open
 .text.HAL_PCD_EP_Close
                0x0000000008007cb4       0x94 ./Drivers/STM32H7xx_HAL_Driver/Src/stm32h7xx_hal_pcd.o
                0x0000000008007cb4                HAL_PCD_EP_Close
 .text.HAL_PCD_EP_Receive
                0x0000000008007d48       0x78 ./Drivers/STM32H7xx_HAL_Driver/Src/stm32h7xx_hal_pcd.o
                0x0000000008007d48                HAL_PCD_EP_Receive
 .text.HAL_PCD_EP_GetRxCount
                0x0000000008007dc0       0x30 ./Drivers/STM32H7xx_HAL_Driver/Src/stm32h7xx_hal_pcd.o
                0x0000000008007dc0                HAL_PCD_EP_GetRxCount
 .text.HAL_PCD_EP_Transmit
                0x0000000008007df0       0x76 ./Drivers/STM32H7xx_HAL_Driver/Src/stm32h7xx_hal_pcd.o
                0x0000000008007df0                HAL_PCD_EP_Transmit
 .text.HAL_PCD_EP_SetStall
                0x0000000008007e66       0xc8 ./Drivers/STM32H7xx_HAL_Driver/Src/stm32h7xx_hal_pcd.o
                0x0000000008007e66                HAL_PCD_EP_SetStall
 .text.HAL_PCD_EP_ClrStall
                0x0000000008007f2e       0xac ./Drivers/STM32H7xx_HAL_Driver/Src/stm32h7xx_hal_pcd.o
                0x0000000008007f2e                HAL_PCD_EP_ClrStall
 .text.HAL_PCD_EP_Abort
                0x0000000008007fda       0x62 ./Drivers/STM32H7xx_HAL_Driver/Src/stm32h7xx_hal_pcd.o
                0x0000000008007fda                HAL_PCD_EP_Abort
 .text.PCD_WriteEmptyTxFifo
                0x000000000800803c      0x11a ./Drivers/STM32H7xx_HAL_Driver/Src/stm32h7xx_hal_pcd.o
 *fill*         0x0000000008008156        0x2 
 .text.PCD_EP_OutXfrComplete_int
                0x0000000008008158      0x1d0 ./Drivers/STM32H7xx_HAL_Driver/Src/stm32h7xx_hal_pcd.o
 .text.PCD_EP_OutSetupPacket_int
                0x0000000008008328       0x8c ./Drivers/STM32H7xx_HAL_Driver/Src/stm32h7xx_hal_pcd.o
 .text.HAL_PCDEx_SetTxFiFo
                0x00000000080083b4       0x8e ./Drivers/STM32H7xx_HAL_Driver/Src/stm32h7xx_hal_pcd_ex.o
                0x00000000080083b4                HAL_PCDEx_SetTxFiFo
 .text.HAL_PCDEx_SetRxFiFo
                0x0000000008008442       0x22 ./Drivers/STM32H7xx_HAL_Driver/Src/stm32h7xx_hal_pcd_ex.o
                0x0000000008008442                HAL_PCDEx_SetRxFiFo
 .text.HAL_PCDEx_ActivateLPM
                0x0000000008008464       0x48 ./Drivers/STM32H7xx_HAL_Driver/Src/stm32h7xx_hal_pcd_ex.o
                0x0000000008008464                HAL_PCDEx_ActivateLPM
 .text.HAL_PCDEx_LPM_Callback
                0x00000000080084ac       0x18 ./Drivers/STM32H7xx_HAL_Driver/Src/stm32h7xx_hal_pcd_ex.o
                0x00000000080084ac                HAL_PCDEx_LPM_Callback
 .text.HAL_PWREx_ConfigSupply
                0x00000000080084c4       0x74 ./Drivers/STM32H7xx_HAL_Driver/Src/stm32h7xx_hal_pwr_ex.o
                0x00000000080084c4                HAL_PWREx_ConfigSupply
 .text.HAL_PWREx_EnableUSBVoltageDetector
                0x0000000008008538       0x20 ./Drivers/STM32H7xx_HAL_Driver/Src/stm32h7xx_hal_pwr_ex.o
                0x0000000008008538                HAL_PWREx_EnableUSBVoltageDetector
 .text.HAL_RCC_OscConfig
                0x0000000008008558      0x7b4 ./Drivers/STM32H7xx_HAL_Driver/Src/stm32h7xx_hal_rcc.o
                0x0000000008008558                HAL_RCC_OscConfig
 .text.HAL_RCC_ClockConfig
                0x0000000008008d0c      0x36c ./Drivers/STM32H7xx_HAL_Driver/Src/stm32h7xx_hal_rcc.o
                0x0000000008008d0c                HAL_RCC_ClockConfig
 .text.HAL_RCC_GetSysClockFreq
                0x0000000008009078      0x2f4 ./Drivers/STM32H7xx_HAL_Driver/Src/stm32h7xx_hal_rcc.o
                0x0000000008009078                HAL_RCC_GetSysClockFreq
 .text.HAL_RCC_GetHCLKFreq
                0x000000000800936c       0x60 ./Drivers/STM32H7xx_HAL_Driver/Src/stm32h7xx_hal_rcc.o
                0x000000000800936c                HAL_RCC_GetHCLKFreq
 .text.HAL_RCC_GetPCLK1Freq
                0x00000000080093cc       0x2c ./Drivers/STM32H7xx_HAL_Driver/Src/stm32h7xx_hal_rcc.o
                0x00000000080093cc                HAL_RCC_GetPCLK1Freq
 .text.HAL_RCCEx_PeriphCLKConfig
                0x00000000080093f8     0x1340 ./Drivers/STM32H7xx_HAL_Driver/Src/stm32h7xx_hal_rcc_ex.o
                0x00000000080093f8                HAL_RCCEx_PeriphCLKConfig
 .text.HAL_RCCEx_GetPeriphCLKFreq
                0x000000000800a738      0x9a4 ./Drivers/STM32H7xx_HAL_Driver/Src/stm32h7xx_hal_rcc_ex.o
                0x000000000800a738                HAL_RCCEx_GetPeriphCLKFreq
 .text.HAL_RCCEx_GetD3PCLK1Freq
                0x000000000800b0dc       0x2c ./Drivers/STM32H7xx_HAL_Driver/Src/stm32h7xx_hal_rcc_ex.o
                0x000000000800b0dc                HAL_RCCEx_GetD3PCLK1Freq
 .text.HAL_RCCEx_GetPLL2ClockFreq
                0x000000000800b108      0x2a8 ./Drivers/STM32H7xx_HAL_Driver/Src/stm32h7xx_hal_rcc_ex.o
                0x000000000800b108                HAL_RCCEx_GetPLL2ClockFreq
 .text.HAL_RCCEx_GetPLL3ClockFreq
                0x000000000800b3b0      0x2a8 ./Drivers/STM32H7xx_HAL_Driver/Src/stm32h7xx_hal_rcc_ex.o
                0x000000000800b3b0                HAL_RCCEx_GetPLL3ClockFreq
 .text.HAL_RCCEx_GetPLL1ClockFreq
                0x000000000800b658      0x2a4 ./Drivers/STM32H7xx_HAL_Driver/Src/stm32h7xx_hal_rcc_ex.o
                0x000000000800b658                HAL_RCCEx_GetPLL1ClockFreq
 .text.RCCEx_PLL2_Config
                0x000000000800b8fc      0x164 ./Drivers/STM32H7xx_HAL_Driver/Src/stm32h7xx_hal_rcc_ex.o
 .text.RCCEx_PLL3_Config
                0x000000000800ba60      0x164 ./Drivers/STM32H7xx_HAL_Driver/Src/stm32h7xx_hal_rcc_ex.o
 .text.USB_CoreInit
                0x000000000800bbc4       0xdc ./Drivers/STM32H7xx_HAL_Driver/Src/stm32h7xx_ll_usb.o
                0x000000000800bbc4                USB_CoreInit
 .text.USB_SetTurnaroundTime
                0x000000000800bca0      0x144 ./Drivers/STM32H7xx_HAL_Driver/Src/stm32h7xx_ll_usb.o
                0x000000000800bca0                USB_SetTurnaroundTime
 .text.USB_EnableGlobalInt
                0x000000000800bde4       0x22 ./Drivers/STM32H7xx_HAL_Driver/Src/stm32h7xx_ll_usb.o
                0x000000000800bde4                USB_EnableGlobalInt
 .text.USB_DisableGlobalInt
                0x000000000800be06       0x22 ./Drivers/STM32H7xx_HAL_Driver/Src/stm32h7xx_ll_usb.o
                0x000000000800be06                USB_DisableGlobalInt
 .text.USB_SetCurrentMode
                0x000000000800be28       0x98 ./Drivers/STM32H7xx_HAL_Driver/Src/stm32h7xx_ll_usb.o
                0x000000000800be28                USB_SetCurrentMode
 .text.USB_DevInit
                0x000000000800bec0      0x2bc ./Drivers/STM32H7xx_HAL_Driver/Src/stm32h7xx_ll_usb.o
                0x000000000800bec0                USB_DevInit
 .text.USB_FlushTxFifo
                0x000000000800c17c       0x68 ./Drivers/STM32H7xx_HAL_Driver/Src/stm32h7xx_ll_usb.o
                0x000000000800c17c                USB_FlushTxFifo
 .text.USB_FlushRxFifo
                0x000000000800c1e4       0x60 ./Drivers/STM32H7xx_HAL_Driver/Src/stm32h7xx_ll_usb.o
                0x000000000800c1e4                USB_FlushRxFifo
 .text.USB_SetDevSpeed
                0x000000000800c244       0x32 ./Drivers/STM32H7xx_HAL_Driver/Src/stm32h7xx_ll_usb.o
                0x000000000800c244                USB_SetDevSpeed
 .text.USB_GetDevSpeed
                0x000000000800c276       0x4a ./Drivers/STM32H7xx_HAL_Driver/Src/stm32h7xx_ll_usb.o
                0x000000000800c276                USB_GetDevSpeed
 .text.USB_ActivateEndpoint
                0x000000000800c2c0      0x110 ./Drivers/STM32H7xx_HAL_Driver/Src/stm32h7xx_ll_usb.o
                0x000000000800c2c0                USB_ActivateEndpoint
 .text.USB_DeactivateEndpoint
                0x000000000800c3d0      0x1b8 ./Drivers/STM32H7xx_HAL_Driver/Src/stm32h7xx_ll_usb.o
                0x000000000800c3d0                USB_DeactivateEndpoint
 .text.USB_EPStartXfer
                0x000000000800c588      0x540 ./Drivers/STM32H7xx_HAL_Driver/Src/stm32h7xx_ll_usb.o
                0x000000000800c588                USB_EPStartXfer
 .text.USB_EPStopXfer
                0x000000000800cac8      0x154 ./Drivers/STM32H7xx_HAL_Driver/Src/stm32h7xx_ll_usb.o
                0x000000000800cac8                USB_EPStopXfer
 .text.USB_WritePacket
                0x000000000800cc1c       0x7c ./Drivers/STM32H7xx_HAL_Driver/Src/stm32h7xx_ll_usb.o
                0x000000000800cc1c                USB_WritePacket
 .text.USB_ReadPacket
                0x000000000800cc98       0xb0 ./Drivers/STM32H7xx_HAL_Driver/Src/stm32h7xx_ll_usb.o
                0x000000000800cc98                USB_ReadPacket
 .text.USB_EPSetStall
                0x000000000800cd48       0xdc ./Drivers/STM32H7xx_HAL_Driver/Src/stm32h7xx_ll_usb.o
                0x000000000800cd48                USB_EPSetStall
 .text.USB_EPClearStall
                0x000000000800ce24       0xcc ./Drivers/STM32H7xx_HAL_Driver/Src/stm32h7xx_ll_usb.o
                0x000000000800ce24                USB_EPClearStall
 .text.USB_SetDevAddress
                0x000000000800cef0       0x4c ./Drivers/STM32H7xx_HAL_Driver/Src/stm32h7xx_ll_usb.o
                0x000000000800cef0                USB_SetDevAddress
 .text.USB_DevConnect
                0x000000000800cf3c       0x42 ./Drivers/STM32H7xx_HAL_Driver/Src/stm32h7xx_ll_usb.o
                0x000000000800cf3c                USB_DevConnect
 .text.USB_DevDisconnect
                0x000000000800cf7e       0x42 ./Drivers/STM32H7xx_HAL_Driver/Src/stm32h7xx_ll_usb.o
                0x000000000800cf7e                USB_DevDisconnect
 .text.USB_ReadInterrupts
                0x000000000800cfc0       0x26 ./Drivers/STM32H7xx_HAL_Driver/Src/stm32h7xx_ll_usb.o
                0x000000000800cfc0                USB_ReadInterrupts
 .text.USB_ReadDevAllOutEpInterrupt
                0x000000000800cfe6       0x34 ./Drivers/STM32H7xx_HAL_Driver/Src/stm32h7xx_ll_usb.o
                0x000000000800cfe6                USB_ReadDevAllOutEpInterrupt
 .text.USB_ReadDevAllInEpInterrupt
                0x000000000800d01a       0x34 ./Drivers/STM32H7xx_HAL_Driver/Src/stm32h7xx_ll_usb.o
                0x000000000800d01a                USB_ReadDevAllInEpInterrupt
 .text.USB_ReadDevOutEPInterrupt
                0x000000000800d04e       0x3c ./Drivers/STM32H7xx_HAL_Driver/Src/stm32h7xx_ll_usb.o
                0x000000000800d04e                USB_ReadDevOutEPInterrupt
 .text.USB_ReadDevInEPInterrupt
                0x000000000800d08a       0x5c ./Drivers/STM32H7xx_HAL_Driver/Src/stm32h7xx_ll_usb.o
                0x000000000800d08a                USB_ReadDevInEPInterrupt
 .text.USB_GetMode
                0x000000000800d0e6       0x1c ./Drivers/STM32H7xx_HAL_Driver/Src/stm32h7xx_ll_usb.o
                0x000000000800d0e6                USB_GetMode
 *fill*         0x000000000800d102        0x2 
 .text.USB_ActivateSetup
                0x000000000800d104       0x48 ./Drivers/STM32H7xx_HAL_Driver/Src/stm32h7xx_ll_usb.o
                0x000000000800d104                USB_ActivateSetup
 .text.USB_EP0_OutStart
                0x000000000800d14c       0xbc ./Drivers/STM32H7xx_HAL_Driver/Src/stm32h7xx_ll_usb.o
                0x000000000800d14c                USB_EP0_OutStart
 .text.USB_CoreReset
                0x000000000800d208       0x68 ./Drivers/STM32H7xx_HAL_Driver/Src/stm32h7xx_ll_usb.o
 .text.USBD_CDC_Init
                0x000000000800d270      0x1f0 ./Middlewares/ST/STM32_USB_Device_Library/Class/CDC/Src/usbd_cdc.o
 .text.USBD_CDC_DeInit
                0x000000000800d460      0x104 ./Middlewares/ST/STM32_USB_Device_Library/Class/CDC/Src/usbd_cdc.o
 .text.USBD_CDC_Setup
                0x000000000800d564      0x1b8 ./Middlewares/ST/STM32_USB_Device_Library/Class/CDC/Src/usbd_cdc.o
 .text.USBD_CDC_DataIn
                0x000000000800d71c       0xfe ./Middlewares/ST/STM32_USB_Device_Library/Class/CDC/Src/usbd_cdc.o
 .text.USBD_CDC_DataOut
                0x000000000800d81a       0x70 ./Middlewares/ST/STM32_USB_Device_Library/Class/CDC/Src/usbd_cdc.o
 .text.USBD_CDC_EP0_RxReady
                0x000000000800d88a       0x76 ./Middlewares/ST/STM32_USB_Device_Library/Class/CDC/Src/usbd_cdc.o
 .text.USBD_CDC_GetFSCfgDesc
                0x000000000800d900       0x70 ./Middlewares/ST/STM32_USB_Device_Library/Class/CDC/Src/usbd_cdc.o
 .text.USBD_CDC_GetHSCfgDesc
                0x000000000800d970       0x70 ./Middlewares/ST/STM32_USB_Device_Library/Class/CDC/Src/usbd_cdc.o
 .text.USBD_CDC_GetOtherSpeedCfgDesc
                0x000000000800d9e0       0x70 ./Middlewares/ST/STM32_USB_Device_Library/Class/CDC/Src/usbd_cdc.o
 .text.USBD_CDC_GetDeviceQualifierDescriptor
                0x000000000800da50       0x20 ./Middlewares/ST/STM32_USB_Device_Library/Class/CDC/Src/usbd_cdc.o
                0x000000000800da50                USBD_CDC_GetDeviceQualifierDescriptor
 .text.USBD_CDC_RegisterInterface
                0x000000000800da70       0x34 ./Middlewares/ST/STM32_USB_Device_Library/Class/CDC/Src/usbd_cdc.o
                0x000000000800da70                USBD_CDC_RegisterInterface
 .text.USBD_CDC_SetTxBuffer
                0x000000000800daa4       0x44 ./Middlewares/ST/STM32_USB_Device_Library/Class/CDC/Src/usbd_cdc.o
                0x000000000800daa4                USBD_CDC_SetTxBuffer
 .text.USBD_CDC_SetRxBuffer
                0x000000000800dae8       0x3a ./Middlewares/ST/STM32_USB_Device_Library/Class/CDC/Src/usbd_cdc.o
                0x000000000800dae8                USBD_CDC_SetRxBuffer
 *fill*         0x000000000800db22        0x2 
 .text.USBD_CDC_TransmitPacket
                0x000000000800db24       0x80 ./Middlewares/ST/STM32_USB_Device_Library/Class/CDC/Src/usbd_cdc.o
                0x000000000800db24                USBD_CDC_TransmitPacket
 .text.USBD_CDC_ReceivePacket
                0x000000000800dba4       0x6c ./Middlewares/ST/STM32_USB_Device_Library/Class/CDC/Src/usbd_cdc.o
                0x000000000800dba4                USBD_CDC_ReceivePacket
 .text.USBD_Init
                0x000000000800dc10       0x60 ./Middlewares/ST/STM32_USB_Device_Library/Core/Src/usbd_core.o
                0x000000000800dc10                USBD_Init
 .text.USBD_RegisterClass
                0x000000000800dc70       0x6c ./Middlewares/ST/STM32_USB_Device_Library/Core/Src/usbd_core.o
                0x000000000800dc70                USBD_RegisterClass
 .text.USBD_Start
                0x000000000800dcdc       0x18 ./Middlewares/ST/STM32_USB_Device_Library/Core/Src/usbd_core.o
                0x000000000800dcdc                USBD_Start
 .text.USBD_RunTestMode
                0x000000000800dcf4       0x16 ./Middlewares/ST/STM32_USB_Device_Library/Core/Src/usbd_core.o
                0x000000000800dcf4                USBD_RunTestMode
 .text.USBD_SetClassConfig
                0x000000000800dd0a       0x38 ./Middlewares/ST/STM32_USB_Device_Library/Core/Src/usbd_core.o
                0x000000000800dd0a                USBD_SetClassConfig
 .text.USBD_ClrClassConfig
                0x000000000800dd42       0x34 ./Middlewares/ST/STM32_USB_Device_Library/Core/Src/usbd_core.o
                0x000000000800dd42                USBD_ClrClassConfig
 .text.USBD_LL_SetupStage
                0x000000000800dd76       0xaa ./Middlewares/ST/STM32_USB_Device_Library/Core/Src/usbd_core.o
                0x000000000800dd76                USBD_LL_SetupStage
 .text.USBD_LL_DataOutStage
                0x000000000800de20      0x166 ./Middlewares/ST/STM32_USB_Device_Library/Core/Src/usbd_core.o
                0x000000000800de20                USBD_LL_DataOutStage
 .text.USBD_LL_DataInStage
                0x000000000800df86      0x164 ./Middlewares/ST/STM32_USB_Device_Library/Core/Src/usbd_core.o
                0x000000000800df86                USBD_LL_DataInStage
 .text.USBD_LL_Reset
                0x000000000800e0ea       0xa4 ./Middlewares/ST/STM32_USB_Device_Library/Core/Src/usbd_core.o
                0x000000000800e0ea                USBD_LL_Reset
 .text.USBD_LL_SetSpeed
                0x000000000800e18e       0x20 ./Middlewares/ST/STM32_USB_Device_Library/Core/Src/usbd_core.o
                0x000000000800e18e                USBD_LL_SetSpeed
 .text.USBD_LL_Suspend
                0x000000000800e1ae       0x38 ./Middlewares/ST/STM32_USB_Device_Library/Core/Src/usbd_core.o
                0x000000000800e1ae                USBD_LL_Suspend
 .text.USBD_LL_Resume
                0x000000000800e1e6       0x30 ./Middlewares/ST/STM32_USB_Device_Library/Core/Src/usbd_core.o
                0x000000000800e1e6                USBD_LL_Resume
 .text.USBD_LL_SOF
                0x000000000800e216       0x40 ./Middlewares/ST/STM32_USB_Device_Library/Core/Src/usbd_core.o
                0x000000000800e216                USBD_LL_SOF
 .text.USBD_LL_IsoINIncomplete
                0x000000000800e256       0x64 ./Middlewares/ST/STM32_USB_Device_Library/Core/Src/usbd_core.o
                0x000000000800e256                USBD_LL_IsoINIncomplete
 .text.USBD_LL_IsoOUTIncomplete
                0x000000000800e2ba       0x64 ./Middlewares/ST/STM32_USB_Device_Library/Core/Src/usbd_core.o
                0x000000000800e2ba                USBD_LL_IsoOUTIncomplete
 .text.USBD_LL_DevConnected
                0x000000000800e31e       0x16 ./Middlewares/ST/STM32_USB_Device_Library/Core/Src/usbd_core.o
                0x000000000800e31e                USBD_LL_DevConnected
 .text.USBD_LL_DevDisconnected
                0x000000000800e334       0x46 ./Middlewares/ST/STM32_USB_Device_Library/Core/Src/usbd_core.o
                0x000000000800e334                USBD_LL_DevDisconnected
 .text.USBD_CoreFindIF
                0x000000000800e37a       0x1a ./Middlewares/ST/STM32_USB_Device_Library/Core/Src/usbd_core.o
                0x000000000800e37a                USBD_CoreFindIF
 .text.USBD_CoreFindEP
                0x000000000800e394       0x1a ./Middlewares/ST/STM32_USB_Device_Library/Core/Src/usbd_core.o
                0x000000000800e394                USBD_CoreFindEP
 .text.USBD_GetEpDesc
                0x000000000800e3ae       0x74 ./Middlewares/ST/STM32_USB_Device_Library/Core/Src/usbd_core.o
                0x000000000800e3ae                USBD_GetEpDesc
 .text.USBD_GetNextDesc
                0x000000000800e422       0x3a ./Middlewares/ST/STM32_USB_Device_Library/Core/Src/usbd_core.o
                0x000000000800e422                USBD_GetNextDesc
 .text.SWAPBYTE
                0x000000000800e45c       0x3c ./Middlewares/ST/STM32_USB_Device_Library/Core/Src/usbd_ctlreq.o
 .text.USBD_StdDevReq
                0x000000000800e498       0xe4 ./Middlewares/ST/STM32_USB_Device_Library/Core/Src/usbd_ctlreq.o
                0x000000000800e498                USBD_StdDevReq
 .text.USBD_StdItfReq
                0x000000000800e57c       0xd8 ./Middlewares/ST/STM32_USB_Device_Library/Core/Src/usbd_ctlreq.o
                0x000000000800e57c                USBD_StdItfReq
 .text.USBD_StdEPReq
                0x000000000800e654      0x33a ./Middlewares/ST/STM32_USB_Device_Library/Core/Src/usbd_ctlreq.o
                0x000000000800e654                USBD_StdEPReq
 *fill*         0x000000000800e98e        0x2 
 .text.USBD_GetDescriptor
                0x000000000800e990      0x2d4 ./Middlewares/ST/STM32_USB_Device_Library/Core/Src/usbd_ctlreq.o
 .text.USBD_SetAddress
                0x000000000800ec64       0x88 ./Middlewares/ST/STM32_USB_Device_Library/Core/Src/usbd_ctlreq.o
 .text.USBD_SetConfig
                0x000000000800ecec      0x154 ./Middlewares/ST/STM32_USB_Device_Library/Core/Src/usbd_ctlreq.o
 .text.USBD_GetConfig
                0x000000000800ee40       0x6c ./Middlewares/ST/STM32_USB_Device_Library/Core/Src/usbd_ctlreq.o
 .text.USBD_GetStatus
                0x000000000800eeac       0x68 ./Middlewares/ST/STM32_USB_Device_Library/Core/Src/usbd_ctlreq.o
 .text.USBD_SetFeature
                0x000000000800ef14       0x52 ./Middlewares/ST/STM32_USB_Device_Library/Core/Src/usbd_ctlreq.o
 .text.USBD_ClrFeature
                0x000000000800ef66       0x44 ./Middlewares/ST/STM32_USB_Device_Library/Core/Src/usbd_ctlreq.o
 .text.USBD_ParseSetupRequest
                0x000000000800efaa       0x74 ./Middlewares/ST/STM32_USB_Device_Library/Core/Src/usbd_ctlreq.o
                0x000000000800efaa                USBD_ParseSetupRequest
 .text.USBD_CtlError
                0x000000000800f01e       0x22 ./Middlewares/ST/STM32_USB_Device_Library/Core/Src/usbd_ctlreq.o
                0x000000000800f01e                USBD_CtlError
 .text.USBD_GetString
                0x000000000800f040       0x8c ./Middlewares/ST/STM32_USB_Device_Library/Core/Src/usbd_ctlreq.o
                0x000000000800f040                USBD_GetString
 .text.USBD_GetLen
                0x000000000800f0cc       0x34 ./Middlewares/ST/STM32_USB_Device_Library/Core/Src/usbd_ctlreq.o
 .text.USBD_CtlSendData
                0x000000000800f100       0x36 ./Middlewares/ST/STM32_USB_Device_Library/Core/Src/usbd_ioreq.o
                0x000000000800f100                USBD_CtlSendData
 .text.USBD_CtlContinueSendData
                0x000000000800f136       0x22 ./Middlewares/ST/STM32_USB_Device_Library/Core/Src/usbd_ioreq.o
                0x000000000800f136                USBD_CtlContinueSendData
 .text.USBD_CtlPrepareRx
                0x000000000800f158       0x3a ./Middlewares/ST/STM32_USB_Device_Library/Core/Src/usbd_ioreq.o
                0x000000000800f158                USBD_CtlPrepareRx
 .text.USBD_CtlContinueRx
                0x000000000800f192       0x22 ./Middlewares/ST/STM32_USB_Device_Library/Core/Src/usbd_ioreq.o
                0x000000000800f192                USBD_CtlContinueRx
 .text.USBD_CtlSendStatus
                0x000000000800f1b4       0x26 ./Middlewares/ST/STM32_USB_Device_Library/Core/Src/usbd_ioreq.o
                0x000000000800f1b4                USBD_CtlSendStatus
 .text.USBD_CtlReceiveStatus
                0x000000000800f1da       0x26 ./Middlewares/ST/STM32_USB_Device_Library/Core/Src/usbd_ioreq.o
                0x000000000800f1da                USBD_CtlReceiveStatus
 .text.MX_USB_DEVICE_Init
                0x000000000800f200       0x64 ./USB_DEVICE/App/usb_device.o
                0x000000000800f200                MX_USB_DEVICE_Init
 .text.CDC_Init_HS
                0x000000000800f264       0x28 ./USB_DEVICE/App/usbd_cdc_if.o
 .text.CDC_DeInit_HS
                0x000000000800f28c       0x10 ./USB_DEVICE/App/usbd_cdc_if.o
 .text.CDC_Control_HS
                0x000000000800f29c       0xbc ./USB_DEVICE/App/usbd_cdc_if.o
 .text.CDC_Receive_HS
                0x000000000800f358       0x54 ./USB_DEVICE/App/usbd_cdc_if.o
 .text.CDC_Transmit_HS
                0x000000000800f3ac       0x4c ./USB_DEVICE/App/usbd_cdc_if.o
                0x000000000800f3ac                CDC_Transmit_HS
 .text.CDC_TransmitCplt_HS
                0x000000000800f3f8       0x22 ./USB_DEVICE/App/usbd_cdc_if.o
 *fill*         0x000000000800f41a        0x2 
 .text.USBD_HS_DeviceDescriptor
                0x000000000800f41c       0x24 ./USB_DEVICE/App/usbd_desc.o
                0x000000000800f41c                USBD_HS_DeviceDescriptor
 .text.USBD_HS_LangIDStrDescriptor
                0x000000000800f440       0x24 ./USB_DEVICE/App/usbd_desc.o
                0x000000000800f440                USBD_HS_LangIDStrDescriptor
 .text.USBD_HS_ProductStrDescriptor
                0x000000000800f464       0x3c ./USB_DEVICE/App/usbd_desc.o
                0x000000000800f464                USBD_HS_ProductStrDescriptor
 .text.USBD_HS_ManufacturerStrDescriptor
                0x000000000800f4a0       0x28 ./USB_DEVICE/App/usbd_desc.o
                0x000000000800f4a0                USBD_HS_ManufacturerStrDescriptor
 .text.USBD_HS_SerialStrDescriptor
                0x000000000800f4c8       0x24 ./USB_DEVICE/App/usbd_desc.o
                0x000000000800f4c8                USBD_HS_SerialStrDescriptor
 .text.USBD_HS_ConfigStrDescriptor
                0x000000000800f4ec       0x3c ./USB_DEVICE/App/usbd_desc.o
                0x000000000800f4ec                USBD_HS_ConfigStrDescriptor
 .text.USBD_HS_InterfaceStrDescriptor
                0x000000000800f528       0x3c ./USB_DEVICE/App/usbd_desc.o
                0x000000000800f528                USBD_HS_InterfaceStrDescriptor
 .text.Get_SerialNum
                0x000000000800f564       0x58 ./USB_DEVICE/App/usbd_desc.o
 .text.IntToUnicode
                0x000000000800f5bc       0x7e ./USB_DEVICE/App/usbd_desc.o
 *fill*         0x000000000800f63a        0x2 
 .text.HAL_PCD_MspInit
                0x000000000800f63c       0x8c ./USB_DEVICE/Target/usbd_conf.o
                0x000000000800f63c                HAL_PCD_MspInit
 .text.HAL_PCD_SetupStageCallback
                0x000000000800f6c8       0x24 ./USB_DEVICE/Target/usbd_conf.o
                0x000000000800f6c8                HAL_PCD_SetupStageCallback
 .text.HAL_PCD_DataOutStageCallback
                0x000000000800f6ec       0x36 ./USB_DEVICE/Target/usbd_conf.o
                0x000000000800f6ec                HAL_PCD_DataOutStageCallback
 .text.HAL_PCD_DataInStageCallback
                0x000000000800f722       0x34 ./USB_DEVICE/Target/usbd_conf.o
                0x000000000800f722                HAL_PCD_DataInStageCallback
 .text.HAL_PCD_SOFCallback
                0x000000000800f756       0x1c ./USB_DEVICE/Target/usbd_conf.o
                0x000000000800f756                HAL_PCD_SOFCallback
 .text.HAL_PCD_ResetCallback
                0x000000000800f772       0x50 ./USB_DEVICE/Target/usbd_conf.o
                0x000000000800f772                HAL_PCD_ResetCallback
 *fill*         0x000000000800f7c2        0x2 
 .text.HAL_PCD_SuspendCallback
                0x000000000800f7c4       0x4c ./USB_DEVICE/Target/usbd_conf.o
                0x000000000800f7c4                HAL_PCD_SuspendCallback
 .text.HAL_PCD_ResumeCallback
                0x000000000800f810       0x1c ./USB_DEVICE/Target/usbd_conf.o
                0x000000000800f810                HAL_PCD_ResumeCallback
 .text.HAL_PCD_ISOOUTIncompleteCallback
                0x000000000800f82c       0x24 ./USB_DEVICE/Target/usbd_conf.o
                0x000000000800f82c                HAL_PCD_ISOOUTIncompleteCallback
 .text.HAL_PCD_ISOINIncompleteCallback
                0x000000000800f850       0x24 ./USB_DEVICE/Target/usbd_conf.o
                0x000000000800f850                HAL_PCD_ISOINIncompleteCallback
 .text.HAL_PCD_ConnectCallback
                0x000000000800f874       0x1c ./USB_DEVICE/Target/usbd_conf.o
                0x000000000800f874                HAL_PCD_ConnectCallback
 .text.HAL_PCD_DisconnectCallback
                0x000000000800f890       0x1c ./USB_DEVICE/Target/usbd_conf.o
                0x000000000800f890                HAL_PCD_DisconnectCallback
 .text.USBD_LL_Init
                0x000000000800f8ac       0xa4 ./USB_DEVICE/Target/usbd_conf.o
                0x000000000800f8ac                USBD_LL_Init
 .text.USBD_LL_Start
                0x000000000800f950       0x36 ./USB_DEVICE/Target/usbd_conf.o
                0x000000000800f950                USBD_LL_Start
 .text.USBD_LL_OpenEP
                0x000000000800f986       0x4c ./USB_DEVICE/Target/usbd_conf.o
                0x000000000800f986                USBD_LL_OpenEP
 .text.USBD_LL_CloseEP
                0x000000000800f9d2       0x3e ./USB_DEVICE/Target/usbd_conf.o
                0x000000000800f9d2                USBD_LL_CloseEP
 .text.USBD_LL_StallEP
                0x000000000800fa10       0x3e ./USB_DEVICE/Target/usbd_conf.o
                0x000000000800fa10                USBD_LL_StallEP
 .text.USBD_LL_ClearStallEP
                0x000000000800fa4e       0x3e ./USB_DEVICE/Target/usbd_conf.o
                0x000000000800fa4e                USBD_LL_ClearStallEP
 .text.USBD_LL_IsStallEP
                0x000000000800fa8c       0x58 ./USB_DEVICE/Target/usbd_conf.o
                0x000000000800fa8c                USBD_LL_IsStallEP
 .text.USBD_LL_SetUSBAddress
                0x000000000800fae4       0x3e ./USB_DEVICE/Target/usbd_conf.o
                0x000000000800fae4                USBD_LL_SetUSBAddress
 .text.USBD_LL_Transmit
                0x000000000800fb22       0x42 ./USB_DEVICE/Target/usbd_conf.o
                0x000000000800fb22                USBD_LL_Transmit
 .text.USBD_LL_PrepareReceive
                0x000000000800fb64       0x42 ./USB_DEVICE/Target/usbd_conf.o
                0x000000000800fb64                USBD_LL_PrepareReceive
 .text.USBD_LL_GetRxDataSize
                0x000000000800fba6       0x26 ./USB_DEVICE/Target/usbd_conf.o
                0x000000000800fba6                USBD_LL_GetRxDataSize
 .text.USBD_static_malloc
                0x000000000800fbcc       0x1c ./USB_DEVICE/Target/usbd_conf.o
                0x000000000800fbcc                USBD_static_malloc
 .text.USBD_static_free
                0x000000000800fbe8       0x14 ./USB_DEVICE/Target/usbd_conf.o
                0x000000000800fbe8                USBD_static_free
 .text.USBD_Get_USB_Status
                0x000000000800fbfc       0x58 ./USB_DEVICE/Target/usbd_conf.o
                0x000000000800fbfc                USBD_Get_USB_Status
 .text.calloc   0x000000000800fc54       0x10 c:/st/stm32cubeide_1.12.0/stm32cubeide/plugins/com.st.stm32cube.ide.mcu.externaltools.gnu-tools-for-stm32.10.3-2021.10.win32_1.0.200.202301161003/tools/bin/../lib/gcc/arm-none-eabi/10.3.1/../../../../arm-none-eabi/lib/thumb/v7e-m+dp/hard\libc_nano.a(lib_a-calloc.o)
                0x000000000800fc54                calloc
 .text.__errno  0x000000000800fc64        0xc c:/st/stm32cubeide_1.12.0/stm32cubeide/plugins/com.st.stm32cube.ide.mcu.externaltools.gnu-tools-for-stm32.10.3-2021.10.win32_1.0.200.202301161003/tools/bin/../lib/gcc/arm-none-eabi/10.3.1/../../../../arm-none-eabi/lib/thumb/v7e-m+dp/hard\libc_nano.a(lib_a-errno.o)
                0x000000000800fc64                __errno
 .text.__libc_init_array
                0x000000000800fc70       0x48 c:/st/stm32cubeide_1.12.0/stm32cubeide/plugins/com.st.stm32cube.ide.mcu.externaltools.gnu-tools-for-stm32.10.3-2021.10.win32_1.0.200.202301161003/tools/bin/../lib/gcc/arm-none-eabi/10.3.1/../../../../arm-none-eabi/lib/thumb/v7e-m+dp/hard\libc_nano.a(lib_a-init.o)
                0x000000000800fc70                __libc_init_array
 .text.free     0x000000000800fcb8       0x10 c:/st/stm32cubeide_1.12.0/stm32cubeide/plugins/com.st.stm32cube.ide.mcu.externaltools.gnu-tools-for-stm32.10.3-2021.10.win32_1.0.200.202301161003/tools/bin/../lib/gcc/arm-none-eabi/10.3.1/../../../../arm-none-eabi/lib/thumb/v7e-m+dp/hard\libc_nano.a(lib_a-malloc.o)
                0x000000000800fcb8                free
 .text.memcpy   0x000000000800fcc8       0x1c c:/st/stm32cubeide_1.12.0/stm32cubeide/plugins/com.st.stm32cube.ide.mcu.externaltools.gnu-tools-for-stm32.10.3-2021.10.win32_1.0.200.202301161003/tools/bin/../lib/gcc/arm-none-eabi/10.3.1/../../../../arm-none-eabi/lib/thumb/v7e-m+dp/hard\libc_nano.a(lib_a-memcpy-stub.o)
                0x000000000800fcc8                memcpy
 .text.memset   0x000000000800fce4       0x10 c:/st/stm32cubeide_1.12.0/stm32cubeide/plugins/com.st.stm32cube.ide.mcu.externaltools.gnu-tools-for-stm32.10.3-2021.10.win32_1.0.200.202301161003/tools/bin/../lib/gcc/arm-none-eabi/10.3.1/../../../../arm-none-eabi/lib/thumb/v7e-m+dp/hard\libc_nano.a(lib_a-memset.o)
                0x000000000800fce4                memset
 .text._calloc_r
                0x000000000800fcf4       0x2c c:/st/stm32cubeide_1.12.0/stm32cubeide/plugins/com.st.stm32cube.ide.mcu.externaltools.gnu-tools-for-stm32.10.3-2021.10.win32_1.0.200.202301161003/tools/bin/../lib/gcc/arm-none-eabi/10.3.1/../../../../arm-none-eabi/lib/thumb/v7e-m+dp/hard\libc_nano.a(lib_a-nano-callocr.o)
                0x000000000800fcf4                _calloc_r
 .text._free_r  0x000000000800fd20       0x98 c:/st/stm32cubeide_1.12.0/stm32cubeide/plugins/com.st.stm32cube.ide.mcu.externaltools.gnu-tools-for-stm32.10.3-2021.10.win32_1.0.200.202301161003/tools/bin/../lib/gcc/arm-none-eabi/10.3.1/../../../../arm-none-eabi/lib/thumb/v7e-m+dp/hard\libc_nano.a(lib_a-nano-freer.o)
                0x000000000800fd20                _free_r
 .text.sbrk_aligned
                0x000000000800fdb8       0x40 c:/st/stm32cubeide_1.12.0/stm32cubeide/plugins/com.st.stm32cube.ide.mcu.externaltools.gnu-tools-for-stm32.10.3-2021.10.win32_1.0.200.202301161003/tools/bin/../lib/gcc/arm-none-eabi/10.3.1/../../../../arm-none-eabi/lib/thumb/v7e-m+dp/hard\libc_nano.a(lib_a-nano-mallocr.o)
 .text._malloc_r
                0x000000000800fdf8       0xe8 c:/st/stm32cubeide_1.12.0/stm32cubeide/plugins/com.st.stm32cube.ide.mcu.externaltools.gnu-tools-for-stm32.10.3-2021.10.win32_1.0.200.202301161003/tools/bin/../lib/gcc/arm-none-eabi/10.3.1/../../../../arm-none-eabi/lib/thumb/v7e-m+dp/hard\libc_nano.a(lib_a-nano-mallocr.o)
                0x000000000800fdf8                _malloc_r
 .text._sbrk_r  0x000000000800fee0       0x20 c:/st/stm32cubeide_1.12.0/stm32cubeide/plugins/com.st.stm32cube.ide.mcu.externaltools.gnu-tools-for-stm32.10.3-2021.10.win32_1.0.200.202301161003/tools/bin/../lib/gcc/arm-none-eabi/10.3.1/../../../../arm-none-eabi/lib/thumb/v7e-m+dp/hard\libc_nano.a(lib_a-sbrkr.o)
                0x000000000800fee0                _sbrk_r
 .text.__malloc_lock
                0x000000000800ff00        0xc c:/st/stm32cubeide_1.12.0/stm32cubeide/plugins/com.st.stm32cube.ide.mcu.externaltools.gnu-tools-for-stm32.10.3-2021.10.win32_1.0.200.202301161003/tools/bin/../lib/gcc/arm-none-eabi/10.3.1/../../../../arm-none-eabi/lib/thumb/v7e-m+dp/hard\libc_nano.a(lib_a-mlock.o)
                0x000000000800ff00                __malloc_lock
 .text.__malloc_unlock
                0x000000000800ff0c        0xc c:/st/stm32cubeide_1.12.0/stm32cubeide/plugins/com.st.stm32cube.ide.mcu.externaltools.gnu-tools-for-stm32.10.3-2021.10.win32_1.0.200.202301161003/tools/bin/../lib/gcc/arm-none-eabi/10.3.1/../../../../arm-none-eabi/lib/thumb/v7e-m+dp/hard\libc_nano.a(lib_a-mlock.o)
                0x000000000800ff0c                __malloc_unlock
 .text.__retarget_lock_acquire_recursive
                0x000000000800ff18        0x2 c:/st/stm32cubeide_1.12.0/stm32cubeide/plugins/com.st.stm32cube.ide.mcu.externaltools.gnu-tools-for-stm32.10.3-2021.10.win32_1.0.200.202301161003/tools/bin/../lib/gcc/arm-none-eabi/10.3.1/../../../../arm-none-eabi/lib/thumb/v7e-m+dp/hard\libc_nano.a(lib_a-lock.o)
                0x000000000800ff18                __retarget_lock_acquire_recursive
 .text.__retarget_lock_release_recursive
                0x000000000800ff1a        0x2 c:/st/stm32cubeide_1.12.0/stm32cubeide/plugins/com.st.stm32cube.ide.mcu.externaltools.gnu-tools-for-stm32.10.3-2021.10.win32_1.0.200.202301161003/tools/bin/../lib/gcc/arm-none-eabi/10.3.1/../../../../arm-none-eabi/lib/thumb/v7e-m+dp/hard\libc_nano.a(lib_a-lock.o)
                0x000000000800ff1a                __retarget_lock_release_recursive
 *fill*         0x000000000800ff1c        0x4 
 .text.ceil     0x000000000800ff20       0xf0 c:/st/stm32cubeide_1.12.0/stm32cubeide/plugins/com.st.stm32cube.ide.mcu.externaltools.gnu-tools-for-stm32.10.3-2021.10.win32_1.0.200.202301161003/tools/bin/../lib/gcc/arm-none-eabi/10.3.1/../../../../arm-none-eabi/lib/thumb/v7e-m+dp/hard\libm.a(lib_a-s_ceil.o)
                0x000000000800ff20                ceil
 .text.floor    0x0000000008010010       0xe8 c:/st/stm32cubeide_1.12.0/stm32cubeide/plugins/com.st.stm32cube.ide.mcu.externaltools.gnu-tools-for-stm32.10.3-2021.10.win32_1.0.200.202301161003/tools/bin/../lib/gcc/arm-none-eabi/10.3.1/../../../../arm-none-eabi/lib/thumb/v7e-m+dp/hard\libm.a(lib_a-s_floor.o)
                0x0000000008010010                floor
 .text.atanf    0x00000000080100f8      0x1a8 c:/st/stm32cubeide_1.12.0/stm32cubeide/plugins/com.st.stm32cube.ide.mcu.externaltools.gnu-tools-for-stm32.10.3-2021.10.win32_1.0.200.202301161003/tools/bin/../lib/gcc/arm-none-eabi/10.3.1/../../../../arm-none-eabi/lib/thumb/v7e-m+dp/hard\libm.a(lib_a-sf_atan.o)
                0x00000000080100f8                atanf
 .text.fabsf    0x00000000080102a0        0xe c:/st/stm32cubeide_1.12.0/stm32cubeide/plugins/com.st.stm32cube.ide.mcu.externaltools.gnu-tools-for-stm32.10.3-2021.10.win32_1.0.200.202301161003/tools/bin/../lib/gcc/arm-none-eabi/10.3.1/../../../../arm-none-eabi/lib/thumb/v7e-m+dp/hard\libm.a(lib_a-sf_fabs.o)
                0x00000000080102a0                fabsf
 .text.sinf_poly
                0x00000000080102ae       0x54 c:/st/stm32cubeide_1.12.0/stm32cubeide/plugins/com.st.stm32cube.ide.mcu.externaltools.gnu-tools-for-stm32.10.3-2021.10.win32_1.0.200.202301161003/tools/bin/../lib/gcc/arm-none-eabi/10.3.1/../../../../arm-none-eabi/lib/thumb/v7e-m+dp/hard\libm.a(lib_a-sinf.o)
 *fill*         0x0000000008010302        0x6 
 .text.sinf     0x0000000008010308      0x130 c:/st/stm32cubeide_1.12.0/stm32cubeide/plugins/com.st.stm32cube.ide.mcu.externaltools.gnu-tools-for-stm32.10.3-2021.10.win32_1.0.200.202301161003/tools/bin/../lib/gcc/arm-none-eabi/10.3.1/../../../../arm-none-eabi/lib/thumb/v7e-m+dp/hard\libm.a(lib_a-sinf.o)
                0x0000000008010308                sinf
 .text.with_errnof
                0x0000000008010438       0x16 c:/st/stm32cubeide_1.12.0/stm32cubeide/plugins/com.st.stm32cube.ide.mcu.externaltools.gnu-tools-for-stm32.10.3-2021.10.win32_1.0.200.202301161003/tools/bin/../lib/gcc/arm-none-eabi/10.3.1/../../../../arm-none-eabi/lib/thumb/v7e-m+dp/hard\libm.a(lib_a-math_errf.o)
 .text.__math_invalidf
                0x000000000801044e       0x1e c:/st/stm32cubeide_1.12.0/stm32cubeide/plugins/com.st.stm32cube.ide.mcu.externaltools.gnu-tools-for-stm32.10.3-2021.10.win32_1.0.200.202301161003/tools/bin/../lib/gcc/arm-none-eabi/10.3.1/../../../../arm-none-eabi/lib/thumb/v7e-m+dp/hard\libm.a(lib_a-math_errf.o)
                0x000000000801044e                __math_invalidf
 *(.glue_7)
 .glue_7        0x000000000801046c        0x0 linker stubs
 *(.glue_7t)
 .glue_7t       0x000000000801046c        0x0 linker stubs
 *(.eh_frame)
 .eh_frame      0x000000000801046c        0x0 c:/st/stm32cubeide_1.12.0/stm32cubeide/plugins/com.st.stm32cube.ide.mcu.externaltools.gnu-tools-for-stm32.10.3-2021.10.win32_1.0.200.202301161003/tools/bin/../lib/gcc/arm-none-eabi/10.3.1/thumb/v7e-m+dp/hard/crtbegin.o
 *(.init)
 .init          0x000000000801046c        0x4 c:/st/stm32cubeide_1.12.0/stm32cubeide/plugins/com.st.stm32cube.ide.mcu.externaltools.gnu-tools-for-stm32.10.3-2021.10.win32_1.0.200.202301161003/tools/bin/../lib/gcc/arm-none-eabi/10.3.1/thumb/v7e-m+dp/hard/crti.o
                0x000000000801046c                _init
 .init          0x0000000008010470        0x8 c:/st/stm32cubeide_1.12.0/stm32cubeide/plugins/com.st.stm32cube.ide.mcu.externaltools.gnu-tools-for-stm32.10.3-2021.10.win32_1.0.200.202301161003/tools/bin/../lib/gcc/arm-none-eabi/10.3.1/thumb/v7e-m+dp/hard/crtn.o
 *(.fini)
 .fini          0x0000000008010478        0x4 c:/st/stm32cubeide_1.12.0/stm32cubeide/plugins/com.st.stm32cube.ide.mcu.externaltools.gnu-tools-for-stm32.10.3-2021.10.win32_1.0.200.202301161003/tools/bin/../lib/gcc/arm-none-eabi/10.3.1/thumb/v7e-m+dp/hard/crti.o
                0x0000000008010478                _fini
 .fini          0x000000000801047c        0x8 c:/st/stm32cubeide_1.12.0/stm32cubeide/plugins/com.st.stm32cube.ide.mcu.externaltools.gnu-tools-for-stm32.10.3-2021.10.win32_1.0.200.202301161003/tools/bin/../lib/gcc/arm-none-eabi/10.3.1/thumb/v7e-m+dp/hard/crtn.o
                0x0000000008010484                . = ALIGN (0x4)
                0x0000000008010484                _etext = .

.vfp11_veneer   0x0000000008010484        0x0
 .vfp11_veneer  0x0000000008010484        0x0 linker stubs

.v4_bx          0x0000000008010484        0x0
 .v4_bx         0x0000000008010484        0x0 linker stubs

.iplt           0x0000000008010484        0x0
 .iplt          0x0000000008010484        0x0 c:/st/stm32cubeide_1.12.0/stm32cubeide/plugins/com.st.stm32cube.ide.mcu.externaltools.gnu-tools-for-stm32.10.3-2021.10.win32_1.0.200.202301161003/tools/bin/../lib/gcc/arm-none-eabi/10.3.1/thumb/v7e-m+dp/hard/crtbegin.o

.rodata         0x0000000008010488      0xf28
                0x0000000008010488                . = ALIGN (0x4)
 *(.rodata)
 .rodata        0x0000000008010488        0xb ./Core/Src/main.o
 *fill*         0x0000000008010493        0x1 
 .rodata        0x0000000008010494       0x46 ./USB_DEVICE/App/usbd_desc.o
 *(.rodata*)
 *fill*         0x00000000080104da        0x2 
 .rodata.Font11x18
                0x00000000080104dc      0xd5c ./Core/Src/fonts.o
                0x00000000080104dc                Font11x18
 .rodata.D1CorePrescTable
                0x0000000008011238       0x10 ./Core/Src/system_stm32h7xx.o
                0x0000000008011238                D1CorePrescTable
 .rodata.flagBitshiftOffset.0
                0x0000000008011248        0x8 ./Drivers/STM32H7xx_HAL_Driver/Src/stm32h7xx_hal_dma.o
 .rodata.atanhi
                0x0000000008011250       0x10 c:/st/stm32cubeide_1.12.0/stm32cubeide/plugins/com.st.stm32cube.ide.mcu.externaltools.gnu-tools-for-stm32.10.3-2021.10.win32_1.0.200.202301161003/tools/bin/../lib/gcc/arm-none-eabi/10.3.1/../../../../arm-none-eabi/lib/thumb/v7e-m+dp/hard\libm.a(lib_a-sf_atan.o)
 .rodata.atanlo
                0x0000000008011260       0x10 c:/st/stm32cubeide_1.12.0/stm32cubeide/plugins/com.st.stm32cube.ide.mcu.externaltools.gnu-tools-for-stm32.10.3-2021.10.win32_1.0.200.202301161003/tools/bin/../lib/gcc/arm-none-eabi/10.3.1/../../../../arm-none-eabi/lib/thumb/v7e-m+dp/hard\libm.a(lib_a-sf_atan.o)
 .rodata.__inv_pio4
                0x0000000008011270       0x60 c:/st/stm32cubeide_1.12.0/stm32cubeide/plugins/com.st.stm32cube.ide.mcu.externaltools.gnu-tools-for-stm32.10.3-2021.10.win32_1.0.200.202301161003/tools/bin/../lib/gcc/arm-none-eabi/10.3.1/../../../../arm-none-eabi/lib/thumb/v7e-m+dp/hard\libm.a(lib_a-sincosf_data.o)
                0x0000000008011270                __inv_pio4
 .rodata.__sincosf_table
                0x00000000080112d0       0xe0 c:/st/stm32cubeide_1.12.0/stm32cubeide/plugins/com.st.stm32cube.ide.mcu.externaltools.gnu-tools-for-stm32.10.3-2021.10.win32_1.0.200.202301161003/tools/bin/../lib/gcc/arm-none-eabi/10.3.1/../../../../arm-none-eabi/lib/thumb/v7e-m+dp/hard\libm.a(lib_a-sincosf_data.o)
                0x00000000080112d0                __sincosf_table
                0x00000000080113b0                . = ALIGN (0x4)

.rel.dyn        0x00000000080113b0        0x0
 .rel.iplt      0x00000000080113b0        0x0 c:/st/stm32cubeide_1.12.0/stm32cubeide/plugins/com.st.stm32cube.ide.mcu.externaltools.gnu-tools-for-stm32.10.3-2021.10.win32_1.0.200.202301161003/tools/bin/../lib/gcc/arm-none-eabi/10.3.1/thumb/v7e-m+dp/hard/crtbegin.o

.ARM.extab
 *(.ARM.extab* .gnu.linkonce.armextab.*)

.ARM            0x00000000080113b0        0x0
                0x00000000080113b0                __exidx_start = .
 *(.ARM.exidx*)
                0x00000000080113b0                __exidx_end = .

.preinit_array  0x00000000080113b0        0x0
                0x00000000080113b0                PROVIDE (__preinit_array_start = .)
 *(.preinit_array*)
                0x00000000080113b0                PROVIDE (__preinit_array_end = .)

.init_array     0x00000000080113b0        0x4
                0x00000000080113b0                PROVIDE (__init_array_start = .)
 *(SORT_BY_NAME(.init_array.*))
 *(.init_array*)
 .init_array    0x00000000080113b0        0x4 c:/st/stm32cubeide_1.12.0/stm32cubeide/plugins/com.st.stm32cube.ide.mcu.externaltools.gnu-tools-for-stm32.10.3-2021.10.win32_1.0.200.202301161003/tools/bin/../lib/gcc/arm-none-eabi/10.3.1/thumb/v7e-m+dp/hard/crtbegin.o
                0x00000000080113b4                PROVIDE (__init_array_end = .)

.fini_array     0x00000000080113b4        0x4
                [!provide]                        PROVIDE (__fini_array_start = .)
 *(SORT_BY_NAME(.fini_array.*))
 *(.fini_array*)
 .fini_array    0x00000000080113b4        0x4 c:/st/stm32cubeide_1.12.0/stm32cubeide/plugins/com.st.stm32cube.ide.mcu.externaltools.gnu-tools-for-stm32.10.3-2021.10.win32_1.0.200.202301161003/tools/bin/../lib/gcc/arm-none-eabi/10.3.1/thumb/v7e-m+dp/hard/crtbegin.o
                [!provide]                        PROVIDE (__fini_array_end = .)
                0x00000000080113b8                _sidata = LOADADDR (.data)

.data           0x0000000024000000      0x270 load address 0x00000000080113b8
                0x0000000024000000                . = ALIGN (0x4)
                0x0000000024000000                _sdata = .
 *(.data)
 *(.data*)
 .data.Font_11x18
                0x0000000024000000        0x8 ./Core/Src/fonts.o
                0x0000000024000000                Font_11x18
 .data.execute  0x0000000024000008        0x1 ./Core/Src/main.o
                0x0000000024000008                execute
 *fill*         0x0000000024000009        0x3 
 .data.effectsRawData
                0x000000002400000c      0x100 ./Core/Src/main.o
                0x000000002400000c                effectsRawData
 .data.SystemCoreClock
                0x000000002400010c        0x4 ./Core/Src/system_stm32h7xx.o
                0x000000002400010c                SystemCoreClock
 .data.SystemD2Clock
                0x0000000024000110        0x4 ./Core/Src/system_stm32h7xx.o
                0x0000000024000110                SystemD2Clock
 .data.uwTickPrio
                0x0000000024000114        0x4 ./Drivers/STM32H7xx_HAL_Driver/Src/stm32h7xx_hal.o
                0x0000000024000114                uwTickPrio
 .data.uwTickFreq
                0x0000000024000118        0x1 ./Drivers/STM32H7xx_HAL_Driver/Src/stm32h7xx_hal.o
                0x0000000024000118                uwTickFreq
 *fill*         0x0000000024000119        0x3 
 .data.USBD_CDC_DeviceQualifierDesc
                0x000000002400011c        0xa ./Middlewares/ST/STM32_USB_Device_Library/Class/CDC/Src/usbd_cdc.o
 *fill*         0x0000000024000126        0x2 
 .data.USBD_CDC
                0x0000000024000128       0x38 ./Middlewares/ST/STM32_USB_Device_Library/Class/CDC/Src/usbd_cdc.o
                0x0000000024000128                USBD_CDC
 .data.USBD_CDC_CfgDesc
                0x0000000024000160       0x43 ./Middlewares/ST/STM32_USB_Device_Library/Class/CDC/Src/usbd_cdc.o
 .data.CDCInEpAdd
                0x00000000240001a3        0x1 ./Middlewares/ST/STM32_USB_Device_Library/Class/CDC/Src/usbd_cdc.o
 .data.CDCOutEpAdd
                0x00000000240001a4        0x1 ./Middlewares/ST/STM32_USB_Device_Library/Class/CDC/Src/usbd_cdc.o
 .data.CDCCmdEpAdd
                0x00000000240001a5        0x1 ./Middlewares/ST/STM32_USB_Device_Library/Class/CDC/Src/usbd_cdc.o
 *fill*         0x00000000240001a6        0x2 
 .data.USBD_Interface_fops_HS
                0x00000000240001a8       0x14 ./USB_DEVICE/App/usbd_cdc_if.o
                0x00000000240001a8                USBD_Interface_fops_HS
 .data.HS_Desc  0x00000000240001bc       0x1c ./USB_DEVICE/App/usbd_desc.o
                0x00000000240001bc                HS_Desc
 .data.USBD_HS_DeviceDesc
                0x00000000240001d8       0x12 ./USB_DEVICE/App/usbd_desc.o
                0x00000000240001d8                USBD_HS_DeviceDesc
 *fill*         0x00000000240001ea        0x2 
 .data.USBD_LangIDDesc
                0x00000000240001ec        0x4 ./USB_DEVICE/App/usbd_desc.o
                0x00000000240001ec                USBD_LangIDDesc
 .data.USBD_StringSerial
                0x00000000240001f0       0x1a ./USB_DEVICE/App/usbd_desc.o
                0x00000000240001f0                USBD_StringSerial
 *fill*         0x000000002400020a        0x2 
 .data._impure_ptr
                0x000000002400020c        0x4 c:/st/stm32cubeide_1.12.0/stm32cubeide/plugins/com.st.stm32cube.ide.mcu.externaltools.gnu-tools-for-stm32.10.3-2021.10.win32_1.0.200.202301161003/tools/bin/../lib/gcc/arm-none-eabi/10.3.1/../../../../arm-none-eabi/lib/thumb/v7e-m+dp/hard\libc_nano.a(lib_a-impure.o)
                0x000000002400020c                _impure_ptr
 .data.impure_data
                0x0000000024000210       0x60 c:/st/stm32cubeide_1.12.0/stm32cubeide/plugins/com.st.stm32cube.ide.mcu.externaltools.gnu-tools-for-stm32.10.3-2021.10.win32_1.0.200.202301161003/tools/bin/../lib/gcc/arm-none-eabi/10.3.1/../../../../arm-none-eabi/lib/thumb/v7e-m+dp/hard\libc_nano.a(lib_a-impure.o)
 *(.RamFunc)
 *(.RamFunc*)
                0x0000000024000270                . = ALIGN (0x4)
                0x0000000024000270                _edata = .

.igot.plt       0x0000000024000270        0x0 load address 0x0000000008011628
 .igot.plt      0x0000000024000270        0x0 c:/st/stm32cubeide_1.12.0/stm32cubeide/plugins/com.st.stm32cube.ide.mcu.externaltools.gnu-tools-for-stm32.10.3-2021.10.win32_1.0.200.202301161003/tools/bin/../lib/gcc/arm-none-eabi/10.3.1/thumb/v7e-m+dp/hard/crtbegin.o
                0x0000000024000270                . = ALIGN (0x4)

.bss            0x0000000024000270     0x2794 load address 0x0000000008011628
                0x0000000024000270                _sbss = .
                0x0000000024000270                __bss_start__ = _sbss
 *(.bss)
 .bss           0x0000000024000270       0x1c c:/st/stm32cubeide_1.12.0/stm32cubeide/plugins/com.st.stm32cube.ide.mcu.externaltools.gnu-tools-for-stm32.10.3-2021.10.win32_1.0.200.202301161003/tools/bin/../lib/gcc/arm-none-eabi/10.3.1/thumb/v7e-m+dp/hard/crtbegin.o
 *(.bss*)
 .bss.hi2c1     0x000000002400028c       0x54 ./Core/Src/main.o
                0x000000002400028c                hi2c1
 .bss.hi2c2     0x00000000240002e0       0x54 ./Core/Src/main.o
                0x00000000240002e0                hi2c2
 .bss.hi2s1     0x0000000024000334       0x54 ./Core/Src/main.o
                0x0000000024000334                hi2s1
 .bss.hi2s2     0x0000000024000388       0x54 ./Core/Src/main.o
                0x0000000024000388                hi2s2
 .bss.hdma_spi1_rx
                0x00000000240003dc       0x78 ./Core/Src/main.o
                0x00000000240003dc                hdma_spi1_rx
 .bss.hdma_spi2_tx
                0x0000000024000454       0x78 ./Core/Src/main.o
                0x0000000024000454                hdma_spi2_tx
 .bss.inData    0x00000000240004cc      0x100 ./Core/Src/main.o
                0x00000000240004cc                inData
 .bss.outData   0x00000000240005cc      0x100 ./Core/Src/main.o
                0x00000000240005cc                outData
 .bss.process   0x00000000240006cc       0x80 ./Core/Src/main.o
                0x00000000240006cc                process
 .bss.output    0x000000002400074c       0x80 ./Core/Src/main.o
                0x000000002400074c                output
 .bss.inReady   0x00000000240007cc        0x1 ./Core/Src/main.o
                0x00000000240007cc                inReady
 .bss.outReady  0x00000000240007cd        0x1 ./Core/Src/main.o
                0x00000000240007cd                outReady
 *fill*         0x00000000240007ce        0x2 
 .bss.effectsData
                0x00000000240007d0      0x100 ./Core/Src/main.o
                0x00000000240007d0                effectsData
 .bss.usbDataBuffer
                0x00000000240008d0      0x100 ./Core/Src/main.o
                0x00000000240008d0                usbDataBuffer
 .bss.usbBytesReady
                0x00000000240009d0        0x4 ./Core/Src/main.o
                0x00000000240009d0                usbBytesReady
 .bss.generalInputN
                0x00000000240009d4        0x4 ./Core/Src/main.o
                0x00000000240009d4                generalInputN
 .bss.SSD1306_Buffer
                0x00000000240009d8      0x400 ./Core/Src/ssd1306.o
 .bss.SSD1306   0x0000000024000dd8        0x6 ./Core/Src/ssd1306.o
 *fill*         0x0000000024000dde        0x2 
 .bss.__sbrk_heap_end
                0x0000000024000de0        0x4 ./Core/Src/sysmem.o
 .bss.uwTick    0x0000000024000de4        0x4 ./Drivers/STM32H7xx_HAL_Driver/Src/stm32h7xx_hal.o
                0x0000000024000de4                uwTick
 .bss.cfgidx.0  0x0000000024000de8        0x1 ./Middlewares/ST/STM32_USB_Device_Library/Core/Src/usbd_ctlreq.o
 *fill*         0x0000000024000de9        0x3 
 .bss.hUsbDeviceHS
                0x0000000024000dec      0x2dc ./USB_DEVICE/App/usb_device.o
                0x0000000024000dec                hUsbDeviceHS
 .bss.UserRxBufferHS
                0x00000000240010c8      0x800 ./USB_DEVICE/App/usbd_cdc_if.o
                0x00000000240010c8                UserRxBufferHS
 .bss.UserTxBufferHS
                0x00000000240018c8      0x800 ./USB_DEVICE/App/usbd_cdc_if.o
                0x00000000240018c8                UserTxBufferHS
 .bss.USBD_StrDesc
                0x00000000240020c8      0x200 ./USB_DEVICE/App/usbd_desc.o
                0x00000000240020c8                USBD_StrDesc
 .bss.hpcd_USB_OTG_HS
                0x00000000240022c8      0x50c ./USB_DEVICE/Target/usbd_conf.o
                0x00000000240022c8                hpcd_USB_OTG_HS
 .bss.mem.0     0x00000000240027d4      0x220 ./USB_DEVICE/Target/usbd_conf.o
 .bss.__malloc_free_list
                0x00000000240029f4        0x4 c:/st/stm32cubeide_1.12.0/stm32cubeide/plugins/com.st.stm32cube.ide.mcu.externaltools.gnu-tools-for-stm32.10.3-2021.10.win32_1.0.200.202301161003/tools/bin/../lib/gcc/arm-none-eabi/10.3.1/../../../../arm-none-eabi/lib/thumb/v7e-m+dp/hard\libc_nano.a(lib_a-nano-mallocr.o)
                0x00000000240029f4                __malloc_free_list
 .bss.__malloc_sbrk_start
                0x00000000240029f8        0x4 c:/st/stm32cubeide_1.12.0/stm32cubeide/plugins/com.st.stm32cube.ide.mcu.externaltools.gnu-tools-for-stm32.10.3-2021.10.win32_1.0.200.202301161003/tools/bin/../lib/gcc/arm-none-eabi/10.3.1/../../../../arm-none-eabi/lib/thumb/v7e-m+dp/hard\libc_nano.a(lib_a-nano-mallocr.o)
                0x00000000240029f8                __malloc_sbrk_start
 .bss.errno     0x00000000240029fc        0x4 c:/st/stm32cubeide_1.12.0/stm32cubeide/plugins/com.st.stm32cube.ide.mcu.externaltools.gnu-tools-for-stm32.10.3-2021.10.win32_1.0.200.202301161003/tools/bin/../lib/gcc/arm-none-eabi/10.3.1/../../../../arm-none-eabi/lib/thumb/v7e-m+dp/hard\libc_nano.a(lib_a-reent.o)
                0x00000000240029fc                errno
 .bss.__lock___malloc_recursive_mutex
                0x0000000024002a00        0x1 c:/st/stm32cubeide_1.12.0/stm32cubeide/plugins/com.st.stm32cube.ide.mcu.externaltools.gnu-tools-for-stm32.10.3-2021.10.win32_1.0.200.202301161003/tools/bin/../lib/gcc/arm-none-eabi/10.3.1/../../../../arm-none-eabi/lib/thumb/v7e-m+dp/hard\libc_nano.a(lib_a-lock.o)
                0x0000000024002a00                __lock___malloc_recursive_mutex
 *(COMMON)
                0x0000000024002a04                . = ALIGN (0x4)
 *fill*         0x0000000024002a01        0x3 
                0x0000000024002a04                _ebss = .
                0x0000000024002a04                __bss_end__ = _ebss

._user_heap_stack
                0x0000000024002a04      0x604 load address 0x0000000008011628
                0x0000000024002a08                . = ALIGN (0x8)
 *fill*         0x0000000024002a04        0x4 
                [!provide]                        PROVIDE (end = .)
                0x0000000024002a08                PROVIDE (_end = .)
                0x0000000024002c08                . = (. + _Min_Heap_Size)
 *fill*         0x0000000024002a08      0x200 
                0x0000000024003008                . = (. + _Min_Stack_Size)
 *fill*         0x0000000024002c08      0x400 
                0x0000000024003008                . = ALIGN (0x8)

/DISCARD/
 libc.a(*)
 libm.a(*)
 libgcc.a(*)

.ARM.attributes
                0x0000000000000000       0x2e
 *(.ARM.attributes)
 .ARM.attributes
                0x0000000000000000       0x1e c:/st/stm32cubeide_1.12.0/stm32cubeide/plugins/com.st.stm32cube.ide.mcu.externaltools.gnu-tools-for-stm32.10.3-2021.10.win32_1.0.200.202301161003/tools/bin/../lib/gcc/arm-none-eabi/10.3.1/thumb/v7e-m+dp/hard/crti.o
 .ARM.attributes
                0x000000000000001e       0x32 c:/st/stm32cubeide_1.12.0/stm32cubeide/plugins/com.st.stm32cube.ide.mcu.externaltools.gnu-tools-for-stm32.10.3-2021.10.win32_1.0.200.202301161003/tools/bin/../lib/gcc/arm-none-eabi/10.3.1/thumb/v7e-m+dp/hard/crtbegin.o
 .ARM.attributes
                0x0000000000000050       0x32 ./Core/Src/fonts.o
 .ARM.attributes
                0x0000000000000082       0x32 ./Core/Src/main.o
 .ARM.attributes
                0x00000000000000b4       0x32 ./Core/Src/ssd1306.o
 .ARM.attributes
                0x00000000000000e6       0x32 ./Core/Src/stm32h7xx_hal_msp.o
 .ARM.attributes
                0x0000000000000118       0x32 ./Core/Src/stm32h7xx_it.o
 .ARM.attributes
                0x000000000000014a       0x32 ./Core/Src/sysmem.o
 .ARM.attributes
                0x000000000000017c       0x32 ./Core/Src/system_stm32h7xx.o
 .ARM.attributes
                0x00000000000001ae       0x21 ./Core/Startup/startup_stm32h723zgtx.o
 .ARM.attributes
                0x00000000000001cf       0x32 ./Drivers/STM32H7xx_HAL_Driver/Src/stm32h7xx_hal.o
 .ARM.attributes
                0x0000000000000201       0x32 ./Drivers/STM32H7xx_HAL_Driver/Src/stm32h7xx_hal_cortex.o
 .ARM.attributes
                0x0000000000000233       0x32 ./Drivers/STM32H7xx_HAL_Driver/Src/stm32h7xx_hal_dma.o
 .ARM.attributes
                0x0000000000000265       0x32 ./Drivers/STM32H7xx_HAL_Driver/Src/stm32h7xx_hal_gpio.o
 .ARM.attributes
                0x0000000000000297       0x32 ./Drivers/STM32H7xx_HAL_Driver/Src/stm32h7xx_hal_i2c.o
 .ARM.attributes
                0x00000000000002c9       0x32 ./Drivers/STM32H7xx_HAL_Driver/Src/stm32h7xx_hal_i2c_ex.o
 .ARM.attributes
                0x00000000000002fb       0x32 ./Drivers/STM32H7xx_HAL_Driver/Src/stm32h7xx_hal_i2s.o
 .ARM.attributes
                0x000000000000032d       0x32 ./Drivers/STM32H7xx_HAL_Driver/Src/stm32h7xx_hal_pcd.o