../Drivers/CMSIS/Include/core_cm7.h:2660:26:ITM_SendChar	16	static,ignoring_inline_asm
../Core/Src/main.c:183:6:crash	16	static
../Core/Src/main.c:193:6:checkForNull	16	static
../Core/Src/main.c:199:7:getReverbAttenuation	24	static
../Core/Src/main.c:204:6:loadEffects	248	static
../Core/Src/main.c:324:6:unloadEffects	248	static
../Core/Src/main.c:401:6:HAL_I2S_RxHalfCpltCallback	24	static
../Core/Src/main.c:407:6:HAL_I2S_TxHalfCpltCallback	24	static
../Core/Src/main.c:413:6:HAL_I2S_RxCpltCallback	24	static
../Core/Src/main.c:419:6:HAL_I2S_TxCpltCallback	24	static
../Core/Src/main.c:426:6:usbReceiveHandle	32	static
../Core/Src/main.c:450:7:loadSample	24	static
../Core/Src/main.c:457:6:saveSample	24	static
../Core/Src/main.c:464:7:dist	16	static
../Core/Src/main.c:474:7:softdist	16	static
../Core/Src/main.c:479:7:getPreviousSample	32	static
../Core/Src/main.c:491:7:interpolate	64	static
../Core/Src/main.c:509:7:vibrato	56	static
../Core/Src/main.c:515:7:chorus	64	static
../Core/Src/main.c:523:7:echo	56	static
../Core/Src/main.c:531:7:lowpass	24	static
../Core/Src/main.c:537:7:highpass	32	static
../Core/Src/main.c:544:7:tremolo	32	static
../Core/Src/main.c:548:7:rotary	32	static
../Core/Src/main.c:556:7:allPass	56	static
../Core/Src/main.c:564:7:reverb	40	static
../Core/Src/main.c:574:7:gain	16	static
../Core/Src/main.c:578:7:noiseSuppr	24	static
../Core/Src/main.c:590:7:fuzz	16	static
../Core/Src/main.c:601:6:applyEffects	352	static
../Core/Src/main.c:687:6:mainLoop	24	static
../Core/Src/main.c:708:5:main	32	static
../Core/Src/main.c:777:6:SystemClock_Config	120	static
../Core/Src/main.c:837:13:MX_I2C1_Init	8	static
../Core/Src/main.c:885:13:MX_I2C2_Init	8	static
../Core/Src/main.c:933:13:MX_I2S1_Init	8	static
../Core/Src/main.c:969:13:MX_I2S2_Init	8	static
../Core/Src/main.c:1003:13:MX_DMA_Init	16	static
../Core/Src/main.c:1024:13:MX_GPIO_Init	56	static
../Core/Src/main.c:1059:5:_write	32	static
../Core/Src/main.c:1077:6:Error_Handler	4	static,ignoring_inline_asm
