../Drivers/CMSIS/Include/core_cm7.h:2660:26:ITM_SendChar	16	static,ignoring_inline_asm
../Core/Src/main.c:183:6:crash	16	static
../Core/Src/main.c:193:6:checkForNull	16	static
../Core/Src/main.c:199:6:loadEffects	248	static
../Core/Src/main.c:323:6:unloadEffects	248	static
../Core/Src/main.c:400:6:HAL_I2S_RxHalfCpltCallback	24	static
../Core/Src/main.c:406:6:HAL_I2S_TxHalfCpltCallback	24	static
../Core/Src/main.c:412:6:HAL_I2S_RxCpltCallback	24	static
../Core/Src/main.c:418:6:HAL_I2S_TxCpltCallback	24	static
../Core/Src/main.c:425:6:usbReceiveHandle	32	static
../Core/Src/main.c:449:7:loadSample	24	static
../Core/Src/main.c:456:6:saveSample	24	static
../Core/Src/main.c:463:7:dist	16	static
../Core/Src/main.c:473:7:softdist	16	static
../Core/Src/main.c:478:7:getPreviousSample	32	static
../Core/Src/main.c:490:7:interpolate	64	static
../Core/Src/main.c:508:7:vibrato	56	static
../Core/Src/main.c:514:7:chorus	64	static
../Core/Src/main.c:522:7:echo	56	static
../Core/Src/main.c:530:7:lowpass	24	static
../Core/Src/main.c:536:7:highpass	32	static
../Core/Src/main.c:543:7:tremolo	32	static
../Core/Src/main.c:547:7:rotary	32	static
../Core/Src/main.c:555:7:allPass	56	static
../Core/Src/main.c:563:7:reverb	40	static
../Core/Src/main.c:573:7:gain	16	static
../Core/Src/main.c:577:7:noiseSuppr	24	static
../Core/Src/main.c:589:7:fuzz	16	static
../Core/Src/main.c:600:6:applyEffects	352	static
../Core/Src/main.c:686:6:mainLoop	24	static
../Core/Src/main.c:707:5:main	32	static
../Core/Src/main.c:776:6:SystemClock_Config	120	static
../Core/Src/main.c:836:13:MX_I2C1_Init	8	static
../Core/Src/main.c:884:13:MX_I2C2_Init	8	static
../Core/Src/main.c:932:13:MX_I2S1_Init	8	static
../Core/Src/main.c:968:13:MX_I2S2_Init	8	static
../Core/Src/main.c:1002:13:MX_DMA_Init	16	static
../Core/Src/main.c:1023:13:MX_GPIO_Init	56	static
../Core/Src/main.c:1058:5:_write	32	static
../Core/Src/main.c:1076:6:Error_Handler	4	static,ignoring_inline_asm
